../LWIP/Target/ethernetif.c:136:13:low_level_init	24	static
../LWIP/Target/ethernetif.c:231:14:low_level_output	80	static
../LWIP/Target/ethernetif.c:278:22:low_level_input	24	static
../LWIP/Target/ethernetif.c:299:6:ethernetif_input	24	static
../LWIP/Target/ethernetif.c:349:7:ethernetif_init	16	static
../LWIP/Target/ethernetif.c:400:6:pbuf_free_custom	24	static
../LWIP/Target/ethernetif.c:422:7:sys_now	8	static
../LWIP/Target/ethernetif.c:437:6:ethernet_link_check_state	16	static
../LWIP/Target/ethernetif.c:442:6:HAL_ETH_RxAllocateCallback	32	static
../LWIP/Target/ethernetif.c:464:6:HAL_ETH_RxLinkCallback	40	static
../LWIP/Target/ethernetif.c:501:6:HAL_ETH_TxFreeCallback	16	static
