Archive member included to satisfy reference by file (symbol)

c:/st/stm32cubeide_1.10.1/stm32cubeide/plugins/com.st.stm32cube.ide.mcu.externaltools.gnu-tools-for-stm32.10.3-2021.10.win32_1.0.0.202111181127/tools/bin/../lib/gcc/arm-none-eabi/10.3.1/../../../../arm-none-eabi/lib/thumb/v7e-m+fp/hard\libc_nano.a(lib_a-errno.o)
                              ./Core/Src/syscalls.o (__errno)
c:/st/stm32cubeide_1.10.1/stm32cubeide/plugins/com.st.stm32cube.ide.mcu.externaltools.gnu-tools-for-stm32.10.3-2021.10.win32_1.0.0.202111181127/tools/bin/../lib/gcc/arm-none-eabi/10.3.1/../../../../arm-none-eabi/lib/thumb/v7e-m+fp/hard\libc_nano.a(lib_a-exit.o)
                              c:/st/stm32cubeide_1.10.1/stm32cubeide/plugins/com.st.stm32cube.ide.mcu.externaltools.gnu-tools-for-stm32.10.3-2021.10.win32_1.0.0.202111181127/tools/bin/../lib/gcc/arm-none-eabi/10.3.1/../../../../arm-none-eabi/lib/thumb/v7e-m+fp/hard/crt0.o (exit)
c:/st/stm32cubeide_1.10.1/stm32cubeide/plugins/com.st.stm32cube.ide.mcu.externaltools.gnu-tools-for-stm32.10.3-2021.10.win32_1.0.0.202111181127/tools/bin/../lib/gcc/arm-none-eabi/10.3.1/../../../../arm-none-eabi/lib/thumb/v7e-m+fp/hard\libc_nano.a(lib_a-impure.o)
                              c:/st/stm32cubeide_1.10.1/stm32cubeide/plugins/com.st.stm32cube.ide.mcu.externaltools.gnu-tools-for-stm32.10.3-2021.10.win32_1.0.0.202111181127/tools/bin/../lib/gcc/arm-none-eabi/10.3.1/../../../../arm-none-eabi/lib/thumb/v7e-m+fp/hard\libc_nano.a(lib_a-exit.o) (_global_impure_ptr)
c:/st/stm32cubeide_1.10.1/stm32cubeide/plugins/com.st.stm32cube.ide.mcu.externaltools.gnu-tools-for-stm32.10.3-2021.10.win32_1.0.0.202111181127/tools/bin/../lib/gcc/arm-none-eabi/10.3.1/../../../../arm-none-eabi/lib/thumb/v7e-m+fp/hard\libc_nano.a(lib_a-init.o)
                              c:/st/stm32cubeide_1.10.1/stm32cubeide/plugins/com.st.stm32cube.ide.mcu.externaltools.gnu-tools-for-stm32.10.3-2021.10.win32_1.0.0.202111181127/tools/bin/../lib/gcc/arm-none-eabi/10.3.1/../../../../arm-none-eabi/lib/thumb/v7e-m+fp/hard/crt0.o (__libc_init_array)
c:/st/stm32cubeide_1.10.1/stm32cubeide/plugins/com.st.stm32cube.ide.mcu.externaltools.gnu-tools-for-stm32.10.3-2021.10.win32_1.0.0.202111181127/tools/bin/../lib/gcc/arm-none-eabi/10.3.1/../../../../arm-none-eabi/lib/thumb/v7e-m+fp/hard\libc_nano.a(lib_a-memset.o)
                              c:/st/stm32cubeide_1.10.1/stm32cubeide/plugins/com.st.stm32cube.ide.mcu.externaltools.gnu-tools-for-stm32.10.3-2021.10.win32_1.0.0.202111181127/tools/bin/../lib/gcc/arm-none-eabi/10.3.1/../../../../arm-none-eabi/lib/thumb/v7e-m+fp/hard/crt0.o (memset)
c:/st/stm32cubeide_1.10.1/stm32cubeide/plugins/com.st.stm32cube.ide.mcu.externaltools.gnu-tools-for-stm32.10.3-2021.10.win32_1.0.0.202111181127/tools/bin/../lib/gcc/arm-none-eabi/10.3.1/../../../../arm-none-eabi/lib/thumb/v7e-m+fp/hard\libc_nano.a(lib_a-sprintf.o)
                              ./Core/Src/main.o (sprintf)
c:/st/stm32cubeide_1.10.1/stm32cubeide/plugins/com.st.stm32cube.ide.mcu.externaltools.gnu-tools-for-stm32.10.3-2021.10.win32_1.0.0.202111181127/tools/bin/../lib/gcc/arm-none-eabi/10.3.1/../../../../arm-none-eabi/lib/thumb/v7e-m+fp/hard\libc_nano.a(lib_a-nano-svfprintf.o)
                              c:/st/stm32cubeide_1.10.1/stm32cubeide/plugins/com.st.stm32cube.ide.mcu.externaltools.gnu-tools-for-stm32.10.3-2021.10.win32_1.0.0.202111181127/tools/bin/../lib/gcc/arm-none-eabi/10.3.1/../../../../arm-none-eabi/lib/thumb/v7e-m+fp/hard\libc_nano.a(lib_a-sprintf.o) (_svfprintf_r)
c:/st/stm32cubeide_1.10.1/stm32cubeide/plugins/com.st.stm32cube.ide.mcu.externaltools.gnu-tools-for-stm32.10.3-2021.10.win32_1.0.0.202111181127/tools/bin/../lib/gcc/arm-none-eabi/10.3.1/../../../../arm-none-eabi/lib/thumb/v7e-m+fp/hard\libc_nano.a(lib_a-nano-vfprintf_i.o)
                              c:/st/stm32cubeide_1.10.1/stm32cubeide/plugins/com.st.stm32cube.ide.mcu.externaltools.gnu-tools-for-stm32.10.3-2021.10.win32_1.0.0.202111181127/tools/bin/../lib/gcc/arm-none-eabi/10.3.1/../../../../arm-none-eabi/lib/thumb/v7e-m+fp/hard\libc_nano.a(lib_a-nano-svfprintf.o) (_printf_i)
c:/st/stm32cubeide_1.10.1/stm32cubeide/plugins/com.st.stm32cube.ide.mcu.externaltools.gnu-tools-for-stm32.10.3-2021.10.win32_1.0.0.202111181127/tools/bin/../lib/gcc/arm-none-eabi/10.3.1/../../../../arm-none-eabi/lib/thumb/v7e-m+fp/hard\libc_nano.a(lib_a-memchr.o)
                              c:/st/stm32cubeide_1.10.1/stm32cubeide/plugins/com.st.stm32cube.ide.mcu.externaltools.gnu-tools-for-stm32.10.3-2021.10.win32_1.0.0.202111181127/tools/bin/../lib/gcc/arm-none-eabi/10.3.1/../../../../arm-none-eabi/lib/thumb/v7e-m+fp/hard\libc_nano.a(lib_a-nano-svfprintf.o) (memchr)
c:/st/stm32cubeide_1.10.1/stm32cubeide/plugins/com.st.stm32cube.ide.mcu.externaltools.gnu-tools-for-stm32.10.3-2021.10.win32_1.0.0.202111181127/tools/bin/../lib/gcc/arm-none-eabi/10.3.1/../../../../arm-none-eabi/lib/thumb/v7e-m+fp/hard\libc_nano.a(lib_a-memcpy-stub.o)
[...]
Memory Configuration

Name             Origin             Length             Attributes
CCMRAM           0x0000000010000000 0x0000000000010000 xrw
RAM              0x0000000020000000 0x0000000000020000 xrw
FLASH            0x0000000008000000 0x0000000000080000 xr
*default*        0x0000000000000000 0xffffffffffffffff

Linker script and memory map

LOAD c:/st/stm32cubeide_1.10.1/stm32cubeide/plugins/com.st.stm32cube.ide.mcu.externaltools.gnu-tools-for-stm32.10.3-2021.10.win32_1.0.0.202111181127/tools/bin/../lib/gcc/arm-none-eabi/10.3.1/thumb/v7e-m+fp/hard/crti.o
LOAD c:/st/stm32cubeide_1.10.1/stm32cubeide/plugins/com.st.stm32cube.ide.mcu.externaltools.gnu-tools-for-stm32.10.3-2021.10.win32_1.0.0.202111181127/tools/bin/../lib/gcc/arm-none-eabi/10.3.1/thumb/v7e-m+fp/hard/crtbegin.o
LOAD c:/st/stm32cubeide_1.10.1/stm32cubeide/plugins/com.st.stm32cube.ide.mcu.externaltools.gnu-tools-for-stm32.10.3-2021.10.win32_1.0.0.202111181127/tools/bin/../lib/gcc/arm-none-eabi/10.3.1/../../../../arm-none-eabi/lib/thumb/v7e-m+fp/hard/crt0.o
LOAD ./Core/Src/7SEG.o
LOAD ./Core/Src/CLCD.o
LOAD ./Core/Src/VS1003.o
LOAD ./Core/Src/adc.o
LOAD ./Core/Src/dma.o
LOAD ./Core/Src/gpio.o
LOAD ./Core/Src/i2c.o
LOAD ./Core/Src/main.o
LOAD ./Core/Src/sdio.o
LOAD ./Core/Src/spi.o
LOAD ./Core/Src/stm32f4xx_hal_msp.o
LOAD ./Core/Src/stm32f4xx_it.o
LOAD ./Core/Src/syscalls.o
LOAD ./Core/Src/sysmem.o
LOAD ./Core/Src/system_stm32f4xx.o
LOAD ./Core/Src/tim.o
LOAD ./Core/Src/usart.o
LOAD ./Core/Startup/startup_stm32f407vetx.o
LOAD ./Drivers/STM32F4xx_HAL_Driver/Src/stm32f4xx_hal.o
LOAD ./Drivers/STM32F4xx_HAL_Driver/Src/stm32f4xx_hal_adc.o
LOAD ./Drivers/STM32F4xx_HAL_Driver/Src/stm32f4xx_hal_adc_ex.o
LOAD ./Drivers/STM32F4xx_HAL_Driver/Src/stm32f4xx_hal_cortex.o
LOAD ./Drivers/STM32F4xx_HAL_Driver/Src/stm32f4xx_hal_dma.o
LOAD ./Drivers/STM32F4xx_HAL_Driver/Src/stm32f4xx_hal_dma_ex.o
LOAD ./Drivers/STM32F4xx_HAL_Driver/Src/stm32f4xx_hal_exti.o
LOAD ./Drivers/STM32F4xx_HAL_Driver/Src/stm32f4xx_hal_flash.o
LOAD ./Drivers/STM32F4xx_HAL_Driver/Src/stm32f4xx_hal_flash_ex.o
LOAD ./Drivers/STM32F4xx_HAL_Driver/Src/stm32f4xx_hal_flash_ramfunc.o
LOAD ./Drivers/STM32F4xx_HAL_Driver/Src/stm32f4xx_hal_gpio.o
LOAD ./Drivers/STM32F4xx_HAL_Driver/Src/stm32f4xx_hal_i2c.o
LOAD ./Drivers/STM32F4xx_HAL_Driver/Src/stm32f4xx_hal_i2c_ex.o
LOAD ./Drivers/STM32F4xx_HAL_Driver/Src/stm32f4xx_hal_pwr.o
LOAD ./Drivers/STM32F4xx_HAL_Driver/Src/stm32f4xx_hal_pwr_ex.o
LOAD ./Drivers/STM32F4xx_HAL_Driver/Src/stm32f4xx_hal_rcc.o
LOAD ./Drivers/STM32F4xx_HAL_Driver/Src/stm32f4xx_hal_rcc_ex.o
LOAD ./Drivers/STM32F4xx_HAL_Driver/Src/stm32f4xx_hal_sd.o
LOAD ./Drivers/STM32F4xx_HAL_Driver/Src/stm32f4xx_hal_spi.o
LOAD ./Drivers/STM32F4xx_HAL_Driver/Src/stm32f4xx_hal_tim.o
LOAD ./Drivers/STM32F4xx_HAL_Driver/Src/stm32f4xx_hal_tim_ex.o
LOAD ./Drivers/STM32F4xx_HAL_Driver/Src/stm32f4xx_hal_uart.o
LOAD ./Drivers/STM32F4xx_HAL_Driver/Src/stm32f4xx_ll_adc.o
LOAD ./Drivers/STM32F4xx_HAL_Driver/Src/stm32f4xx_ll_sdmmc.o
LOAD ./FATFS/App/fatfs.o
LOAD ./FATFS/Target/bsp_driver_sd.o
LOAD ./FATFS/Target/sd_diskio.o
LOAD ./Middlewares/Third_Party/FatFs/src/diskio.o
LOAD ./Middlewares/Third_Party/FatFs/src/ff.o
LOAD ./Middlewares/Third_Party/FatFs/src/ff_gen_drv.o
LOAD ./Middlewares/Third_Party/FatFs/src/option/ccsbcs.o
LOAD ./Middlewares/Third_Party/FatFs/src/option/syscall.o
START GROUP
LOAD c:/st/stm32cubeide_1.10.1/stm32cubeide/plugins/com.st.stm32cube.ide.mcu.externaltools.gnu-tools-for-stm32.10.3-2021.10.win32_1.0.0.202111181127/tools/bin/../lib/gcc/arm-none-eabi/10.3.1/../../../../arm-none-eabi/lib/thumb/v7e-m+fp/hard\libc_nano.a
LOAD c:/st/stm32cubeide_1.10.1/stm32cubeide/plugins/com.st.stm32cube.ide.mcu.externaltools.gnu-tools-for-stm32.10.3-2021.10.win32_1.0.0.202111181127/tools/bin/../lib/gcc/arm-none-eabi/10.3.1/../../../../arm-none-eabi/lib/thumb/v7e-m+fp/hard\libm.a
END GROUP
START GROUP
LOAD c:/st/stm32cubeide_1.10.1/stm32cubeide/plugins/com.st.stm32cube.ide.mcu.externaltools.gnu-tools-for-stm32.10.3-2021.10.win32_1.0.0.202111181127/tools/bin/../lib/gcc/arm-none-eabi/10.3.1/thumb/v7e-m+fp/hard\libgcc.a
LOAD c:/st/stm32cubeide_1.10.1/stm32cubeide/plugins/com.st.stm32cube.ide.mcu.externaltools.gnu-tools-for-stm32.10.3-2021.10.win32_1.0.0.202111181127/tools/bin/../lib/gcc/arm-none-eabi/10.3.1/../../../../arm-none-eabi/lib/thumb/v7e-m+fp/hard\libc_nano.a
END GROUP
START GROUP
LOAD c:/st/stm32cubeide_1.10.1/stm32cubeide/plugins/com.st.stm32cube.ide.mcu.externaltools.gnu-tools-for-stm32.10.3-2021.10.win32_1.0.0.202111181127/tools/bin/../lib/gcc/arm-none-eabi/10.3.1/thumb/v7e-m+fp/hard\libgcc.a
LOAD c:/st/stm32cubeide_1.10.1/stm32cubeide/plugins/com.st.stm32cube.ide.mcu.externaltools.gnu-tools-for-stm32.10.3-2021.10.win32_1.0.0.202111181127/tools/bin/../lib/gcc/arm-none-eabi/10.3.1/../../../../arm-none-eabi/lib/thumb/v7e-m+fp/hard\libc_nano.a
LOAD c:/st/stm32cubeide_1.10.1/stm32cubeide/plugins/com.st.stm32cube.ide.mcu.externaltools.gnu-tools-for-stm32.10.3-2021.10.win32_1.0.0.202111181127/tools/bin/../lib/gcc/arm-none-eabi/10.3.1/../../../../arm-none-eabi/lib/thumb/v7e-m+fp/hard\libnosys.a
END GROUP
START GROUP
LOAD c:/st/stm32cubeide_1.10.1/stm32cubeide/plugins/com.st.stm32cube.ide.mcu.externaltools.gnu-tools-for-stm32.10.3-2021.10.win32_1.0.0.202111181127/tools/bin/../lib/gcc/arm-none-eabi/10.3.1/thumb/v7e-m+fp/hard\libgcc.a
LOAD c:/st/stm32cubeide_1.10.1/stm32cubeide/plugins/com.st.stm32cube.ide.mcu.externaltools.gnu-tools-for-stm32.10.3-2021.10.win32_1.0.0.202111181127/tools/bin/../lib/gcc/arm-none-eabi/10.3.1/../../../../arm-none-eabi/lib/thumb/v7e-m+fp/hard\libc_nano.a
LOAD c:/st/stm32cubeide_1.10.1/stm32cubeide/plugins/com.st.stm32cube.ide.mcu.externaltools.gnu-tools-for-stm32.10.3-2021.10.win32_1.0.0.202111181127/tools/bin/../lib/gcc/arm-none-eabi/10.3.1/../../../../arm-none-eabi/lib/thumb/v7e-m+fp/hard\libnosys.a
END GROUP
LOAD c:/st/stm32cubeide_1.10.1/stm32cubeide/plugins/com.st.stm32cube.ide.mcu.externaltools.gnu-tools-for-stm32.10.3-2021.10.win32_1.0.0.202111181127/tools/bin/../lib/gcc/arm-none-eabi/10.3.1/thumb/v7e-m+fp/hard/crtend.o
LOAD c:/st/stm32cubeide_1.10.1/stm32cubeide/plugins/com.st.stm32cube.ide.mcu.externaltools.gnu-tools-for-stm32.10.3-2021.10.win32_1.0.0.202111181127/tools/bin/../lib/gcc/arm-none-eabi/10.3.1/thumb/v7e-m+fp/hard/crtn.o
                0x0000000020020000                _estack = (ORIGIN (RAM) + LENGTH (RAM))
                0x0000000000000200                _Min_Heap_Size = 0x200
                0x0000000000000400                _Min_Stack_Size = 0x400

.isr_vector     0x0000000008000000      0x188
                0x0000000008000000                . = ALIGN (0x4)
 *(.isr_vector)
 .isr_vector    0x0000000008000000      0x188 ./Core/Startup/startup_stm32f407vetx.o
                0x0000000008000000                g_pfnVectors
                0x0000000008000188                . = ALIGN (0x4)

.text           0x0000000008000190     0xb8b8
                0x0000000008000190                . = ALIGN (0x4)
 *(.text)
 .text          0x0000000008000190       0x40 c:/st/stm32cubeide_1.10.1/stm32cubeide/plugins/com.st.stm32cube.ide.mcu.externaltools.gnu-tools-for-stm32.10.3-2021.10.win32_1.0.0.202111181127/tools/bin/../lib/gcc/arm-none-eabi/10.3.1/thumb/v7e-m+fp/hard/crtbegin.o
 .text          0x00000000080001d0       0xa0 c:/st/stm32cubeide_1.10.1/stm32cubeide/plugins/com.st.stm32cube.ide.mcu.externaltools.gnu-tools-for-stm32.10.3-2021.10.win32_1.0.0.202111181127/tools/bin/../lib/gcc/arm-none-eabi/10.3.1/../../../../arm-none-eabi/lib/thumb/v7e-m+fp/hard\libc_nano.a(lib_a-memchr.o)
                0x00000000080001d0                memchr
 .text          0x0000000008000270       0x30 c:/st/stm32cubeide_1.10.1/stm32cubeide/plugins/com.st.stm32cube.ide.mcu.externaltools.gnu-tools-for-stm32.10.3-2021.10.win32_1.0.0.202111181127/tools/bin/../lib/gcc/arm-none-eabi/10.3.1/thumb/v7e-m+fp/hard\libgcc.a(_aeabi_uldivmod.o)
                0x0000000008000270                __aeabi_uldivmod
 .text          0x00000000080002a0      0x2d0 c:/st/stm32cubeide_1.10.1/stm32cubeide/plugins/com.st.stm32cube.ide.mcu.externaltools.gnu-tools-for-stm32.10.3-2021.10.win32_1.0.0.202111181127/tools/bin/../lib/gcc/arm-none-eabi/10.3.1/thumb/v7e-m+fp/hard\libgcc.a(_udivmoddi4.o)
                0x00000000080002a0                __udivmoddi4
 .text          0x0000000008000570        0x4 c:/st/stm32cubeide_1.10.1/stm32cubeide/plugins/com.st.stm32cube.ide.mcu.externaltools.gnu-tools-for-stm32.10.3-2021.10.win32_1.0.0.202111181127/tools/bin/../lib/gcc/arm-none-eabi/10.3.1/thumb/v7e-m+fp/hard\libgcc.a(_dvmd_tls.o)
                0x0000000008000570                __aeabi_idiv0
                0x0000000008000570                __aeabi_ldiv0
 *(.text*)
 .text._7SEG_GPIO_Init
                0x0000000008000574      0x1cc ./Core/Src/7SEG.o
                0x0000000008000574                _7SEG_GPIO_Init
 .text._7SEG_SetNumber
                0x0000000008000740      0x7c4 ./Core/Src/7SEG.o
                0x0000000008000740                _7SEG_SetNumber
 .text.CLCD_Write_Instruction
                0x0000000008000f04      0x194 ./Core/Src/CLCD.o
                0x0000000008000f04                CLCD_Write_Instruction
 .text.CLCD_Write_Display
                0x0000000008001098      0x194 ./Core/Src/CLCD.o
                0x0000000008001098                CLCD_Write_Display
 .text.CLCD_Gotoxy
                0x000000000800122c       0x40 ./Core/Src/CLCD.o
                0x000000000800122c                CLCD_Gotoxy
 .text.CLCD_Puts
                0x000000000800126c       0x4a ./Core/Src/CLCD.o
                0x000000000800126c                CLCD_Puts
 *fill*         0x00000000080012b6        0x2 
 .text.VS1003_SPI_Init
                0x00000000080012b8       0x94 ./Core/Src/VS1003.o
                0x00000000080012b8                VS1003_SPI_Init
 .text.VS1003_Init
                0x000000000800134c      0x11c ./Core/Src/VS1003.o
                0x000000000800134c                VS1003_Init
 .text.VS1003_SPI_SetSpeed
                0x0000000008001468       0x84 ./Core/Src/VS1003.o
 .text.VS1003_SPI_ReadWriteByte
                0x00000000080014ec       0x2c ./Core/Src/VS1003.o
 .text.VS1003_WriteReg
                0x0000000008001518       0x88 ./Core/Src/VS1003.o
                0x0000000008001518                VS1003_WriteReg
 .text.VS1003_ReadReg
                0x00000000080015a0       0x90 ./Core/Src/VS1003.o
                0x00000000080015a0                VS1003_ReadReg
 .text.VS1003_ResetDecodeTime
                0x0000000008001630       0x18 ./Core/Src/VS1003.o
                0x0000000008001630                VS1003_ResetDecodeTime
 .text.VS1003_SoftReset
                0x0000000008001648      0x10c ./Core/Src/VS1003.o
                0x0000000008001648                VS1003_SoftReset
 .text.MX_ADC1_Init
                0x0000000008001754       0xfc ./Core/Src/adc.o
                0x0000000008001754                MX_ADC1_Init
 .text.HAL_ADC_MspInit
                0x0000000008001850      0x128 ./Core/Src/adc.o
                0x0000000008001850                HAL_ADC_MspInit
 .text.MX_DMA_Init
                0x0000000008001978       0x60 ./Core/Src/dma.o
                0x0000000008001978                MX_DMA_Init
 .text.MX_GPIO_Init
                0x00000000080019d8      0x1d8 ./Core/Src/gpio.o
                0x00000000080019d8                MX_GPIO_Init
 .text.MX_I2C1_Init
                0x0000000008001bb0       0x5c ./Core/Src/i2c.o
                0x0000000008001bb0                MX_I2C1_Init
 .text.HAL_I2C_MspInit
                0x0000000008001c0c       0x90 ./Core/Src/i2c.o
                0x0000000008001c0c                HAL_I2C_MspInit
 .text.main     0x0000000008001c9c      0x268 ./Core/Src/main.o
                0x0000000008001c9c                main
 .text.SystemClock_Config
                0x0000000008001f04       0xd4 ./Core/Src/main.o
                0x0000000008001f04                SystemClock_Config
 .text.MX_NVIC_Init
                0x0000000008001fd8       0x28 ./Core/Src/main.o
 .text.HAL_UART_RxCpltCallback
                0x0000000008002000       0x3c ./Core/Src/main.o
                0x0000000008002000                HAL_UART_RxCpltCallback
 .text.HAL_TIM_PeriodElapsedCallback
                0x000000000800203c       0x34 ./Core/Src/main.o
                0x000000000800203c                HAL_TIM_PeriodElapsedCallback
 .text.HAL_GPIO_EXTI_Callback
                0x0000000008002070       0x5c ./Core/Src/main.o
                0x0000000008002070                HAL_GPIO_EXTI_Callback
 .text.Error_Handler
                0x00000000080020cc        0xa ./Core/Src/main.o
                0x00000000080020cc                Error_Handler
 *fill*         0x00000000080020d6        0x2 
 .text.MX_SDIO_SD_Init
                0x00000000080020d8       0x40 ./Core/Src/sdio.o
                0x00000000080020d8                MX_SDIO_SD_Init
 .text.HAL_SD_MspInit
                0x0000000008002118      0x1e0 ./Core/Src/sdio.o
                0x0000000008002118                HAL_SD_MspInit
 .text.MX_SPI2_Init
                0x00000000080022f8       0x6c ./Core/Src/spi.o
                0x00000000080022f8                MX_SPI2_Init
 .text.HAL_SPI_MspInit
                0x0000000008002364       0x90 ./Core/Src/spi.o
                0x0000000008002364                HAL_SPI_MspInit
 .text.HAL_MspInit
                0x00000000080023f4       0x50 ./Core/Src/stm32f4xx_hal_msp.o
                0x00000000080023f4                HAL_MspInit
 .text.NMI_Handler
                0x0000000008002444        0x6 ./Core/Src/stm32f4xx_it.o
                0x0000000008002444                NMI_Handler
 .text.HardFault_Handler
                0x000000000800244a        0x6 ./Core/Src/stm32f4xx_it.o
                0x000000000800244a                HardFault_Handler
 .text.MemManage_Handler
                0x0000000008002450        0x6 ./Core/Src/stm32f4xx_it.o
                0x0000000008002450                MemManage_Handler
 .text.BusFault_Handler
                0x0000000008002456        0x6 ./Core/Src/stm32f4xx_it.o
                0x0000000008002456                BusFault_Handler
 .text.UsageFault_Handler
                0x000000000800245c        0x6 ./Core/Src/stm32f4xx_it.o
                0x000000000800245c                UsageFault_Handler
 .text.SVC_Handler
                0x0000000008002462        0xe ./Core/Src/stm32f4xx_it.o
                0x0000000008002462                SVC_Handler
 .text.DebugMon_Handler
                0x0000000008002470        0xe ./Core/Src/stm32f4xx_it.o
                0x0000000008002470                DebugMon_Handler
 .text.PendSV_Handler
                0x000000000800247e        0xe ./Core/Src/stm32f4xx_it.o
                0x000000000800247e                PendSV_Handler
 .text.SysTick_Handler
                0x000000000800248c        0xc ./Core/Src/stm32f4xx_it.o
                0x000000000800248c                SysTick_Handler
 .text.EXTI3_IRQHandler
                0x0000000008002498        0xe ./Core/Src/stm32f4xx_it.o
                0x0000000008002498                EXTI3_IRQHandler
 .text.EXTI4_IRQHandler
                0x00000000080024a6        0xe ./Core/Src/stm32f4xx_it.o
                0x00000000080024a6                EXTI4_IRQHandler
 .text.USART3_IRQHandler
                0x00000000080024b4       0x14 ./Core/Src/stm32f4xx_it.o
                0x00000000080024b4                USART3_IRQHandler
 .text.EXTI15_10_IRQHandler
                0x00000000080024c8       0x18 ./Core/Src/stm32f4xx_it.o
                0x00000000080024c8                EXTI15_10_IRQHandler
 .text.SDIO_IRQHandler
                0x00000000080024e0       0x14 ./Core/Src/stm32f4xx_it.o
                0x00000000080024e0                SDIO_IRQHandler
 .text.TIM7_IRQHandler
                0x00000000080024f4       0x14 ./Core/Src/stm32f4xx_it.o
                0x00000000080024f4                TIM7_IRQHandler
 .text.DMA2_Stream0_IRQHandler
                0x0000000008002508       0x14 ./Core/Src/stm32f4xx_it.o
                0x0000000008002508                DMA2_Stream0_IRQHandler
 .text.DMA2_Stream3_IRQHandler
                0x000000000800251c       0x14 ./Core/Src/stm32f4xx_it.o
                0x000000000800251c                DMA2_Stream3_IRQHandler
 .text.DMA2_Stream6_IRQHandler
                0x0000000008002530       0x14 ./Core/Src/stm32f4xx_it.o
                0x0000000008002530                DMA2_Stream6_IRQHandler
 .text._sbrk    0x0000000008002544       0x6c ./Core/Src/sysmem.o
                0x0000000008002544                _sbrk
 .text.SystemInit
                0x00000000080025b0       0x24 ./Core/Src/system_stm32f4xx.o
                0x00000000080025b0                SystemInit
 .text.MX_TIM2_Init
                0x00000000080025d4       0xec ./Core/Src/tim.o
                0x00000000080025d4                MX_TIM2_Init
 .text.MX_TIM3_Init
                0x00000000080026c0      0x128 ./Core/Src/tim.o
                0x00000000080026c0                MX_TIM3_Init
 .text.MX_TIM4_Init
                0x00000000080027e8      0x128 ./Core/Src/tim.o
                0x00000000080027e8                MX_TIM4_Init
 .text.MX_TIM5_Init
                0x0000000008002910      0x11c ./Core/Src/tim.o
                0x0000000008002910                MX_TIM5_Init
 .text.MX_TIM7_Init
                0x0000000008002a2c       0x6c ./Core/Src/tim.o
                0x0000000008002a2c                MX_TIM7_Init
 .text.MX_TIM10_Init
                0x0000000008002a98       0x9c ./Core/Src/tim.o
                0x0000000008002a98                MX_TIM10_Init
 .text.HAL_TIM_Base_MspInit
                0x0000000008002b34      0x11c ./Core/Src/tim.o
                0x0000000008002b34                HAL_TIM_Base_MspInit
 .text.HAL_TIM_MspPostInit
                0x0000000008002c50      0x1ec ./Core/Src/tim.o
                0x0000000008002c50                HAL_TIM_MspPostInit
 .text.MX_USART3_UART_Init
                0x0000000008002e3c       0x54 ./Core/Src/usart.o
                0x0000000008002e3c                MX_USART3_UART_Init
 .text.HAL_UART_MspInit
                0x0000000008002e90       0x90 ./Core/Src/usart.o
                0x0000000008002e90                HAL_UART_MspInit
 .text.Reset_Handler
                0x0000000008002f20       0x50 ./Core/Startup/startup_stm32f407vetx.o
                0x0000000008002f20                Reset_Handler
 .text.Default_Handler
                0x0000000008002f70        0x2 ./Core/Startup/startup_stm32f407vetx.o
                0x0000000008002f70                RTC_Alarm_IRQHandler
                0x0000000008002f70                HASH_RNG_IRQHandler
                0x0000000008002f70                EXTI2_IRQHandler
                0x0000000008002f70                TIM8_CC_IRQHandler
                0x0000000008002f70                TIM1_CC_IRQHandler
                0x0000000008002f70                DMA2_Stream5_IRQHandler
                0x0000000008002f70                DMA1_Stream5_IRQHandler
                0x0000000008002f70                PVD_IRQHandler
                0x0000000008002f70                TAMP_STAMP_IRQHandler
                0x0000000008002f70                CAN2_RX1_IRQHandler
                0x0000000008002f70                TIM8_TRG_COM_TIM14_IRQHandler
                0x0000000008002f70                TIM1_UP_TIM10_IRQHandler
                0x0000000008002f70                TIM8_UP_TIM13_IRQHandler
                0x0000000008002f70                I2C3_ER_IRQHandler
                0x0000000008002f70                EXTI0_IRQHandler
                0x0000000008002f70                I2C2_EV_IRQHandler
                0x0000000008002f70                DMA1_Stream2_IRQHandler
                0x0000000008002f70                CAN1_RX0_IRQHandler
                0x0000000008002f70                FPU_IRQHandler
                0x0000000008002f70                OTG_HS_WKUP_IRQHandler
                0x0000000008002f70                CAN2_SCE_IRQHandler
                0x0000000008002f70                DMA2_Stream2_IRQHandler
                0x0000000008002f70                SPI1_IRQHandler
                0x0000000008002f70                TIM6_DAC_IRQHandler
                0x0000000008002f70                TIM1_BRK_TIM9_IRQHandler
                0x0000000008002f70                DCMI_IRQHandler
                0x0000000008002f70                CAN2_RX0_IRQHandler
                0x0000000008002f70                USART6_IRQHandler
                0x0000000008002f70                CAN1_RX1_IRQHandler
                0x0000000008002f70                UART5_IRQHandler
                0x0000000008002f70                TIM4_IRQHandler
                0x0000000008002f70                I2C1_EV_IRQHandler
                0x0000000008002f70                DMA1_Stream6_IRQHandler
                0x0000000008002f70                DMA1_Stream1_IRQHandler
                0x0000000008002f70                UART4_IRQHandler
                0x0000000008002f70                TIM3_IRQHandler
                0x0000000008002f70                RCC_IRQHandler
                0x0000000008002f70                TIM8_BRK_TIM12_IRQHandler
                0x0000000008002f70                Default_Handler
                0x0000000008002f70                ADC_IRQHandler
                0x0000000008002f70                DMA1_Stream7_IRQHandler
                0x0000000008002f70                CAN2_TX_IRQHandler
                0x0000000008002f70                TIM5_IRQHandler
                0x0000000008002f70                DMA2_Stream7_IRQHandler
                0x0000000008002f70                I2C3_EV_IRQHandler
                0x0000000008002f70                EXTI9_5_IRQHandler
                0x0000000008002f70                RTC_WKUP_IRQHandler
                0x0000000008002f70                ETH_WKUP_IRQHandler
                0x0000000008002f70                SPI2_IRQHandler
                0x0000000008002f70                OTG_HS_EP1_IN_IRQHandler
                0x0000000008002f70                DMA1_Stream0_IRQHandler
                0x0000000008002f70                CAN1_TX_IRQHandler
                0x0000000008002f70                FSMC_IRQHandler
                0x0000000008002f70                ETH_IRQHandler
                0x0000000008002f70                OTG_HS_EP1_OUT_IRQHandler
                0x0000000008002f70                WWDG_IRQHandler
                0x0000000008002f70                TIM2_IRQHandler
                0x0000000008002f70                OTG_FS_WKUP_IRQHandler
                0x0000000008002f70                TIM1_TRG_COM_TIM11_IRQHandler
                0x0000000008002f70                OTG_HS_IRQHandler
                0x0000000008002f70                EXTI1_IRQHandler
                0x0000000008002f70                USART2_IRQHandler
                0x0000000008002f70                I2C2_ER_IRQHandler
                0x0000000008002f70                DMA2_Stream1_IRQHandler
                0x0000000008002f70                CAN1_SCE_IRQHandler
                0x0000000008002f70                FLASH_IRQHandler
                0x0000000008002f70                DMA2_Stream4_IRQHandler
                0x0000000008002f70                USART1_IRQHandler
                0x0000000008002f70                OTG_FS_IRQHandler
                0x0000000008002f70                SPI3_IRQHandler
                0x0000000008002f70                DMA1_Stream4_IRQHandler
                0x0000000008002f70                I2C1_ER_IRQHandler
                0x0000000008002f70                DMA1_Stream3_IRQHandler
 *fill*         0x0000000008002f72        0x2 
 .text.HAL_Init
                0x0000000008002f74       0x44 ./Drivers/STM32F4xx_HAL_Driver/Src/stm32f4xx_hal.o
                0x0000000008002f74                HAL_Init
 .text.HAL_InitTick
                0x0000000008002fb8       0x60 ./Drivers/STM32F4xx_HAL_Driver/Src/stm32f4xx_hal.o
                0x0000000008002fb8                HAL_InitTick
 .text.HAL_IncTick
                0x0000000008003018       0x28 ./Drivers/STM32F4xx_HAL_Driver/Src/stm32f4xx_hal.o
                0x0000000008003018                HAL_IncTick
 .text.HAL_GetTick
                0x0000000008003040       0x18 ./Drivers/STM32F4xx_HAL_Driver/Src/stm32f4xx_hal.o
                0x0000000008003040                HAL_GetTick
 .text.HAL_Delay
                0x0000000008003058       0x48 ./Drivers/STM32F4xx_HAL_Driver/Src/stm32f4xx_hal.o
                0x0000000008003058                HAL_Delay
 .text.HAL_ADC_Init
                0x00000000080030a0       0x86 ./Drivers/STM32F4xx_HAL_Driver/Src/stm32f4xx_hal_adc.o
                0x00000000080030a0                HAL_ADC_Init
 *fill*         0x0000000008003126        0x2 
 .text.HAL_ADC_ConfigChannel
                0x0000000008003128      0x244 ./Drivers/STM32F4xx_HAL_Driver/Src/stm32f4xx_hal_adc.o
                0x0000000008003128                HAL_ADC_ConfigChannel
 .text.ADC_Init
                0x000000000800336c      0x1f8 ./Drivers/STM32F4xx_HAL_Driver/Src/stm32f4xx_hal_adc.o
 .text.__NVIC_SetPriorityGrouping
                0x0000000008003564       0x48 ./Drivers/STM32F4xx_HAL_Driver/Src/stm32f4xx_hal_cortex.o
 .text.__NVIC_GetPriorityGrouping
                0x00000000080035ac       0x1c ./Drivers/STM32F4xx_HAL_Driver/Src/stm32f4xx_hal_cortex.o
 .text.__NVIC_EnableIRQ
                0x00000000080035c8       0x3c ./Drivers/STM32F4xx_HAL_Driver/Src/stm32f4xx_hal_cortex.o
 .text.__NVIC_SetPriority
                0x0000000008003604       0x54 ./Drivers/STM32F4xx_HAL_Driver/Src/stm32f4xx_hal_cortex.o
 .text.NVIC_EncodePriority
                0x0000000008003658       0x66 ./Drivers/STM32F4xx_HAL_Driver/Src/stm32f4xx_hal_cortex.o
 *fill*         0x00000000080036be        0x2 
 .text.SysTick_Config
                0x00000000080036c0       0x44 ./Drivers/STM32F4xx_HAL_Driver/Src/stm32f4xx_hal_cortex.o
 .text.HAL_NVIC_SetPriorityGrouping
                0x0000000008003704       0x16 ./Drivers/STM32F4xx_HAL_Driver/Src/stm32f4xx_hal_cortex.o
                0x0000000008003704                HAL_NVIC_SetPriorityGrouping
 .text.HAL_NVIC_SetPriority
                0x000000000800371a       0x38 ./Drivers/STM32F4xx_HAL_Driver/Src/stm32f4xx_hal_cortex.o
                0x000000000800371a                HAL_NVIC_SetPriority
 .text.HAL_NVIC_EnableIRQ
                0x0000000008003752       0x1c ./Drivers/STM32F4xx_HAL_Driver/Src/stm32f4xx_hal_cortex.o
                0x0000000008003752                HAL_NVIC_EnableIRQ
 .text.HAL_SYSTICK_Config
                0x000000000800376e       0x18 ./Drivers/STM32F4xx_HAL_Driver/Src/stm32f4xx_hal_cortex.o
                0x000000000800376e                HAL_SYSTICK_Config
 *fill*         0x0000000008003786        0x2 
 .text.HAL_DMA_Init
                0x0000000008003788      0x15c ./Drivers/STM32F4xx_HAL_Driver/Src/stm32f4xx_hal_dma.o
                0x0000000008003788                HAL_DMA_Init
 .text.HAL_DMA_Start_IT
                0x00000000080038e4       0xb0 ./Drivers/STM32F4xx_HAL_Driver/Src/stm32f4xx_hal_dma.o
                0x00000000080038e4                HAL_DMA_Start_IT
 .text.HAL_DMA_Abort
                0x0000000008003994       0xe0 ./Drivers/STM32F4xx_HAL_Driver/Src/stm32f4xx_hal_dma.o
                0x0000000008003994                HAL_DMA_Abort
 .text.HAL_DMA_Abort_IT
                0x0000000008003a74       0x44 ./Drivers/STM32F4xx_HAL_Driver/Src/stm32f4xx_hal_dma.o
                0x0000000008003a74                HAL_DMA_Abort_IT
 .text.HAL_DMA_IRQHandler
                0x0000000008003ab8      0x314 ./Drivers/STM32F4xx_HAL_Driver/Src/stm32f4xx_hal_dma.o
                0x0000000008003ab8                HAL_DMA_IRQHandler
 .text.HAL_DMA_GetError
                0x0000000008003dcc       0x18 ./Drivers/STM32F4xx_HAL_Driver/Src/stm32f4xx_hal_dma.o
                0x0000000008003dcc                HAL_DMA_GetError
 .text.DMA_SetConfig
                0x0000000008003de4       0x5c ./Drivers/STM32F4xx_HAL_Driver/Src/stm32f4xx_hal_dma.o
 .text.DMA_CalcBaseAndBitshift
                0x0000000008003e40       0x6c ./Drivers/STM32F4xx_HAL_Driver/Src/stm32f4xx_hal_dma.o
 .text.DMA_CheckFifoParam
                0x0000000008003eac       0xf8 ./Drivers/STM32F4xx_HAL_Driver/Src/stm32f4xx_hal_dma.o
 .text.HAL_GPIO_Init
                0x0000000008003fa4      0x338 ./Drivers/STM32F4xx_HAL_Driver/Src/stm32f4xx_hal_gpio.o
                0x0000000008003fa4                HAL_GPIO_Init
 .text.HAL_GPIO_ReadPin
                0x00000000080042dc       0x30 ./Drivers/STM32F4xx_HAL_Driver/Src/stm32f4xx_hal_gpio.o
                0x00000000080042dc                HAL_GPIO_ReadPin
 .text.HAL_GPIO_WritePin
                0x000000000800430c       0x32 ./Drivers/STM32F4xx_HAL_Driver/Src/stm32f4xx_hal_gpio.o
                0x000000000800430c                HAL_GPIO_WritePin
 .text.HAL_GPIO_TogglePin
                0x000000000800433e       0x34 ./Drivers/STM32F4xx_HAL_Driver/Src/stm32f4xx_hal_gpio.o
                0x000000000800433e                HAL_GPIO_TogglePin
 *fill*         0x0000000008004372        0x2 
 .text.HAL_GPIO_EXTI_IRQHandler
                0x0000000008004374       0x30 ./Drivers/STM32F4xx_HAL_Driver/Src/stm32f4xx_hal_gpio.o
                0x0000000008004374                HAL_GPIO_EXTI_IRQHandler
 .text.HAL_I2C_Init
                0x00000000080043a4      0x288 ./Drivers/STM32F4xx_HAL_Driver/Src/stm32f4xx_hal_i2c.o
                0x00000000080043a4                HAL_I2C_Init
 .text.HAL_I2C_Mem_Read
                0x000000000800462c      0x44c ./Drivers/STM32F4xx_HAL_Driver/Src/stm32f4xx_hal_i2c.o
                0x000000000800462c                HAL_I2C_Mem_Read
 .text.I2C_RequestMemoryRead
                0x0000000008004a78      0x1d0 ./Drivers/STM32F4xx_HAL_Driver/Src/stm32f4xx_hal_i2c.o
 .text.I2C_WaitOnFlagUntilTimeout
                0x0000000008004c48       0xae ./Drivers/STM32F4xx_HAL_Driver/Src/stm32f4xx_hal_i2c.o
 .text.I2C_WaitOnMasterAddressFlagUntilTimeout
                0x0000000008004cf6       0xfe ./Drivers/STM32F4xx_HAL_Driver/Src/stm32f4xx_hal_i2c.o
 .text.I2C_WaitOnTXEFlagUntilTimeout
                0x0000000008004df4       0x82 ./Drivers/STM32F4xx_HAL_Driver/Src/stm32f4xx_hal_i2c.o
 .text.I2C_WaitOnRXNEFlagUntilTimeout
                0x0000000008004e76       0xac ./Drivers/STM32F4xx_HAL_Driver/Src/stm32f4xx_hal_i2c.o
 .text.I2C_IsAcknowledgeFailed
                0x0000000008004f22       0x5e ./Drivers/STM32F4xx_HAL_Driver/Src/stm32f4xx_hal_i2c.o
 .text.HAL_RCC_OscConfig
                0x0000000008004f80      0x4f0 ./Drivers/STM32F4xx_HAL_Driver/Src/stm32f4xx_hal_rcc.o
                0x0000000008004f80                HAL_RCC_OscConfig
 .text.HAL_RCC_ClockConfig
                0x0000000008005470      0x1cc ./Drivers/STM32F4xx_HAL_Driver/Src/stm32f4xx_hal_rcc.o
                0x0000000008005470                HAL_RCC_ClockConfig
 .text.HAL_RCC_GetSysClockFreq
                0x000000000800563c      0x20c ./Drivers/STM32F4xx_HAL_Driver/Src/stm32f4xx_hal_rcc.o
                0x000000000800563c                HAL_RCC_GetSysClockFreq
 .text.HAL_RCC_GetHCLKFreq
                0x0000000008005848       0x18 ./Drivers/STM32F4xx_HAL_Driver/Src/stm32f4xx_hal_rcc.o
                0x0000000008005848                HAL_RCC_GetHCLKFreq
 .text.HAL_RCC_GetPCLK1Freq
                0x0000000008005860       0x28 ./Drivers/STM32F4xx_HAL_Driver/Src/stm32f4xx_hal_rcc.o
                0x0000000008005860                HAL_RCC_GetPCLK1Freq
 .text.HAL_RCC_GetPCLK2Freq
                0x0000000008005888       0x28 ./Drivers/STM32F4xx_HAL_Driver/Src/stm32f4xx_hal_rcc.o
                0x0000000008005888                HAL_RCC_GetPCLK2Freq
 .text.HAL_SD_Init
                0x00000000080058b0       0x60 ./Drivers/STM32F4xx_HAL_Driver/Src/stm32f4xx_hal_sd.o
                0x00000000080058b0                HAL_SD_Init
 .text.HAL_SD_InitCard
                0x0000000008005910      0x100 ./Drivers/STM32F4xx_HAL_Driver/Src/stm32f4xx_hal_sd.o
                0x0000000008005910                HAL_SD_InitCard
 .text.HAL_SD_ReadBlocks_DMA
                0x0000000008005a10      0x1c4 ./Drivers/STM32F4xx_HAL_Driver/Src/stm32f4xx_hal_sd.o
                0x0000000008005a10                HAL_SD_ReadBlocks_DMA
 .text.HAL_SD_WriteBlocks_DMA
                0x0000000008005bd4      0x1cc ./Drivers/STM32F4xx_HAL_Driver/Src/stm32f4xx_hal_sd.o
                0x0000000008005bd4                HAL_SD_WriteBlocks_DMA
 .text.HAL_SD_IRQHandler
                0x0000000008005da0      0x30c ./Drivers/STM32F4xx_HAL_Driver/Src/stm32f4xx_hal_sd.o
                0x0000000008005da0                HAL_SD_IRQHandler
 .text.HAL_SD_ErrorCallback
                0x00000000080060ac       0x14 ./Drivers/STM32F4xx_HAL_Driver/Src/stm32f4xx_hal_sd.o
                0x00000000080060ac                HAL_SD_ErrorCallback
 .text.HAL_SD_GetCardCSD
                0x00000000080060c0      0x348 ./Drivers/STM32F4xx_HAL_Driver/Src/stm32f4xx_hal_sd.o
                0x00000000080060c0                HAL_SD_GetCardCSD
 .text.HAL_SD_GetCardInfo
                0x0000000008006408       0x58 ./Drivers/STM32F4xx_HAL_Driver/Src/stm32f4xx_hal_sd.o
                0x0000000008006408                HAL_SD_GetCardInfo
 .text.HAL_SD_ConfigWideBusOperation
                0x0000000008006460      0x134 ./Drivers/STM32F4xx_HAL_Driver/Src/stm32f4xx_hal_sd.o
                0x0000000008006460                HAL_SD_ConfigWideBusOperation
 .text.HAL_SD_GetCardState
                0x0000000008006594       0x40 ./Drivers/STM32F4xx_HAL_Driver/Src/stm32f4xx_hal_sd.o
                0x0000000008006594                HAL_SD_GetCardState
 .text.SD_DMATransmitCplt
                0x00000000080065d4       0x2a ./Drivers/STM32F4xx_HAL_Driver/Src/stm32f4xx_hal_sd.o
 .text.SD_DMAReceiveCplt
                0x00000000080065fe       0x70 ./Drivers/STM32F4xx_HAL_Driver/Src/stm32f4xx_hal_sd.o
 *fill*         0x000000000800666e        0x2 
 .text.SD_DMAError
                0x0000000008006670       0xa4 ./Drivers/STM32F4xx_HAL_Driver/Src/stm32f4xx_hal_sd.o
 .text.SD_DMATxAbort
                0x0000000008006714       0x6e ./Drivers/STM32F4xx_HAL_Driver/Src/stm32f4xx_hal_sd.o
 .text.SD_DMARxAbort
                0x0000000008006782       0x6e ./Drivers/STM32F4xx_HAL_Driver/Src/stm32f4xx_hal_sd.o
 .text.SD_InitCard
                0x00000000080067f0      0x19c ./Drivers/STM32F4xx_HAL_Driver/Src/stm32f4xx_hal_sd.o
 .text.SD_PowerON
                0x000000000800698c      0x11c ./Drivers/STM32F4xx_HAL_Driver/Src/stm32f4xx_hal_sd.o
 .text.SD_SendStatus
                0x0000000008006aa8       0x50 ./Drivers/STM32F4xx_HAL_Driver/Src/stm32f4xx_hal_sd.o
 .text.SD_WideBus_Enable
                0x0000000008006af8       0x96 ./Drivers/STM32F4xx_HAL_Driver/Src/stm32f4xx_hal_sd.o
 .text.SD_WideBus_Disable
                0x0000000008006b8e       0x96 ./Drivers/STM32F4xx_HAL_Driver/Src/stm32f4xx_hal_sd.o
 .text.SD_FindSCR
                0x0000000008006c24      0x1a6 ./Drivers/STM32F4xx_HAL_Driver/Src/stm32f4xx_hal_sd.o
 .text.SD_Read_IT
                0x0000000008006dca       0xa2 ./Drivers/STM32F4xx_HAL_Driver/Src/stm32f4xx_hal_sd.o
 .text.SD_Write_IT
                0x0000000008006e6c       0xaa ./Drivers/STM32F4xx_HAL_Driver/Src/stm32f4xx_hal_sd.o
 .text.HAL_SPI_Init
                0x0000000008006f16      0x112 ./Drivers/STM32F4xx_HAL_Driver/Src/stm32f4xx_hal_spi.o
                0x0000000008006f16                HAL_SPI_Init
 .text.HAL_SPI_TransmitReceive
                0x0000000008007028      0x344 ./Drivers/STM32F4xx_HAL_Driver/Src/stm32f4xx_hal_spi.o
                0x0000000008007028                HAL_SPI_TransmitReceive
 .text.SPI_WaitFlagStateUntilTimeout
                0x000000000800736c      0x110 ./Drivers/STM32F4xx_HAL_Driver/Src/stm32f4xx_hal_spi.o
 .text.SPI_EndRxTxTransaction
                0x000000000800747c       0x84 ./Drivers/STM32F4xx_HAL_Driver/Src/stm32f4xx_hal_spi.o
 .text.HAL_TIM_Base_Init
                0x0000000008007500       0x9e ./Drivers/STM32F4xx_HAL_Driver/Src/stm32f4xx_hal_tim.o
                0x0000000008007500                HAL_TIM_Base_Init
 *fill*         0x000000000800759e        0x2 
 .text.HAL_TIM_Base_Start_IT
                0x00000000080075a0       0xe0 ./Drivers/STM32F4xx_HAL_Driver/Src/stm32f4xx_hal_tim.o
                0x00000000080075a0                HAL_TIM_Base_Start_IT
 .text.HAL_TIM_OC_Init
                0x0000000008007680       0x9e ./Drivers/STM32F4xx_HAL_Driver/Src/stm32f4xx_hal_tim.o
                0x0000000008007680                HAL_TIM_OC_Init
 .text.HAL_TIM_OC_MspInit
                0x000000000800771e       0x14 ./Drivers/STM32F4xx_HAL_Driver/Src/stm32f4xx_hal_tim.o
                0x000000000800771e                HAL_TIM_OC_MspInit
 .text.HAL_TIM_PWM_Init
                0x0000000008007732       0x9e ./Drivers/STM32F4xx_HAL_Driver/Src/stm32f4xx_hal_tim.o
                0x0000000008007732                HAL_TIM_PWM_Init
 .text.HAL_TIM_PWM_MspInit
                0x00000000080077d0       0x14 ./Drivers/STM32F4xx_HAL_Driver/Src/stm32f4xx_hal_tim.o
                0x00000000080077d0                HAL_TIM_PWM_MspInit
 .text.HAL_TIM_PWM_Start
                0x00000000080077e4      0x190 ./Drivers/STM32F4xx_HAL_Driver/Src/stm32f4xx_hal_tim.o
                0x00000000080077e4                HAL_TIM_PWM_Start
 .text.HAL_TIM_IRQHandler
                0x0000000008007974      0x210 ./Drivers/STM32F4xx_HAL_Driver/Src/stm32f4xx_hal_tim.o
                0x0000000008007974                HAL_TIM_IRQHandler
 .text.HAL_TIM_OC_ConfigChannel
                0x0000000008007b84       0xb8 ./Drivers/STM32F4xx_HAL_Driver/Src/stm32f4xx_hal_tim.o
                0x0000000008007b84                HAL_TIM_OC_ConfigChannel
 .text.HAL_TIM_PWM_ConfigChannel
                0x0000000008007c3c      0x184 ./Drivers/STM32F4xx_HAL_Driver/Src/stm32f4xx_hal_tim.o
                0x0000000008007c3c                HAL_TIM_PWM_ConfigChannel
 .text.HAL_TIM_ConfigClockSource
                0x0000000008007dc0      0x18e ./Drivers/STM32F4xx_HAL_Driver/Src/stm32f4xx_hal_tim.o
                0x0000000008007dc0                HAL_TIM_ConfigClockSource
 .text.HAL_TIM_OC_DelayElapsedCallback
                0x0000000008007f4e       0x14 ./Drivers/STM32F4xx_HAL_Driver/Src/stm32f4xx_hal_tim.o
                0x0000000008007f4e                HAL_TIM_OC_DelayElapsedCallback
 .text.HAL_TIM_IC_CaptureCallback
                0x0000000008007f62       0x14 ./Drivers/STM32F4xx_HAL_Driver/Src/stm32f4xx_hal_tim.o
                0x0000000008007f62                HAL_TIM_IC_CaptureCallback
 .text.HAL_TIM_PWM_PulseFinishedCallback
                0x0000000008007f76       0x14 ./Drivers/STM32F4xx_HAL_Driver/Src/stm32f4xx_hal_tim.o
                0x0000000008007f76                HAL_TIM_PWM_PulseFinishedCallback
 .text.HAL_TIM_TriggerCallback
                0x0000000008007f8a       0x14 ./Drivers/STM32F4xx_HAL_Driver/Src/stm32f4xx_hal_tim.o
                0x0000000008007f8a                HAL_TIM_TriggerCallback
 *fill*         0x0000000008007f9e        0x2 
 .text.TIM_Base_SetConfig
                0x0000000008007fa0      0x140 ./Drivers/STM32F4xx_HAL_Driver/Src/stm32f4xx_hal_tim.o
                0x0000000008007fa0                TIM_Base_SetConfig
 .text.TIM_OC1_SetConfig
                0x00000000080080e0       0xe0 ./Drivers/STM32F4xx_HAL_Driver/Src/stm32f4xx_hal_tim.o
 .text.TIM_OC2_SetConfig
                0x00000000080081c0       0xec ./Drivers/STM32F4xx_HAL_Driver/Src/stm32f4xx_hal_tim.o
                0x00000000080081c0                TIM_OC2_SetConfig
 .text.TIM_OC3_SetConfig
                0x00000000080082ac       0xe8 ./Drivers/STM32F4xx_HAL_Driver/Src/stm32f4xx_hal_tim.o
 .text.TIM_OC4_SetConfig
                0x0000000008008394       0xac ./Drivers/STM32F4xx_HAL_Driver/Src/stm32f4xx_hal_tim.o
 .text.TIM_TI1_ConfigInputStage
                0x0000000008008440       0x5e ./Drivers/STM32F4xx_HAL_Driver/Src/stm32f4xx_hal_tim.o
 .text.TIM_TI2_ConfigInputStage
                0x000000000800849e       0x60 ./Drivers/STM32F4xx_HAL_Driver/Src/stm32f4xx_hal_tim.o
 .text.TIM_ITRx_SetConfig
                0x00000000080084fe       0x36 ./Drivers/STM32F4xx_HAL_Driver/Src/stm32f4xx_hal_tim.o
 .text.TIM_ETR_SetConfig
                0x0000000008008534       0x40 ./Drivers/STM32F4xx_HAL_Driver/Src/stm32f4xx_hal_tim.o
                0x0000000008008534                TIM_ETR_SetConfig
 .text.TIM_CCxChannelCmd
                0x0000000008008574       0x4a ./Drivers/STM32F4xx_HAL_Driver/Src/stm32f4xx_hal_tim.o
                0x0000000008008574                TIM_CCxChannelCmd
 *fill*         0x00000000080085be        0x2 
 .text.HAL_TIMEx_MasterConfigSynchronization
                0x00000000080085c0       0xf8 ./Drivers/STM32F4xx_HAL_Driver/Src/stm32f4xx_hal_tim_ex.o
                0x00000000080085c0                HAL_TIMEx_MasterConfigSynchronization
 .text.HAL_TIMEx_CommutCallback
                0x00000000080086b8       0x14 ./Drivers/STM32F4xx_HAL_Driver/Src/stm32f4xx_hal_tim_ex.o
                0x00000000080086b8                HAL_TIMEx_CommutCallback
 .text.HAL_TIMEx_BreakCallback
                0x00000000080086cc       0x14 ./Drivers/STM32F4xx_HAL_Driver/Src/stm32f4xx_hal_tim_ex.o
                0x00000000080086cc                HAL_TIMEx_BreakCallback
 .text.HAL_UART_Init
                0x00000000080086e0       0x9a ./Drivers/STM32F4xx_HAL_Driver/Src/stm32f4xx_hal_uart.o
                0x00000000080086e0                HAL_UART_Init
 .text.HAL_UART_Transmit
                0x000000000800877a      0x124 ./Drivers/STM32F4xx_HAL_Driver/Src/stm32f4xx_hal_uart.o
                0x000000000800877a                HAL_UART_Transmit
 .text.HAL_UART_Receive_IT
                0x000000000800889e       0x60 ./Drivers/STM32F4xx_HAL_Driver/Src/stm32f4xx_hal_uart.o
                0x000000000800889e                HAL_UART_Receive_IT
 *fill*         0x00000000080088fe        0x2 
 .text.HAL_UART_IRQHandler
                0x0000000008008900      0x51c ./Drivers/STM32F4xx_HAL_Driver/Src/stm32f4xx_hal_uart.o
                0x0000000008008900                HAL_UART_IRQHandler
 .text.HAL_UART_TxCpltCallback
                0x0000000008008e1c       0x14 ./Drivers/STM32F4xx_HAL_Driver/Src/stm32f4xx_hal_uart.o
                0x0000000008008e1c                HAL_UART_TxCpltCallback
 .text.HAL_UART_ErrorCallback
                0x0000000008008e30       0x14 ./Drivers/STM32F4xx_HAL_Driver/Src/stm32f4xx_hal_uart.o
                0x0000000008008e30                HAL_UART_ErrorCallback
 .text.HAL_UARTEx_RxEventCallback
                0x0000000008008e44       0x18 ./Drivers/STM32F4xx_HAL_Driver/Src/stm32f4xx_hal_uart.o
                0x0000000008008e44                HAL_UARTEx_RxEventCallback
 .text.UART_WaitOnFlagUntilTimeout
                0x0000000008008e5c       0xdc ./Drivers/STM32F4xx_HAL_Driver/Src/stm32f4xx_hal_uart.o
 .text.UART_Start_Receive_IT
                0x0000000008008f38       0x7c ./Drivers/STM32F4xx_HAL_Driver/Src/stm32f4xx_hal_uart.o
                0x0000000008008f38                UART_Start_Receive_IT
 .text.UART_EndRxTransfer
                0x0000000008008fb4       0xc6 ./Drivers/STM32F4xx_HAL_Driver/Src/stm32f4xx_hal_uart.o
 .text.UART_DMAAbortOnError
                0x000000000800907a       0x28 ./Drivers/STM32F4xx_HAL_Driver/Src/stm32f4xx_hal_uart.o
 .text.UART_Transmit_IT
                0x00000000080090a2       0xa0 ./Drivers/STM32F4xx_HAL_Driver/Src/stm32f4xx_hal_uart.o
 .text.UART_EndTransmit_IT
                0x0000000008009142       0x30 ./Drivers/STM32F4xx_HAL_Driver/Src/stm32f4xx_hal_uart.o
 .text.UART_Receive_IT
                0x0000000008009172      0x176 ./Drivers/STM32F4xx_HAL_Driver/Src/stm32f4xx_hal_uart.o
 .text.UART_SetConfig
                0x00000000080092e8      0x4e8 ./Drivers/STM32F4xx_HAL_Driver/Src/stm32f4xx_hal_uart.o
 .text.SDIO_Init
                0x00000000080097d0       0x56 ./Drivers/STM32F4xx_HAL_Driver/Src/stm32f4xx_ll_sdmmc.o
                0x00000000080097d0                SDIO_Init
 .text.SDIO_ReadFIFO
                0x0000000008009826       0x1a ./Drivers/STM32F4xx_HAL_Driver/Src/stm32f4xx_ll_sdmmc.o
                0x0000000008009826                SDIO_ReadFIFO
 .text.SDIO_WriteFIFO
                0x0000000008009840       0x22 ./Drivers/STM32F4xx_HAL_Driver/Src/stm32f4xx_ll_sdmmc.o
                0x0000000008009840                SDIO_WriteFIFO
 .text.SDIO_PowerState_ON
                0x0000000008009862       0x1c ./Drivers/STM32F4xx_HAL_Driver/Src/stm32f4xx_ll_sdmmc.o
                0x0000000008009862                SDIO_PowerState_ON
 .text.SDIO_GetPowerState
                0x000000000800987e       0x1c ./Drivers/STM32F4xx_HAL_Driver/Src/stm32f4xx_ll_sdmmc.o
                0x000000000800987e                SDIO_GetPowerState
 .text.SDIO_SendCommand
                0x000000000800989a       0x54 ./Drivers/STM32F4xx_HAL_Driver/Src/stm32f4xx_ll_sdmmc.o
                0x000000000800989a                SDIO_SendCommand
 .text.SDIO_GetCommandResponse
                0x00000000080098ee       0x1a ./Drivers/STM32F4xx_HAL_Driver/Src/stm32f4xx_ll_sdmmc.o
                0x00000000080098ee                SDIO_GetCommandResponse
 .text.SDIO_GetResponse
                0x0000000008009908       0x26 ./Drivers/STM32F4xx_HAL_Driver/Src/stm32f4xx_ll_sdmmc.o
                0x0000000008009908                SDIO_GetResponse
 .text.SDIO_ConfigData
                0x000000000800992e       0x58 ./Drivers/STM32F4xx_HAL_Driver/Src/stm32f4xx_ll_sdmmc.o
                0x000000000800992e                SDIO_ConfigData
 .text.SDMMC_CmdBlockLength
                0x0000000008009986       0x44 ./Drivers/STM32F4xx_HAL_Driver/Src/stm32f4xx_ll_sdmmc.o
                0x0000000008009986                SDMMC_CmdBlockLength
 .text.SDMMC_CmdReadSingleBlock
                0x00000000080099ca       0x44 ./Drivers/STM32F4xx_HAL_Driver/Src/stm32f4xx_ll_sdmmc.o
                0x00000000080099ca                SDMMC_CmdReadSingleBlock
 .text.SDMMC_CmdReadMultiBlock
                0x0000000008009a0e       0x44 ./Drivers/STM32F4xx_HAL_Driver/Src/stm32f4xx_ll_sdmmc.o
                0x0000000008009a0e                SDMMC_CmdReadMultiBlock
 .text.SDMMC_CmdWriteSingleBlock
                0x0000000008009a52       0x44 ./Drivers/STM32F4xx_HAL_Driver/Src/stm32f4xx_ll_sdmmc.o
                0x0000000008009a52                SDMMC_CmdWriteSingleBlock
 .text.SDMMC_CmdWriteMultiBlock
                0x0000000008009a96       0x44 ./Drivers/STM32F4xx_HAL_Driver/Src/stm32f4xx_ll_sdmmc.o
                0x0000000008009a96                SDMMC_CmdWriteMultiBlock
 *fill*         0x0000000008009ada        0x2 
 .text.SDMMC_CmdStopTransfer
                0x0000000008009adc       0x44 ./Drivers/STM32F4xx_HAL_Driver/Src/stm32f4xx_ll_sdmmc.o
                0x0000000008009adc                SDMMC_CmdStopTransfer
 .text.SDMMC_CmdSelDesel
                0x0000000008009b20       0x46 ./Drivers/STM32F4xx_HAL_Driver/Src/stm32f4xx_ll_sdmmc.o
                0x0000000008009b20                SDMMC_CmdSelDesel
 .text.SDMMC_CmdGoIdleState
                0x0000000008009b66       0x3c ./Drivers/STM32F4xx_HAL_Driver/Src/stm32f4xx_ll_sdmmc.o
                0x0000000008009b66                SDMMC_CmdGoIdleState
 .text.SDMMC_CmdOperCond
                0x0000000008009ba2       0x3e ./Drivers/STM32F4xx_HAL_Driver/Src/stm32f4xx_ll_sdmmc.o
                0x0000000008009ba2                SDMMC_CmdOperCond
 .text.SDMMC_CmdAppCommand
                0x0000000008009be0       0x44 ./Drivers/STM32F4xx_HAL_Driver/Src/stm32f4xx_ll_sdmmc.o
                0x0000000008009be0                SDMMC_CmdAppCommand
 .text.SDMMC_CmdAppOperCommand
                0x0000000008009c24       0x46 ./Drivers/STM32F4xx_HAL_Driver/Src/stm32f4xx_ll_sdmmc.o
                0x0000000008009c24                SDMMC_CmdAppOperCommand
 .text.SDMMC_CmdBusWidth
                0x0000000008009c6a       0x44 ./Drivers/STM32F4xx_HAL_Driver/Src/stm32f4xx_ll_sdmmc.o
                0x0000000008009c6a                SDMMC_CmdBusWidth
 .text.SDMMC_CmdSendSCR
                0x0000000008009cae       0x42 ./Drivers/STM32F4xx_HAL_Driver/Src/stm32f4xx_ll_sdmmc.o
                0x0000000008009cae                SDMMC_CmdSendSCR
 .text.SDMMC_CmdSendCID
                0x0000000008009cf0       0x3c ./Drivers/STM32F4xx_HAL_Driver/Src/stm32f4xx_ll_sdmmc.o
                0x0000000008009cf0                SDMMC_CmdSendCID
 .text.SDMMC_CmdSendCSD
                0x0000000008009d2c       0x3e ./Drivers/STM32F4xx_HAL_Driver/Src/stm32f4xx_ll_sdmmc.o
                0x0000000008009d2c                SDMMC_CmdSendCSD
 .text.SDMMC_CmdSetRelAdd
                0x0000000008009d6a       0x42 ./Drivers/STM32F4xx_HAL_Driver/Src/stm32f4xx_ll_sdmmc.o
                0x0000000008009d6a                SDMMC_CmdSetRelAdd
 .text.SDMMC_CmdSendStatus
                0x0000000008009dac       0x44 ./Drivers/STM32F4xx_HAL_Driver/Src/stm32f4xx_ll_sdmmc.o
                0x0000000008009dac                SDMMC_CmdSendStatus
 .text.SDMMC_GetCmdResp1
                0x0000000008009df0      0x1dc ./Drivers/STM32F4xx_HAL_Driver/Src/stm32f4xx_ll_sdmmc.o
                0x0000000008009df0                SDMMC_GetCmdResp1
 .text.SDMMC_GetCmdResp2
                0x0000000008009fcc       0x90 ./Drivers/STM32F4xx_HAL_Driver/Src/stm32f4xx_ll_sdmmc.o
                0x0000000008009fcc                SDMMC_GetCmdResp2
 .text.SDMMC_GetCmdResp3
                0x000000000800a05c       0x7c ./Drivers/STM32F4xx_HAL_Driver/Src/stm32f4xx_ll_sdmmc.o
                0x000000000800a05c                SDMMC_GetCmdResp3
 .text.SDMMC_GetCmdResp6
                0x000000000800a0d8       0xec ./Drivers/STM32F4xx_HAL_Driver/Src/stm32f4xx_ll_sdmmc.o
                0x000000000800a0d8                SDMMC_GetCmdResp6
 .text.SDMMC_GetCmdResp7
                0x000000000800a1c4       0x9c ./Drivers/STM32F4xx_HAL_Driver/Src/stm32f4xx_ll_sdmmc.o
                0x000000000800a1c4                SDMMC_GetCmdResp7
 .text.SDMMC_GetCmdError
                0x000000000800a260       0x58 ./Drivers/STM32F4xx_HAL_Driver/Src/stm32f4xx_ll_sdmmc.o
 .text.MX_FATFS_Init
                0x000000000800a2b8       0x24 ./FATFS/App/fatfs.o
                0x000000000800a2b8                MX_FATFS_Init
 .text.BSP_SD_Init
                0x000000000800a2dc       0x4c ./FATFS/Target/bsp_driver_sd.o
                0x000000000800a2dc                BSP_SD_Init
 .text.BSP_SD_ReadBlocks_DMA
                0x000000000800a328       0x34 ./FATFS/Target/bsp_driver_sd.o
                0x000000000800a328                BSP_SD_ReadBlocks_DMA
 .text.BSP_SD_WriteBlocks_DMA
                0x000000000800a35c       0x34 ./FATFS/Target/bsp_driver_sd.o
                0x000000000800a35c                BSP_SD_WriteBlocks_DMA
 .text.BSP_SD_GetCardState
                0x000000000800a390       0x20 ./FATFS/Target/bsp_driver_sd.o
                0x000000000800a390                BSP_SD_GetCardState
 .text.BSP_SD_GetCardInfo
                0x000000000800a3b0       0x1c ./FATFS/Target/bsp_driver_sd.o
                0x000000000800a3b0                BSP_SD_GetCardInfo
 .text.HAL_SD_AbortCallback
                0x000000000800a3cc       0x14 ./FATFS/Target/bsp_driver_sd.o
                0x000000000800a3cc                HAL_SD_AbortCallback
 .text.HAL_SD_TxCpltCallback
                0x000000000800a3e0       0x14 ./FATFS/Target/bsp_driver_sd.o
                0x000000000800a3e0                HAL_SD_TxCpltCallback
 .text.HAL_SD_RxCpltCallback
                0x000000000800a3f4       0x14 ./FATFS/Target/bsp_driver_sd.o
                0x000000000800a3f4                HAL_SD_RxCpltCallback
 .text.BSP_SD_AbortCallback
                0x000000000800a408        0xe ./FATFS/Target/bsp_driver_sd.o
                0x000000000800a408                BSP_SD_AbortCallback
 .text.BSP_SD_IsDetected
                0x000000000800a416       0x1a ./FATFS/Target/bsp_driver_sd.o
                0x000000000800a416                BSP_SD_IsDetected
 .text.SD_CheckStatusWithTimeout
                0x000000000800a430       0x3a ./FATFS/Target/sd_diskio.o
 *fill*         0x000000000800a46a        0x2 
 .text.SD_CheckStatus
                0x000000000800a46c       0x3c ./FATFS/Target/sd_diskio.o
 .text.SD_initialize
                0x000000000800a4a8       0x38 ./FATFS/Target/sd_diskio.o
                0x000000000800a4a8                SD_initialize
 .text.SD_status
                0x000000000800a4e0       0x1c ./FATFS/Target/sd_diskio.o
                0x000000000800a4e0                SD_status
 .text.SD_read  0x000000000800a4fc       0xac ./FATFS/Target/sd_diskio.o
                0x000000000800a4fc                SD_read
 .text.SD_write
                0x000000000800a5a8       0xac ./FATFS/Target/sd_diskio.o
                0x000000000800a5a8                SD_write
 .text.SD_ioctl
                0x000000000800a654       0xb0 ./FATFS/Target/sd_diskio.o
                0x000000000800a654                SD_ioctl
 .text.BSP_SD_WriteCpltCallback
                0x000000000800a704       0x18 ./FATFS/Target/sd_diskio.o
                0x000000000800a704                BSP_SD_WriteCpltCallback
 .text.BSP_SD_ReadCpltCallback
                0x000000000800a71c       0x18 ./FATFS/Target/sd_diskio.o
                0x000000000800a71c                BSP_SD_ReadCpltCallback
 .text.disk_status
                0x000000000800a734       0x34 ./Middlewares/Third_Party/FatFs/src/diskio.o
                0x000000000800a734                disk_status
 .text.disk_initialize
                0x000000000800a768       0x4c ./Middlewares/Third_Party/FatFs/src/diskio.o
                0x000000000800a768                disk_initialize
 .text.disk_read
                0x000000000800a7b4       0x40 ./Middlewares/Third_Party/FatFs/src/diskio.o
                0x000000000800a7b4                disk_read
 .text.disk_write
                0x000000000800a7f4       0x40 ./Middlewares/Third_Party/FatFs/src/diskio.o
                0x000000000800a7f4                disk_write
 .text.ld_word  0x000000000800a834       0x30 ./Middlewares/Third_Party/FatFs/src/ff.o
 .text.ld_dword
                0x000000000800a864       0x46 ./Middlewares/Third_Party/FatFs/src/ff.o
 *fill*         0x000000000800a8aa        0x2 
 .text.clear_lock
                0x000000000800a8ac       0x48 ./Middlewares/Third_Party/FatFs/src/ff.o
 .text.sync_window
                0x000000000800a8f4       0x88 ./Middlewares/Third_Party/FatFs/src/ff.o
 .text.move_window
                0x000000000800a97c       0x5a ./Middlewares/Third_Party/FatFs/src/ff.o
 .text.get_ldnumber
                0x000000000800a9d6       0x88 ./Middlewares/Third_Party/FatFs/src/ff.o
 *fill*         0x000000000800aa5e        0x2 
 .text.check_fs
                0x000000000800aa60       0xac ./Middlewares/Third_Party/FatFs/src/ff.o
 .text.find_volume
                0x000000000800ab0c      0x4a0 ./Middlewares/Third_Party/FatFs/src/ff.o
 .text.f_mount  0x000000000800afac       0x8c ./Middlewares/Third_Party/FatFs/src/ff.o
                0x000000000800afac                f_mount
 .text.FATFS_LinkDriverEx
                0x000000000800b038       0x98 ./Middlewares/Third_Party/FatFs/src/ff_gen_drv.o
                0x000000000800b038                FATFS_LinkDriverEx
 .text.FATFS_LinkDriver
                0x000000000800b0d0       0x1e ./Middlewares/Third_Party/FatFs/src/ff_gen_drv.o
                0x000000000800b0d0                FATFS_LinkDriver
 *fill*         0x000000000800b0ee        0x2 
 .text.__errno  0x000000000800b0f0        0xc c:/st/stm32cubeide_1.10.1/stm32cubeide/plugins/com.st.stm32cube.ide.mcu.externaltools.gnu-tools-for-stm32.10.3-2021.10.win32_1.0.0.202111181127/tools/bin/../lib/gcc/arm-none-eabi/10.3.1/../../../../arm-none-eabi/lib/thumb/v7e-m+fp/hard\libc_nano.a(lib_a-errno.o)
                0x000000000800b0f0                __errno
 .text.__libc_init_array
                0x000000000800b0fc       0x48 c:/st/stm32cubeide_1.10.1/stm32cubeide/plugins/com.st.stm32cube.ide.mcu.externaltools.gnu-tools-for-stm32.10.3-2021.10.win32_1.0.0.202111181127/tools/bin/../lib/gcc/arm-none-eabi/10.3.1/../../../../arm-none-eabi/lib/thumb/v7e-m+fp/hard\libc_nano.a(lib_a-init.o)
                0x000000000800b0fc                __libc_init_array
 .text.memset   0x000000000800b144       0x10 c:/st/stm32cubeide_1.10.1/stm32cubeide/plugins/com.st.stm32cube.ide.mcu.externaltools.gnu-tools-for-stm32.10.3-2021.10.win32_1.0.0.202111181127/tools/bin/../lib/gcc/arm-none-eabi/10.3.1/../../../../arm-none-eabi/lib/thumb/v7e-m+fp/hard\libc_nano.a(lib_a-memset.o)
                0x000000000800b144                memset
 .text.sprintf  0x000000000800b154       0x40 c:/st/stm32cubeide_1.10.1/stm32cubeide/plugins/com.st.stm32cube.ide.mcu.externaltools.gnu-tools-for-stm32.10.3-2021.10.win32_1.0.0.202111181127/tools/bin/../lib/gcc/arm-none-eabi/10.3.1/../../../../arm-none-eabi/lib/thumb/v7e-m+fp/hard\libc_nano.a(lib_a-sprintf.o)
                0x000000000800b154                siprintf
                0x000000000800b154                sprintf
 .text.__ssputs_r
                0x000000000800b194       0xb6 c:/st/stm32cubeide_1.10.1/stm32cubeide/plugins/com.st.stm32cube.ide.mcu.externaltools.gnu-tools-for-stm32.10.3-2021.10.win32_1.0.0.202111181127/tools/bin/../lib/gcc/arm-none-eabi/10.3.1/../../../../arm-none-eabi/lib/thumb/v7e-m+fp/hard\libc_nano.a(lib_a-nano-svfprintf.o)
                0x000000000800b194                __ssputs_r
 *fill*         0x000000000800b24a        0x2 
 .text._svfprintf_r
                0x000000000800b24c      0x200 c:/st/stm32cubeide_1.10.1/stm32cubeide/plugins/com.st.stm32cube.ide.mcu.externaltools.gnu-tools-for-stm32.10.3-2021.10.win32_1.0.0.202111181127/tools/bin/../lib/gcc/arm-none-eabi/10.3.1/../../../../arm-none-eabi/lib/thumb/v7e-m+fp/hard\libc_nano.a(lib_a-nano-svfprintf.o)
                0x000000000800b24c                _svfiprintf_r
                0x000000000800b24c                _svfprintf_r
 .text._printf_common
                0x000000000800b44c       0xda c:/st/stm32cubeide_1.10.1/stm32cubeide/plugins/com.st.stm32cube.ide.mcu.externaltools.gnu-tools-for-stm32.10.3-2021.10.win32_1.0.0.202111181127/tools/bin/../lib/gcc/arm-none-eabi/10.3.1/../../../../arm-none-eabi/lib/thumb/v7e-m+fp/hard\libc_nano.a(lib_a-nano-vfprintf_i.o)
                0x000000000800b44c                _printf_common
 *fill*         0x000000000800b526        0x2 
 .text._printf_i
                0x000000000800b528      0x24c c:/st/stm32cubeide_1.10.1/stm32cubeide/plugins/com.st.stm32cube.ide.mcu.externaltools.gnu-tools-for-stm32.10.3-2021.10.win32_1.0.0.202111181127/tools/bin/../lib/gcc/arm-none-eabi/10.3.1/../../../../arm-none-eabi/lib/thumb/v7e-m+fp/hard\libc_nano.a(lib_a-nano-vfprintf_i.o)
                0x000000000800b528                _printf_i
 .text.memcpy   0x000000000800b774       0x1c c:/st/stm32cubeide_1.10.1/stm32cubeide/plugins/com.st.stm32cube.ide.mcu.externaltools.gnu-tools-for-stm32.10.3-2021.10.win32_1.0.0.202111181127/tools/bin/../lib/gcc/arm-none-eabi/10.3.1/../../../../arm-none-eabi/lib/thumb/v7e-m+fp/hard\libc_nano.a(lib_a-memcpy-stub.o)
                0x000000000800b774                memcpy
 .text.memmove  0x000000000800b790       0x34 c:/st/stm32cubeide_1.10.1/stm32cubeide/plugins/com.st.stm32cube.ide.mcu.externaltools.gnu-tools-for-stm32.10.3-2021.10.win32_1.0.0.202111181127/tools/bin/../lib/gcc/arm-none-eabi/10.3.1/../../../../arm-none-eabi/lib/thumb/v7e-m+fp/hard\libc_nano.a(lib_a-memmove.o)
                0x000000000800b790                memmove
 .text._free_r  0x000000000800b7c4       0x98 c:/st/stm32cubeide_1.10.1/stm32cubeide/plugins/com.st.stm32cube.ide.mcu.externaltools.gnu-tools-for-stm32.10.3-2021.10.win32_1.0.0.202111181127/tools/bin/../lib/gcc/arm-none-eabi/10.3.1/../../../../arm-none-eabi/lib/thumb/v7e-m+fp/hard\libc_nano.a(lib_a-nano-freer.o)
                0x000000000800b7c4                _free_r
 .text.sbrk_aligned
                0x000000000800b85c       0x40 c:/st/stm32cubeide_1.10.1/stm32cubeide/plugins/com.st.stm32cube.ide.mcu.externaltools.gnu-tools-for-stm32.10.3-2021.10.win32_1.0.0.202111181127/tools/bin/../lib/gcc/arm-none-eabi/10.3.1/../../../../arm-none-eabi/lib/thumb/v7e-m+fp/hard\libc_nano.a(lib_a-nano-mallocr.o)
 .text._malloc_r
                0x000000000800b89c       0xe8 c:/st/stm32cubeide_1.10.1/stm32cubeide/plugins/com.st.stm32cube.ide.mcu.externaltools.gnu-tools-for-stm32.10.3-2021.10.win32_1.0.0.202111181127/tools/bin/../lib/gcc/arm-none-eabi/10.3.1/../../../../arm-none-eabi/lib/thumb/v7e-m+fp/hard\libc_nano.a(lib_a-nano-mallocr.o)
                0x000000000800b89c                _malloc_r
 .text._realloc_r
                0x000000000800b984       0x5e c:/st/stm32cubeide_1.10.1/stm32cubeide/plugins/com.st.stm32cube.ide.mcu.externaltools.gnu-tools-for-stm32.10.3-2021.10.win32_1.0.0.202111181127/tools/bin/../lib/gcc/arm-none-eabi/10.3.1/../../../../arm-none-eabi/lib/thumb/v7e-m+fp/hard\libc_nano.a(lib_a-nano-reallocr.o)
                0x000000000800b984                _realloc_r
 *fill*         0x000000000800b9e2        0x2 
 .text._sbrk_r  0x000000000800b9e4       0x20 c:/st/stm32cubeide_1.10.1/stm32cubeide/plugins/com.st.stm32cube.ide.mcu.externaltools.gnu-tools-for-stm32.10.3-2021.10.win32_1.0.0.202111181127/tools/bin/../lib/gcc/arm-none-eabi/10.3.1/../../../../arm-none-eabi/lib/thumb/v7e-m+fp/hard\libc_nano.a(lib_a-sbrkr.o)
                0x000000000800b9e4                _sbrk_r
 .text.__malloc_lock
                0x000000000800ba04        0xc c:/st/stm32cubeide_1.10.1/stm32cubeide/plugins/com.st.stm32cube.ide.mcu.externaltools.gnu-tools-for-stm32.10.3-2021.10.win32_1.0.0.202111181127/tools/bin/../lib/gcc/arm-none-eabi/10.3.1/../../../../arm-none-eabi/lib/thumb/v7e-m+fp/hard\libc_nano.a(lib_a-mlock.o)
                0x000000000800ba04                __malloc_lock
 .text.__malloc_unlock
                0x000000000800ba10        0xc c:/st/stm32cubeide_1.10.1/stm32cubeide/plugins/com.st.stm32cube.ide.mcu.externaltools.gnu-tools-for-stm32.10.3-2021.10.win32_1.0.0.202111181127/tools/bin/../lib/gcc/arm-none-eabi/10.3.1/../../../../arm-none-eabi/lib/thumb/v7e-m+fp/hard\libc_nano.a(lib_a-mlock.o)
                0x000000000800ba10                __malloc_unlock
 .text._malloc_usable_size_r
                0x000000000800ba1c       0x10 c:/st/stm32cubeide_1.10.1/stm32cubeide/plugins/com.st.stm32cube.ide.mcu.externaltools.gnu-tools-for-stm32.10.3-2021.10.win32_1.0.0.202111181127/tools/bin/../lib/gcc/arm-none-eabi/10.3.1/../../../../arm-none-eabi/lib/thumb/v7e-m+fp/hard\libc_nano.a(lib_a-nano-msizer.o)
                0x000000000800ba1c                _malloc_usable_size_r
 .text.__retarget_lock_acquire_recursive
                0x000000000800ba2c        0x2 c:/st/stm32cubeide_1.10.1/stm32cubeide/plugins/com.st.stm32cube.ide.mcu.externaltools.gnu-tools-for-stm32.10.3-2021.10.win32_1.0.0.202111181127/tools/bin/../lib/gcc/arm-none-eabi/10.3.1/../../../../arm-none-eabi/lib/thumb/v7e-m+fp/hard\libc_nano.a(lib_a-lock.o)
                0x000000000800ba2c                __retarget_lock_acquire_recursive
 .text.__retarget_lock_release_recursive
                0x000000000800ba2e        0x2 c:/st/stm32cubeide_1.10.1/stm32cubeide/plugins/com.st.stm32cube.ide.mcu.externaltools.gnu-tools-for-stm32.10.3-2021.10.win32_1.0.0.202111181127/tools/bin/../lib/gcc/arm-none-eabi/10.3.1/../../../../arm-none-eabi/lib/thumb/v7e-m+fp/hard\libc_nano.a(lib_a-lock.o)
                0x000000000800ba2e                __retarget_lock_release_recursive
 *(.glue_7)
 .glue_7        0x000000000800ba30        0x0 linker stubs
 *(.glue_7t)
 .glue_7t       0x000000000800ba30        0x0 linker stubs
 *(.eh_frame)
 .eh_frame      0x000000000800ba30        0x0 c:/st/stm32cubeide_1.10.1/stm32cubeide/plugins/com.st.stm32cube.ide.mcu.externaltools.gnu-tools-for-stm32.10.3-2021.10.win32_1.0.0.202111181127/tools/bin/../lib/gcc/arm-none-eabi/10.3.1/thumb/v7e-m+fp/hard/crtbegin.o
 *(.init)
 .init          0x000000000800ba30        0x4 c:/st/stm32cubeide_1.10.1/stm32cubeide/plugins/com.st.stm32cube.ide.mcu.externaltools.gnu-tools-for-stm32.10.3-2021.10.win32_1.0.0.202111181127/tools/bin/../lib/gcc/arm-none-eabi/10.3.1/thumb/v7e-m+fp/hard/crti.o
                0x000000000800ba30                _init
 .init          0x000000000800ba34        0x8 c:/st/stm32cubeide_1.10.1/stm32cubeide/plugins/com.st.stm32cube.ide.mcu.externaltools.gnu-tools-for-stm32.10.3-2021.10.win32_1.0.0.202111181127/tools/bin/../lib/gcc/arm-none-eabi/10.3.1/thumb/v7e-m+fp/hard/crtn.o
 *(.fini)
 .fini          0x000000000800ba3c        0x4 c:/st/stm32cubeide_1.10.1/stm32cubeide/plugins/com.st.stm32cube.ide.mcu.externaltools.gnu-tools-for-stm32.10.3-2021.10.win32_1.0.0.202111181127/tools/bin/../lib/gcc/arm-none-eabi/10.3.1/thumb/v7e-m+fp/hard/crti.o
                0x000000000800ba3c                _fini
 .fini          0x000000000800ba40        0x8 c:/st/stm32cubeide_1.10.1/stm32cubeide/plugins/com.st.stm32cube.ide.mcu.externaltools.gnu-tools-for-stm32.10.3-2021.10.win32_1.0.0.202111181127/tools/bin/../lib/gcc/arm-none-eabi/10.3.1/thumb/v7e-m+fp/hard/crtn.o
                0x000000000800ba48                . = ALIGN (0x4)
                0x000000000800ba48                _etext = .

.vfp11_veneer   0x000000000800ba48        0x0
 .vfp11_veneer  0x000000000800ba48        0x0 linker stubs

.v4_bx          0x000000000800ba48        0x0
 .v4_bx         0x000000000800ba48        0x0 linker stubs

.iplt           0x000000000800ba48        0x0
 .iplt          0x000000000800ba48        0x0 c:/st/stm32cubeide_1.10.1/stm32cubeide/plugins/com.st.stm32cube.ide.mcu.externaltools.gnu-tools-for-stm32.10.3-2021.10.win32_1.0.0.202111181127/tools/bin/../lib/gcc/arm-none-eabi/10.3.1/thumb/v7e-m+fp/hard/crtbegin.o

.rodata         0x000000000800ba48       0xb4
                0x000000000800ba48                . = ALIGN (0x4)
 *(.rodata)
 .rodata        0x000000000800ba48       0x4c ./Core/Src/main.o
 *(.rodata*)
 .rodata.AHBPrescTable
                0x000000000800ba94       0x10 ./Core/Src/system_stm32f4xx.o
                0x000000000800ba94                AHBPrescTable
 .rodata.APBPrescTable
                0x000000000800baa4        0x8 ./Core/Src/system_stm32f4xx.o
                0x000000000800baa4                APBPrescTable
 .rodata.flagBitshiftOffset.0
                0x000000000800baac        0x8 ./Drivers/STM32F4xx_HAL_Driver/Src/stm32f4xx_hal_dma.o
 .rodata.SD_Driver
                0x000000000800bab4       0x14 ./FATFS/Target/sd_diskio.o
                0x000000000800bab4                SD_Driver
 .rodata._svfprintf_r.str1.1
                0x000000000800bac8       0x11 c:/st/stm32cubeide_1.10.1/stm32cubeide/plugins/com.st.stm32cube.ide.mcu.externaltools.gnu-tools-for-stm32.10.3-2021.10.win32_1.0.0.202111181127/tools/bin/../lib/gcc/arm-none-eabi/10.3.1/../../../../arm-none-eabi/lib/thumb/v7e-m+fp/hard\libc_nano.a(lib_a-nano-svfprintf.o)
 .rodata._printf_i.str1.1
                0x000000000800bad9       0x22 c:/st/stm32cubeide_1.10.1/stm32cubeide/plugins/com.st.stm32cube.ide.mcu.externaltools.gnu-tools-for-stm32.10.3-2021.10.win32_1.0.0.202111181127/tools/bin/../lib/gcc/arm-none-eabi/10.3.1/../../../../arm-none-eabi/lib/thumb/v7e-m+fp/hard\libc_nano.a(lib_a-nano-vfprintf_i.o)
                0x000000000800bafc                . = ALIGN (0x4)
 *fill*         0x000000000800bafb        0x1 

.ARM.extab      0x000000000800bafc        0x0
                0x000000000800bafc                . = ALIGN (0x4)
 *(.ARM.extab* .gnu.linkonce.armextab.*)
                0x000000000800bafc                . = ALIGN (0x4)

.ARM            0x000000000800bafc        0x8
                0x000000000800bafc                . = ALIGN (0x4)
                0x000000000800bafc                __exidx_start = .
 *(.ARM.exidx*)
 .ARM.exidx     0x000000000800bafc        0x8 c:/st/stm32cubeide_1.10.1/stm32cubeide/plugins/com.st.stm32cube.ide.mcu.externaltools.gnu-tools-for-stm32.10.3-2021.10.win32_1.0.0.202111181127/tools/bin/../lib/gcc/arm-none-eabi/10.3.1/thumb/v7e-m+fp/hard\libgcc.a(_udivmoddi4.o)
                0x000000000800bb04                __exidx_end = .
                0x000000000800bb04                . = ALIGN (0x4)

.rel.dyn        0x000000000800bb04        0x0
 .rel.iplt      0x000000000800bb04        0x0 c:/st/stm32cubeide_1.10.1/stm32cubeide/plugins/com.st.stm32cube.ide.mcu.externaltools.gnu-tools-for-stm32.10.3-2021.10.win32_1.0.0.202111181127/tools/bin/../lib/gcc/arm-none-eabi/10.3.1/thumb/v7e-m+fp/hard/crtbegin.o

.preinit_array  0x000000000800bb04        0x0
                0x000000000800bb04                . = ALIGN (0x4)
                0x000000000800bb04                PROVIDE (__preinit_array_start = .)
 *(.preinit_array*)
                0x000000000800bb04                PROVIDE (__preinit_array_end = .)
                0x000000000800bb04                . = ALIGN (0x4)

.init_array     0x000000000800bb04        0x4
                0x000000000800bb04                . = ALIGN (0x4)
                0x000000000800bb04                PROVIDE (__init_array_start = .)
 *(SORT_BY_NAME(.init_array.*))
 *(.init_array*)
 .init_array    0x000000000800bb04        0x4 c:/st/stm32cubeide_1.10.1/stm32cubeide/plugins/com.st.stm32cube.ide.mcu.externaltools.gnu-tools-for-stm32.10.3-2021.10.win32_1.0.0.202111181127/tools/bin/../lib/gcc/arm-none-eabi/10.3.1/thumb/v7e-m+fp/hard/crtbegin.o
                0x000000000800bb08                PROVIDE (__init_array_end = .)
                0x000000000800bb08                . = ALIGN (0x4)

.fini_array     0x000000000800bb08        0x4
                0x000000000800bb08                . = ALIGN (0x4)
                [!provide]                        PROVIDE (__fini_array_start = .)
 *(SORT_BY_NAME(.fini_array.*))
 *(.fini_array*)
 .fini_array    0x000000000800bb08        0x4 c:/st/stm32cubeide_1.10.1/stm32cubeide/plugins/com.st.stm32cube.ide.mcu.externaltools.gnu-tools-for-stm32.10.3-2021.10.win32_1.0.0.202111181127/tools/bin/../lib/gcc/arm-none-eabi/10.3.1/thumb/v7e-m+fp/hard/crtbegin.o
                [!provide]                        PROVIDE (__fini_array_end = .)
                0x000000000800bb0c                . = ALIGN (0x4)
                0x000000000800bb0c                _sidata = LOADADDR (.data)

.data           0x0000000020000000       0x70 load address 0x000000000800bb0c
                0x0000000020000000                . = ALIGN (0x4)
                0x0000000020000000                _sdata = .
 *(.data)
 *(.data*)
 .data.SystemCoreClock
                0x0000000020000000        0x4 ./Core/Src/system_stm32f4xx.o
                0x0000000020000000                SystemCoreClock
 .data.uwTickPrio
                0x0000000020000004        0x4 ./Drivers/STM32F4xx_HAL_Driver/Src/stm32f4xx_hal.o
                0x0000000020000004                uwTickPrio
 .data.uwTickFreq
                0x0000000020000008        0x1 ./Drivers/STM32F4xx_HAL_Driver/Src/stm32f4xx_hal.o
                0x0000000020000008                uwTickFreq
 .data.Stat     0x0000000020000009        0x1 ./FATFS/Target/sd_diskio.o
 *fill*         0x000000002000000a        0x2 
 .data._impure_ptr
                0x000000002000000c        0x4 c:/st/stm32cubeide_1.10.1/stm32cubeide/plugins/com.st.stm32cube.ide.mcu.externaltools.gnu-tools-for-stm32.10.3-2021.10.win32_1.0.0.202111181127/tools/bin/../lib/gcc/arm-none-eabi/10.3.1/../../../../arm-none-eabi/lib/thumb/v7e-m+fp/hard\libc_nano.a(lib_a-impure.o)
                0x000000002000000c                _impure_ptr
 .data.impure_data
                0x0000000020000010       0x60 c:/st/stm32cubeide_1.10.1/stm32cubeide/plugins/com.st.stm32cube.ide.mcu.externaltools.gnu-tools-for-stm32.10.3-2021.10.win32_1.0.0.202111181127/tools/bin/../lib/gcc/arm-none-eabi/10.3.1/../../../../arm-none-eabi/lib/thumb/v7e-m+fp/hard\libc_nano.a(lib_a-impure.o)
 *(.RamFunc)
 *(.RamFunc*)
                0x0000000020000070                . = ALIGN (0x4)
                0x0000000020000070                _edata = .
                0x000000000800bb7c                _siccmram = LOADADDR (.ccmram)

.igot.plt       0x0000000020000070        0x0 load address 0x000000000800bb7c
 .igot.plt      0x0000000020000070        0x0 c:/st/stm32cubeide_1.10.1/stm32cubeide/plugins/com.st.stm32cube.ide.mcu.externaltools.gnu-tools-for-stm32.10.3-2021.10.win32_1.0.0.202111181127/tools/bin/../lib/gcc/arm-none-eabi/10.3.1/thumb/v7e-m+fp/hard/crtbegin.o

.ccmram         0x0000000010000000        0x0 load address 0x000000000800bb7c
                0x0000000010000000                . = ALIGN (0x4)
                0x0000000010000000                _sccmram = .
 *(.ccmram)
 *(.ccmram*)
                0x0000000010000000                . = ALIGN (0x4)
                0x0000000010000000                _eccmram = .
                0x0000000010000000                . = ALIGN (0x4)

.bss            0x0000000020000070      0x93c
                0x0000000020000070                _sbss = .
                0x0000000020000070                __bss_start__ = _sbss
 *(.bss)
 .bss           0x0000000020000070       0x1c c:/st/stm32cubeide_1.10.1/stm32cubeide/plugins/com.st.stm32cube.ide.mcu.externaltools.gnu-tools-for-stm32.10.3-2021.10.win32_1.0.0.202111181127/tools/bin/../lib/gcc/arm-none-eabi/10.3.1/thumb/v7e-m+fp/hard/crtbegin.o
 *(.bss*)
 .bss.hspi2     0x000000002000008c       0x58 ./Core/Src/VS1003.o
                0x000000002000008c                hspi2
 .bss.hadc1     0x00000000200000e4       0x48 ./Core/Src/adc.o
                0x00000000200000e4                hadc1
 .bss.hdma_adc1
                0x000000002000012c       0x60 ./Core/Src/adc.o
                0x000000002000012c                hdma_adc1
 .bss.hi2c1     0x000000002000018c       0x54 ./Core/Src/i2c.o
                0x000000002000018c                hi2c1
 .bss.rx3_data  0x00000000200001e0        0x1 ./Core/Src/main.o
                0x00000000200001e0                rx3_data
 .bss.cnt.0     0x00000000200001e1        0x1 ./Core/Src/main.o
 *fill*         0x00000000200001e2        0x2 
 .bss.hsd       0x00000000200001e4       0x84 ./Core/Src/sdio.o
                0x00000000200001e4                hsd
 .bss.hdma_sdio_tx
                0x0000000020000268       0x60 ./Core/Src/sdio.o
                0x0000000020000268                hdma_sdio_tx
 .bss.hdma_sdio_rx
                0x00000000200002c8       0x60 ./Core/Src/sdio.o
                0x00000000200002c8                hdma_sdio_rx
 .bss.__sbrk_heap_end
                0x0000000020000328        0x4 ./Core/Src/sysmem.o
 .bss.htim2     0x000000002000032c       0x48 ./Core/Src/tim.o
                0x000000002000032c                htim2
 .bss.htim3     0x0000000020000374       0x48 ./Core/Src/tim.o
                0x0000000020000374                htim3
 .bss.htim4     0x00000000200003bc       0x48 ./Core/Src/tim.o
                0x00000000200003bc                htim4
 .bss.htim5     0x0000000020000404       0x48 ./Core/Src/tim.o
                0x0000000020000404                htim5
 .bss.htim7     0x000000002000044c       0x48 ./Core/Src/tim.o
                0x000000002000044c                htim7
 .bss.htim10    0x0000000020000494       0x48 ./Core/Src/tim.o
                0x0000000020000494                htim10
 .bss.huart3    0x00000000200004dc       0x44 ./Core/Src/usart.o
                0x00000000200004dc                huart3
 .bss.uwTick    0x0000000020000520        0x4 ./Drivers/STM32F4xx_HAL_Driver/Src/stm32f4xx_hal.o
                0x0000000020000520                uwTick
 .bss.retSD     0x0000000020000524        0x1 ./FATFS/App/fatfs.o
                0x0000000020000524                retSD
 *fill*         0x0000000020000525        0x3 
 .bss.SDPath    0x0000000020000528        0x4 ./FATFS/App/fatfs.o
                0x0000000020000528                SDPath
 .bss.SDFatFS   0x000000002000052c      0x234 ./FATFS/App/fatfs.o
                0x000000002000052c                SDFatFS
 .bss.WriteStatus
                0x0000000020000760        0x4 ./FATFS/Target/sd_diskio.o
 .bss.ReadStatus
                0x0000000020000764        0x4 ./FATFS/Target/sd_diskio.o
 .bss.FatFs     0x0000000020000768        0x4 ./Middlewares/Third_Party/FatFs/src/ff.o
 .bss.Fsid      0x000000002000076c        0x2 ./Middlewares/Third_Party/FatFs/src/ff.o
 *fill*         0x000000002000076e        0x2 
 .bss.Files     0x0000000020000770       0x20 ./Middlewares/Third_Party/FatFs/src/ff.o
 .bss.LfnBuf    0x0000000020000790      0x200 ./Middlewares/Third_Party/FatFs/src/ff.o
 .bss.disk      0x0000000020000990        0xc ./Middlewares/Third_Party/FatFs/src/ff_gen_drv.o
                0x0000000020000990                disk
 .bss.__malloc_free_list
                0x000000002000099c        0x4 c:/st/stm32cubeide_1.10.1/stm32cubeide/plugins/com.st.stm32cube.ide.mcu.externaltools.gnu-tools-for-stm32.10.3-2021.10.win32_1.0.0.202111181127/tools/bin/../lib/gcc/arm-none-eabi/10.3.1/../../../../arm-none-eabi/lib/thumb/v7e-m+fp/hard\libc_nano.a(lib_a-nano-mallocr.o)
                0x000000002000099c                __malloc_free_list
 .bss.__malloc_sbrk_start
                0x00000000200009a0        0x4 c:/st/stm32cubeide_1.10.1/stm32cubeide/plugins/com.st.stm32cube.ide.mcu.externaltools.gnu-tools-for-stm32.10.3-2021.10.win32_1.0.0.202111181127/tools/bin/../lib/gcc/arm-none-eabi/10.3.1/../../../../arm-none-eabi/lib/thumb/v7e-m+fp/hard\libc_nano.a(lib_a-nano-mallocr.o)
                0x00000000200009a0                __malloc_sbrk_start
 .bss.errno     0x00000000200009a4        0x4 c:/st/stm32cubeide_1.10.1/stm32cubeide/plugins/com.st.stm32cube.ide.mcu.externaltools.gnu-tools-for-stm32.10.3-2021.10.win32_1.0.0.202111181127/tools/bin/../lib/gcc/arm-none-eabi/10.3.1/../../../../arm-none-eabi/lib/thumb/v7e-m+fp/hard\libc_nano.a(lib_a-reent.o)
                0x00000000200009a4                errno
 .bss.__lock___malloc_recursive_mutex
                0x00000000200009a8        0x1 c:/st/stm32cubeide_1.10.1/stm32cubeide/plugins/com.st.stm32cube.ide.mcu.externaltools.gnu-tools-for-stm32.10.3-2021.10.win32_1.0.0.202111181127/tools/bin/../lib/gcc/arm-none-eabi/10.3.1/../../../../arm-none-eabi/lib/thumb/v7e-m+fp/hard\libc_nano.a(lib_a-lock.o)
                0x00000000200009a8                __lock___malloc_recursive_mutex
 *(COMMON)
                0x00000000200009ac                . = ALIGN (0x4)
 *fill*         0x00000000200009a9        0x3 
                0x00000000200009ac                _ebss = .
                0x00000000200009ac                __bss_end__ = _ebss

._user_heap_stack
                0x00000000200009ac      0x604
                0x00000000200009b0                . = ALIGN (0x8)
 *fill*         0x00000000200009ac        0x4 
                [!provide]                        PROVIDE (end = .)
                0x00000000200009b0                PROVIDE (_end = .)
                0x0000000020000bb0                . = (. + _Min_Heap_Size)
 *fill*         0x00000000200009b0      0x200 
                0x0000000020000fb0                . = (. + _Min_Stack_Size)
 *fill*         0x0000000020000bb0      0x400 
                0x0000000020000fb0                . = ALIGN (0x8)

/DISCARD/
 libc.a(*)
 libm.a(*)
 libgcc.a(*)

.ARM.attributes
                0x0000000000000000       0x30
 *(.ARM.attributes)
 .ARM.attributes
                0x0000000000000000       0x1e c:/st/stm32cubeide_1.10.1/stm32cubeide/plugins/com.st.stm32cube.ide.mcu.externaltools.gnu-tools-for-stm32.10.3-2021.10.win32_1.0.0.202111181127/tools/bin/../lib/gcc/arm-none-eabi/10.3.1/thumb/v7e-m+fp/hard/crti.o
 .ARM.attributes
                0x000000000000001e       0x34 c:/st/stm32cubeide_1.10.1/stm32cubeide/plugins/com.st.stm32cube.ide.mcu.externaltools.gnu-tools-for-stm32.10.3-2021.10.win32_1.0.0.202111181127/tools/bin/../lib/gcc/arm-none-eabi/10.3.1/thumb/v7e-m+fp/hard/crtbegin.o
 .ARM.attributes
                0x0000000000000052       0x34 ./Core/Src/7SEG.o
 .ARM.attributes
                0x0000000000000086       0x34 ./Core/Src/CLCD.o
 .ARM.attributes
                0x00000000000000ba       0x34 ./Core/Src/VS1003.o
 .ARM.attributes
                0x00000000000000ee       0x34 ./Core/Src/adc.o
 .ARM.attributes
                0x0000000000000122       0x34 ./Core/Src/dma.o
 .ARM.attributes
                0x0000000000000156       0x34 ./Core/Src/gpio.o
 .ARM.attributes
                0x000000000000018a       0x34 ./Core/Src/i2c.o
 .ARM.attributes
                0x00000000000001be       0x34 ./Core/Src/main.o
 .ARM.attributes
                0x00000000000001f2       0x34 ./Core/Src/sdio.o
 .ARM.attributes
                0x0000000000000226       0x34 ./Core/Src/spi.o
 .ARM.attributes
                0x000000000000025a       0x34 ./Core/Src/stm32f4xx_hal_msp.o
 .ARM.attributes
                0x000000000000028e       0x34 ./Core/Src/stm32f4xx_it.o
 .ARM.attributes
                0x00000000000002c2       0x34 ./Core/Src/sysmem.o
 .ARM.attributes
                0x00000000000002f6       0x34 ./Core/Src/system_stm32f4xx.o
 .ARM.attributes
                0x000000000000032a       0x34 ./Core/Src/tim.o
 .ARM.attributes
                0x000000000000035e       0x34 ./Core/Src/usart.o
 .ARM.attributes
                0x0000000000000392       0x21 ./Core/Startup/startup_stm32f407vetx.o
 .ARM.attributes
                0x00000000000003b3       0x34 ./Drivers/STM32F4xx_HAL_Driver/Src/stm32f4xx_hal.o
 .ARM.attributes
                0x00000000000003e7       0x34 ./Drivers/STM32F4xx_HAL_Driver/Src/stm32f4xx_hal_adc.o
 .ARM.attributes
                0x000000000000041b       0x34 ./Drivers/STM32F4xx_HAL_Driver/Src/stm32f4xx_hal_cortex.o
 .ARM.attributes
                0x000000000000044f       0x34 ./Drivers/STM32F4xx_HAL_Driver/Src/stm32f4xx_hal_dma.o
 .ARM.attributes
                0x0000000000000483       0x34 ./Drivers/STM32F4xx_HAL_Driver/Src/stm32f4xx_hal_gpio.o
 .ARM.attributes
                0x00000000000004b7       0x34 ./Drivers/STM32F4xx_HAL_Driver/Src/stm32f4xx_hal_i2c.o
 .ARM.attributes
                0x00000000000004eb       0x34 ./Drivers/STM32F4xx_HAL_Driver/Src/stm32f4xx_hal_rcc.o
 .ARM.attributes
                0x000000000000051f       0x34 ./Drivers/STM32F4xx_HAL_Driver/Src/stm32f4xx_hal_sd.o
 .ARM.attributes
                0x0000000000000553       0x34 ./Drivers/STM32F4xx_HAL_Driver/Src/stm32f4xx_hal_spi.o
 .ARM.attributes
                0x0000000000000587       0x34 ./Drivers/STM32F4xx_HAL_Driver/Src/stm32f4xx_hal_tim.o
 .ARM.attributes
                0x00000000000005bb       0x34 ./Drivers/STM32F4xx_HAL_Driver/Src/stm32f4xx_hal_tim_ex.o
 .ARM.attributes
                0x00000000000005ef       0x34 ./Drivers/STM32F4xx_HAL_Driver/Src/stm32f4xx_hal_uart.o
 .ARM.attributes
                0x0000000000000623       0x34 ./Drivers/STM32F4xx_HAL_Driver/Src/stm32f4xx_ll_sdmmc.o
 .ARM.attributes
                0x0000000000000657       0x34 ./FATFS/App/fatfs.o
 .ARM.attributes
                0x000000000000068b       0x34 ./FATFS/Target/bsp_driver_sd.o
 .ARM.attributes
                0x00000000000006bf       0x34 ./FATFS/Target/sd_diskio.o
 .ARM.attributes
                0x00000000000006f3       0x34 ./Middlewares/Third_Party/FatFs/src/diskio.o
 .ARM.attributes
                0x0000000000000727       0x34 ./Middlewares/Third_Party/FatFs/src/ff.o
 .ARM.attributes
                0x000000000000075b       0x34 ./Middlewares/Third_Party/FatFs/src/ff_gen_drv.o
 .ARM.attributes
                0x000000000000078f       0x34 c:/st/stm32cubeide_1.10.1/stm32cubeide/plugins/com.st.stm32cube.ide.mcu.externaltools.gnu-tools-for-stm32.10.3-2021.10.win32_1.0.0.202111181127/tools/bin/../lib/gcc/arm-none-eabi/10.3.1/../../../../arm-none-eabi/lib/thumb/v7e-m+fp/hard\libc_nano.a(lib_a-errno.o)
 .ARM.attributes
                0x00000000000007c3       0x34 c:/st/stm32cubeide_1.10.1/stm32cubeide/plugins/com.st.stm32cube.ide.mcu.externaltools.gnu-tools-for-stm32.10.3-2021.10.win32_1.0.0.202111181127/tools/bin/../lib/gcc/arm-none-eabi/10.3.1/../../../../arm-none-eabi/lib/thumb/v7e-m+fp/hard\libc_nano.a(lib_a-impure.o)
 .ARM.attributes
                0x00000000000007f7       0x34 c:/st/stm32cubeide_1.10.1/stm32cubeide/plugins/com.st.stm32cube.ide.mcu.externaltools.gnu-tools-for-stm32.10.3-2021.10.win32_1.0.0.202111181127/tools/bin/../lib/gcc/arm-none-eabi/10.3.1/../../../../arm-none-eabi/lib/thumb/v7e-m+fp/hard\libc_nano.a(lib_a-init.o)
 .ARM.attributes
                0x000000000000082b       0x34 c:/st/stm32cubeide_1.10.1/stm32cubeide/plugins/com.st.stm32cube.ide.mcu.externaltools.gnu-tools-for-stm32.10.3-2021.10.win32_1.0.0.202111181127/tools/bin/../lib/gcc/arm-none-eabi/10.3.1/../../../../arm-none-eabi/lib/thumb/v7e-m+fp/hard\libc_nano.a(lib_a-memset.o)
 .ARM.attributes
                0x000000000000085f       0x34 c:/st/stm32cubeide_1.10.1/stm32cubeide/plugins/com.st.stm32cube.ide.mcu.externaltools.gnu-tools-for-stm32.10.3-2021.10.win32_1.0.0.202111181127/tools/bin/../lib/gcc/arm-none-eabi/10.3.1/../../../../arm-none-eabi/lib/thumb/v7e-m+fp/hard\libc_nano.a(lib_a-sprintf.o)
 .ARM.attributes
                0x0000000000000893       0x34 c:/st/stm32cubeide_1.10.1/stm32cubeide/plugins/com.st.stm32cube.ide.mcu.externaltools.gnu-tools-for-stm32.10.3-2021.10.win32_1.0.0.202111181127/tools/bin/../lib/gcc/arm-none-eabi/10.3.1/../../../../arm-none-eabi/lib/thumb/v7e-m+fp/hard\libc_nano.a(lib_a-nano-svfprintf.o)
 .ARM.attributes
                0x00000000000008c7       0x34 c:/st/stm32cubeide_1.10.1/stm32cubeide/plugins/com.st.stm32cube.ide.mcu.externaltools.gnu-tools-for-stm32.10.3-2021.10.win32_1.0.0.202111181127/tools/bin/../lib/gcc/arm-none-eabi/10.3.1/../../../../arm-none-eabi/lib/thumb/v7e-m+fp/hard\libc_nano.a(lib_a-nano-vfprintf_i.o)
 .ARM.attributes
                0x00000000000008fb       0x1c c:/st/stm32cubeide_1.10.1/stm32cubeide/plugins/com.st.stm32cube.ide.mcu.externaltools.gnu-tools-for-stm32.10.3-2021.10.win32_1.0.0.202111181127/tools/bin/../lib/gcc/arm-none-eabi/10.3.1/../../../../arm-none-eabi/lib/thumb/v7e-m+fp/hard\libc_nano.a(lib_a-memchr.o)
 .ARM.attributes
                0x0000000000000917       0x34 c:/st/stm32cubeide_1.10.1/stm32cubeide/plugins/com.st.stm32cube.ide.mcu.externaltools.gnu-tools-for-stm32.10.3-2021.10.win32_1.0.0.202111181127/tools/bin/../lib/gcc/arm-none-eabi/10.3.1/../../../../arm-none-eabi/lib/thumb/v7e-m+fp/hard\libc_nano.a(lib_a-memcpy-stub.o)
 .ARM.attributes
                0x000000000000094b       0x34 c:/st/stm32cubeide_1.10.1/stm32cubeide/plugins/com.st.stm32cube.ide.mcu.externaltools.gnu-tools-for-stm32.10.3-2021.10.win32_1.0.0.202111181127/tools/bin/../lib/gcc/arm-none-eabi/10.3.1/../../../../arm-none-eabi/lib/thumb/v7e-m+fp/hard\libc_nano.a(lib_a-memmove.o)
 .ARM.attributes
                0x000000000000097f       0x34 c:/st/stm32cubeide_1.10.1/stm32cubeide/plugins/com.st.stm32cube.ide.mcu.externaltools.gnu-tools-for-stm32.10.3-2021.10.win32_1.0.0.202111181127/tools/bin/../lib/gcc/arm-none-eabi/10.3.1/../../../../arm-none-eabi/lib/thumb/v7e-m+fp/hard\libc_nano.a(lib_a-nano-freer.o)
 .ARM.attributes
                0x00000000000009b3       0x34 c:/st/stm32cubeide_1.10.1/stm32cubeide/plugins/com.st.stm32cube.ide.mcu.externaltools.gnu-tools-for-stm32.10.3-2021.10.win32_1.0.0.202111181127/tools/bin/../lib/gcc/arm-none-eabi/10.3.1/../../../../arm-none-eabi/lib/thumb/v7e-m+fp/hard\libc_nano.a(lib_a-nano-mallocr.o)
 .ARM.attributes
                0x00000000000009e7       0x34 c:/st/stm32cubeide_1.10.1/stm32cubeide/plugins/com.st.stm32cube.ide.mcu.externaltools.gnu-tools-for-stm32.10.3-2021.10.win32_1.0.0.202111181127/tools/bin/../lib/gcc/arm-none-eabi/10.3.1/../../../../arm-none-eabi/lib/thumb/v7e-m+fp/hard\libc_nano.a(lib_a-nano-reallocr.o)
 .ARM.attributes
                0x0000000000000a1b       0x34 c:/st/stm32cubeide_1.10.1/stm32cubeide/plugins/com.st.stm32cube.ide.mcu.externaltools.gnu-tools-for-stm32.10.3-2021.10.win32_1.0.0.202111181127/tools/bin/../lib/gcc/arm-none-eabi/10.3.1/../../../../arm-none-eabi/lib/thumb/v7e-m+fp/hard\libc_nano.a(lib_a-sbrkr.o)
 .ARM.attributes
                0x0000000000000a4f       0x34 c:/st/stm32cubeide_1.10.1/stm32cubeide/plugins/com.st.stm32cube.ide.mcu.externaltools.gnu-tools-for-stm32.10.3-2021.10.win32_1.0.0.202111181127/tools/bin/../lib/gcc/arm-none-eabi/10.3.1/../../../../arm-none-eabi/lib/thumb/v7e-m+fp/hard\libc_nano.a(lib_a-mlock.o)
 .ARM.attributes
                0x0000000000000a83       0x34 c:/st/stm32cubeide_1.10.1/stm32cubeide/plugins/com.st.stm32cube.ide.mcu.externaltools.gnu-tools-for-stm32.10.3-2021.10.win32_1.0.0.202111181127/tools/bin/../lib/gcc/arm-none-eabi/10.3.1/../../../../arm-none-eabi/lib/thumb/v7e-m+fp/hard\libc_nano.a(lib_a-nano-msizer.o)
 .ARM.attributes
                0x0000000000000ab7       0x34 c:/st/stm32cubeide_1.10.1/stm32cubeide/plugins/com.st.stm32cube.ide.mcu.externaltools.gnu-tools-for-stm32.10.3-2021.10.win32_1.0.0.202111181127/tools/bin/../lib/gcc/arm-none-eabi/10.3.1/../../../../arm-none-eabi/lib/thumb/v7e-m+fp/hard\libc_nano.a(lib_a-reent.o)
 .ARM.attributes
                0x0000000000000aeb       0x34 c:/st/stm32cubeide_1.10.1/stm32cubeide/plugins/com.st.stm32cube.ide.mcu.externaltools.gnu-tools-for-stm32.10.3-2021.10.win32_1.0.0.202111181127/tools/bin/../lib/gcc/arm-none-eabi/10.3.1/../../../../arm-none-eabi/lib/thumb/v7e-m+fp/hard\libc_nano.a(lib_a-lock.o)
 .ARM.attributes
                0x0000000000000b1f       0x1e c:/st/stm32cubeide_1.10.1/stm32cubeide/plugins/com.st.stm32cube.ide.mcu.externaltools.gnu-tools-for-stm32.10.3-2021.10.win32_1.0.0.202111181127/tools/bin/../lib/gcc/arm-none-eabi/10.3.1/thumb/v7e-m+fp/hard\libgcc.a(_aeabi_uldivmod.o)
 .ARM.attributes
                0x0000000000000b3d       0x34 c:/st/stm32cubeide_1.10.1/stm32cubeide/plugins/com.st.stm32cube.ide.mcu.externaltools.gnu-tools-for-stm32.10.3-2021.10.win32_1.0.0.202111181127/tools/bin/../lib/gcc/arm-none-eabi/10.3.1/thumb/v7e-m+fp/hard\libgcc.a(_udivmoddi4.o)
 .ARM.attributes
                0x0000000000000b71       0x1e c:/st/stm32cubeide_1.10.1/stm32cubeide/plugins/com.st.stm32cube.ide.mcu.externaltools.gnu-tools-for-stm32.10.3-2021.10.win32_1.0.0.202111181127/tools/bin/../lib/gcc/arm-none-eabi/10.3.1/thumb/v7e-m+fp/hard\libgcc.a(_dvmd_tls.o)
 .ARM.attributes
                0x0000000000000b8f       0x1e c:/st/stm32cubeide_1.10.1/stm32cubeide/plugins/com.st.stm32cube.ide.mcu.externaltools.gnu-tools-for-stm32.10.3-2021.10.win32_1.0.0.202111181127/tools/bin/../lib/gcc/arm-none-eabi/10.3.1/thumb/v7e-m+fp/hard/crtn.o
OUTPUT(11_SDIO_FATFS_Test.elf elf32-littlearm)
LOAD linker stubs
LOAD c:/st/stm32cubeide_1.10.1/stm32cubeide/plugins/com.st.stm32cube.ide.mcu.externaltools.gnu-tools-for-stm32.10.3-2021.10.win32_1.0.0.202111181127/tools/bin/../lib/gcc/arm-none-eabi/10.3.1/../../../../arm-none-eabi/lib/thumb/v7e-m+fp/hard\libc.a
LOAD c:/st/stm32cubeide_1.10.1/stm32cubeide/plugins/com.st.stm32cube.ide.mcu.externaltools.gnu-tools-for-stm32.10.3-2021.10.win32_1.0.0.202111181127/tools/bin/../lib/gcc/arm-none-eabi/10.3.1/../../../../arm-none-eabi/lib/thumb/v7e-m+fp/hard\libm.a
LOAD c:/st/stm32cubeide_1.10.1/stm32cubeide/plugins/com.st.stm32cube.ide.mcu.externaltools.gnu-tools-for-stm32.10.3-2021.10.win32_1.0.0.202111181127/tools/bin/../lib/gcc/arm-none-eabi/10.3.1/thumb/v7e-m+fp/hard\libgcc.a

.debug_info     0x0000000000000000    0x20238
 .debug_info    0x0000000000000000      0x4b4 ./Core/Src/7SEG.o
 .debug_info    0x00000000000004b4      0x4d9 ./Core/Src/CLCD.o
 .debug_info    0x000000000000098d      0xcc0 ./Core/Src/VS1003.o
 .debug_info    0x000000000000164d      0xa86 ./Core/Src/adc.o
 .debug_info    0x00000000000020d3      0x4ec ./Core/Src/dma.o
 .debug_info    0x00000000000025bf      0x70c ./Core/Src/gpio.o
 .debug_info    0x0000000000002ccb      0xa0e ./Core/Src/i2c.o
 .debug_info    0x00000000000036d9     0x19c5 ./Core/Src/main.o
 .debug_info    0x000000000000509e      0xd95 ./Core/Src/sdio.o
 .debug_info    0x0000000000005e33      0x9eb ./Core/Src/spi.o
 .debug_info    0x000000000000681e      0x2a8 ./Core/Src/stm32f4xx_hal_msp.o
 .debug_info    0x0000000000006ac6      0xe47 ./Core/Src/stm32f4xx_it.o
 .debug_info    0x000000000000790d      0x171 ./Core/Src/sysmem.o
 .debug_info    0x0000000000007a7e      0x523 ./Core/Src/system_stm32f4xx.o
 .debug_info    0x0000000000007fa1     0x1196 ./Core/Src/tim.o
 .debug_info    0x0000000000009137      0xbe4 ./Core/Src/usart.o
 .debug_info    0x0000000000009d1b       0x22 ./Core/Startup/startup_stm32f407vetx.o
 .debug_info    0x0000000000009d3d      0x97c ./Drivers/STM32F4xx_HAL_Driver/Src/stm32f4xx_hal.o
 .debug_info    0x000000000000a6b9      0xd70 ./Drivers/STM32F4xx_HAL_Driver/Src/stm32f4xx_hal_adc.o
 .debug_info    0x000000000000b429      0xe1b ./Drivers/STM32F4xx_HAL_Driver/Src/stm32f4xx_hal_cortex.o
 .debug_info    0x000000000000c244      0x94f ./Drivers/STM32F4xx_HAL_Driver/Src/stm32f4xx_hal_dma.o
 .debug_info    0x000000000000cb93      0x76a ./Drivers/STM32F4xx_HAL_Driver/Src/stm32f4xx_hal_gpio.o
 .debug_info    0x000000000000d2fd     0x2609 ./Drivers/STM32F4xx_HAL_Driver/Src/stm32f4xx_hal_i2c.o
 .debug_info    0x000000000000f906      0x966 ./Drivers/STM32F4xx_HAL_Driver/Src/stm32f4xx_hal_rcc.o
 .debug_info    0x000000000001026c     0x1d34 ./Drivers/STM32F4xx_HAL_Driver/Src/stm32f4xx_hal_sd.o
 .debug_info    0x0000000000011fa0     0x1758 ./Drivers/STM32F4xx_HAL_Driver/Src/stm32f4xx_hal_spi.o