Archive member included to satisfy reference by file (symbol)

c:/st/stm32cubeide_1.10.1/stm32cubeide/plugins/com.st.stm32cube.ide.mcu.externaltools.gnu-tools-for-stm32.10.3-2021.10.win32_1.0.0.202111181127/tools/bin/../lib/gcc/arm-none-eabi/10.3.1/../../../../arm-none-eabi/lib/thumb/v7e-m+fp/hard\libc_nano.a(lib_a-errno.o)
                              ./Core/Src/syscalls.o (__errno)
c:/st/stm32cubeide_1.10.1/stm32cubeide/plugins/com.st.stm32cube.ide.mcu.externaltools.gnu-tools-for-stm32.10.3-2021.10.win32_1.0.0.202111181127/tools/bin/../lib/gcc/arm-none-eabi/10.3.1/../../../../arm-none-eabi/lib/thumb/v7e-m+fp/hard\libc_nano.a(lib_a-exit.o)
                              c:/st/stm32cubeide_1.10.1/stm32cubeide/plugins/com.st.stm32cube.ide.mcu.externaltools.gnu-tools-for-stm32.10.3-2021.10.win32_1.0.0.202111181127/tools/bin/../lib/gcc/arm-none-eabi/10.3.1/../../../../arm-none-eabi/lib/thumb/v7e-m+fp/hard/crt0.o (exit)
c:/st/stm32cubeide_1.10.1/stm32cubeide/plugins/com.st.stm32cube.ide.mcu.externaltools.gnu-tools-for-stm32.10.3-2021.10.win32_1.0.0.202111181127/tools/bin/../lib/gcc/arm-none-eabi/10.3.1/../../../../arm-none-eabi/lib/thumb/v7e-m+fp/hard\libc_nano.a(lib_a-impure.o)
                              c:/st/stm32cubeide_1.10.1/stm32cubeide/plugins/com.st.stm32cube.ide.mcu.externaltools.gnu-tools-for-stm32.10.3-2021.10.win32_1.0.0.202111181127/tools/bin/../lib/gcc/arm-none-eabi/10.3.1/../../../../arm-none-eabi/lib/thumb/v7e-m+fp/hard\libc_nano.a(lib_a-exit.o) (_global_impure_ptr)
c:/st/stm32cubeide_1.10.1/stm32cubeide/plugins/com.st.stm32cube.ide.mcu.externaltools.gnu-tools-for-stm32.10.3-2021.10.win32_1.0.0.202111181127/tools/bin/../lib/gcc/arm-none-eabi/10.3.1/../../../../arm-none-eabi/lib/thumb/v7e-m+fp/hard\libc_nano.a(lib_a-init.o)
                              c:/st/stm32cubeide_1.10.1/stm32cubeide/plugins/com.st.stm32cube.ide.mcu.externaltools.gnu-tools-for-stm32.10.3-2021.10.win32_1.0.0.202111181127/tools/bin/../lib/gcc/arm-none-eabi/10.3.1/../../../../arm-none-eabi/lib/thumb/v7e-m+fp/hard/crt0.o (__libc_init_array)
c:/st/stm32cubeide_1.10.1/stm32cubeide/plugins/com.st.stm32cube.ide.mcu.externaltools.gnu-tools-for-stm32.10.3-2021.10.win32_1.0.0.202111181127/tools/bin/../lib/gcc/arm-none-eabi/10.3.1/../../../../arm-none-eabi/lib/thumb/v7e-m+fp/hard\libc_nano.a(lib_a-memset.o)
                              c:/st/stm32cubeide_1.10.1/stm32cubeide/plugins/com.st.stm32cube.ide.mcu.externaltools.gnu-tools-for-stm32.10.3-2021.10.win32_1.0.0.202111181127/tools/bin/../lib/gcc/arm-none-eabi/10.3.1/../../../../arm-none-eabi/lib/thumb/v7e-m+fp/hard/crt0.o (memset)
c:/st/stm32cubeide_1.10.1/stm32cubeide/plugins/com.st.stm32cube.ide.mcu.externaltools.gnu-tools-for-stm32.10.3-2021.10.win32_1.0.0.202111181127/tools/bin/../lib/gcc/arm-none-eabi/10.3.1/thumb/v7e-m+fp/hard\libgcc.a(_aeabi_uldivmod.o)
                              ./Drivers/STM32F4xx_HAL_Driver/Src/stm32f4xx_hal_rcc.o (__aeabi_uldivmod)
c:/st/stm32cubeide_1.10.1/stm32cubeide/plugins/com.st.stm32cube.ide.mcu.externaltools.gnu-tools-for-stm32.10.3-2021.10.win32_1.0.0.202111181127/tools/bin/../lib/gcc/arm-none-eabi/10.3.1/thumb/v7e-m+fp/hard\libgcc.a(_udivmoddi4.o)
                              c:/st/stm32cubeide_1.10.1/stm32cubeide/plugins/com.st.stm32cube.ide.mcu.externaltools.gnu-tools-for-stm32.10.3-2021.10.win32_1.0.0.202111181127/tools/bin/../lib/gcc/arm-none-eabi/10.3.1/thumb/v7e-m+fp/hard\libgcc.a(_aeabi_uldivmod.o) (__udivmoddi4)
c:/st/stm32cubeide_1.10.1/stm32cubeide/plugins/com.st.stm32cube.ide.mcu.externaltools.gnu-tools-for-stm32.10.3-2021.10.win32_1.0.0.202111181127/tools/bin/../lib/gcc/arm-none-eabi/10.3.1/thumb/v7e-m+fp/hard\libgcc.a(_dvmd_tls.o)
                              c:/st/stm32cubeide_1.10.1/stm32cubeide/plugins/com.st.stm32cube.ide.mcu.externaltools.gnu-tools-for-stm32.10.3-2021.10.win32_1.0.0.202111181127/tools/bin/../lib/gcc/arm-none-eabi/10.3.1/thumb/v7e-m+fp/hard\libgcc.a(_aeabi_uldivmod.o) (__aeabi_ldiv0)

Discarded input sections

 .text          0x0000000000000000        0x0 c:/st/stm32cubeide_1.10.1/stm32cubeide/plugins/com.st.stm32cube.ide.mcu.externaltools.gnu-tools-for-stm32.10.3-2021.10.win32_1.0.0.202111181127/tools/bin/../lib/gcc/arm-none-eabi/10.3.1/thumb/v7e-m+fp/hard/crti.o
 .data          0x0000000000000000        0x0 c:/st/stm32cubeide_1.10.1/stm32cubeide/plugins/com.st.stm32cube.ide.mcu.externaltools.gnu-tools-for-stm32.10.3-2021.10.win32_1.0.0.202111181127/tools/bin/../lib/gcc/arm-none-eabi/10.3.1/thumb/v7e-m+fp/hard/crti.o
 .bss           0x0000000000000000        0x0 c:/st/stm32cubeide_1.10.1/stm32cubeide/plugins/com.st.stm32cube.ide.mcu.externaltools.gnu-tools-for-stm32.10.3-2021.10.win32_1.0.0.202111181127/tools/bin/../lib/gcc/arm-none-eabi/10.3.1/thumb/v7e-m+fp/hard/crti.o
[...]
Memory Configuration

Name             Origin             Length             Attributes
CCMRAM           0x0000000010000000 0x0000000000010000 xrw
RAM              0x0000000020000000 0x0000000000020000 xrw
FLASH            0x0000000008000000 0x0000000000080000 xr
*default*        0x0000000000000000 0xffffffffffffffff

Linker script and memory map

LOAD c:/st/stm32cubeide_1.10.1/stm32cubeide/plugins/com.st.stm32cube.ide.mcu.externaltools.gnu-tools-for-stm32.10.3-2021.10.win32_1.0.0.202111181127/tools/bin/../lib/gcc/arm-none-eabi/10.3.1/thumb/v7e-m+fp/hard/crti.o
LOAD c:/st/stm32cubeide_1.10.1/stm32cubeide/plugins/com.st.stm32cube.ide.mcu.externaltools.gnu-tools-for-stm32.10.3-2021.10.win32_1.0.0.202111181127/tools/bin/../lib/gcc/arm-none-eabi/10.3.1/thumb/v7e-m+fp/hard/crtbegin.o
LOAD c:/st/stm32cubeide_1.10.1/stm32cubeide/plugins/com.st.stm32cube.ide.mcu.externaltools.gnu-tools-for-stm32.10.3-2021.10.win32_1.0.0.202111181127/tools/bin/../lib/gcc/arm-none-eabi/10.3.1/../../../../arm-none-eabi/lib/thumb/v7e-m+fp/hard/crt0.o
LOAD ./Core/Src/7SEG.o
LOAD ./Core/Src/CLCD.o
LOAD ./Core/Src/gpio.o
LOAD ./Core/Src/main.o
LOAD ./Core/Src/stm32f4xx_hal_msp.o
LOAD ./Core/Src/stm32f4xx_it.o
LOAD ./Core/Src/syscalls.o
LOAD ./Core/Src/sysmem.o
LOAD ./Core/Src/system_stm32f4xx.o
LOAD ./Core/Src/tim.o
LOAD ./Core/Src/usart.o
LOAD ./Core/Startup/startup_stm32f407vetx.o
LOAD ./Drivers/STM32F4xx_HAL_Driver/Src/stm32f4xx_hal.o
LOAD ./Drivers/STM32F4xx_HAL_Driver/Src/stm32f4xx_hal_cortex.o
LOAD ./Drivers/STM32F4xx_HAL_Driver/Src/stm32f4xx_hal_dma.o
LOAD ./Drivers/STM32F4xx_HAL_Driver/Src/stm32f4xx_hal_dma_ex.o
LOAD ./Drivers/STM32F4xx_HAL_Driver/Src/stm32f4xx_hal_exti.o
LOAD ./Drivers/STM32F4xx_HAL_Driver/Src/stm32f4xx_hal_flash.o
LOAD ./Drivers/STM32F4xx_HAL_Driver/Src/stm32f4xx_hal_flash_ex.o
LOAD ./Drivers/STM32F4xx_HAL_Driver/Src/stm32f4xx_hal_flash_ramfunc.o
LOAD ./Drivers/STM32F4xx_HAL_Driver/Src/stm32f4xx_hal_gpio.o
LOAD ./Drivers/STM32F4xx_HAL_Driver/Src/stm32f4xx_hal_pwr.o
LOAD ./Drivers/STM32F4xx_HAL_Driver/Src/stm32f4xx_hal_pwr_ex.o
LOAD ./Drivers/STM32F4xx_HAL_Driver/Src/stm32f4xx_hal_rcc.o
LOAD ./Drivers/STM32F4xx_HAL_Driver/Src/stm32f4xx_hal_rcc_ex.o
LOAD ./Drivers/STM32F4xx_HAL_Driver/Src/stm32f4xx_hal_tim.o
LOAD ./Drivers/STM32F4xx_HAL_Driver/Src/stm32f4xx_hal_tim_ex.o
LOAD ./Drivers/STM32F4xx_HAL_Driver/Src/stm32f4xx_hal_uart.o
START GROUP
LOAD c:/st/stm32cubeide_1.10.1/stm32cubeide/plugins/com.st.stm32cube.ide.mcu.externaltools.gnu-tools-for-stm32.10.3-2021.10.win32_1.0.0.202111181127/tools/bin/../lib/gcc/arm-none-eabi/10.3.1/../../../../arm-none-eabi/lib/thumb/v7e-m+fp/hard\libc_nano.a
LOAD c:/st/stm32cubeide_1.10.1/stm32cubeide/plugins/com.st.stm32cube.ide.mcu.externaltools.gnu-tools-for-stm32.10.3-2021.10.win32_1.0.0.202111181127/tools/bin/../lib/gcc/arm-none-eabi/10.3.1/../../../../arm-none-eabi/lib/thumb/v7e-m+fp/hard\libm.a
END GROUP
START GROUP
LOAD c:/st/stm32cubeide_1.10.1/stm32cubeide/plugins/com.st.stm32cube.ide.mcu.externaltools.gnu-tools-for-stm32.10.3-2021.10.win32_1.0.0.202111181127/tools/bin/../lib/gcc/arm-none-eabi/10.3.1/thumb/v7e-m+fp/hard\libgcc.a
LOAD c:/st/stm32cubeide_1.10.1/stm32cubeide/plugins/com.st.stm32cube.ide.mcu.externaltools.gnu-tools-for-stm32.10.3-2021.10.win32_1.0.0.202111181127/tools/bin/../lib/gcc/arm-none-eabi/10.3.1/../../../../arm-none-eabi/lib/thumb/v7e-m+fp/hard\libc_nano.a
END GROUP
START GROUP
LOAD c:/st/stm32cubeide_1.10.1/stm32cubeide/plugins/com.st.stm32cube.ide.mcu.externaltools.gnu-tools-for-stm32.10.3-2021.10.win32_1.0.0.202111181127/tools/bin/../lib/gcc/arm-none-eabi/10.3.1/thumb/v7e-m+fp/hard\libgcc.a
LOAD c:/st/stm32cubeide_1.10.1/stm32cubeide/plugins/com.st.stm32cube.ide.mcu.externaltools.gnu-tools-for-stm32.10.3-2021.10.win32_1.0.0.202111181127/tools/bin/../lib/gcc/arm-none-eabi/10.3.1/../../../../arm-none-eabi/lib/thumb/v7e-m+fp/hard\libc_nano.a
LOAD c:/st/stm32cubeide_1.10.1/stm32cubeide/plugins/com.st.stm32cube.ide.mcu.externaltools.gnu-tools-for-stm32.10.3-2021.10.win32_1.0.0.202111181127/tools/bin/../lib/gcc/arm-none-eabi/10.3.1/../../../../arm-none-eabi/lib/thumb/v7e-m+fp/hard\libnosys.a
END GROUP
START GROUP
LOAD c:/st/stm32cubeide_1.10.1/stm32cubeide/plugins/com.st.stm32cube.ide.mcu.externaltools.gnu-tools-for-stm32.10.3-2021.10.win32_1.0.0.202111181127/tools/bin/../lib/gcc/arm-none-eabi/10.3.1/thumb/v7e-m+fp/hard\libgcc.a
LOAD c:/st/stm32cubeide_1.10.1/stm32cubeide/plugins/com.st.stm32cube.ide.mcu.externaltools.gnu-tools-for-stm32.10.3-2021.10.win32_1.0.0.202111181127/tools/bin/../lib/gcc/arm-none-eabi/10.3.1/../../../../arm-none-eabi/lib/thumb/v7e-m+fp/hard\libc_nano.a
LOAD c:/st/stm32cubeide_1.10.1/stm32cubeide/plugins/com.st.stm32cube.ide.mcu.externaltools.gnu-tools-for-stm32.10.3-2021.10.win32_1.0.0.202111181127/tools/bin/../lib/gcc/arm-none-eabi/10.3.1/../../../../arm-none-eabi/lib/thumb/v7e-m+fp/hard\libnosys.a
END GROUP
LOAD c:/st/stm32cubeide_1.10.1/stm32cubeide/plugins/com.st.stm32cube.ide.mcu.externaltools.gnu-tools-for-stm32.10.3-2021.10.win32_1.0.0.202111181127/tools/bin/../lib/gcc/arm-none-eabi/10.3.1/thumb/v7e-m+fp/hard/crtend.o
LOAD c:/st/stm32cubeide_1.10.1/stm32cubeide/plugins/com.st.stm32cube.ide.mcu.externaltools.gnu-tools-for-stm32.10.3-2021.10.win32_1.0.0.202111181127/tools/bin/../lib/gcc/arm-none-eabi/10.3.1/thumb/v7e-m+fp/hard/crtn.o
                0x0000000020020000                _estack = (ORIGIN (RAM) + LENGTH (RAM))
                0x0000000000000200                _Min_Heap_Size = 0x200
                0x0000000000000400                _Min_Stack_Size = 0x400

.isr_vector     0x0000000008000000      0x188
                0x0000000008000000                . = ALIGN (0x4)
 *(.isr_vector)
 .isr_vector    0x0000000008000000      0x188 ./Core/Startup/startup_stm32f407vetx.o
                0x0000000008000000                g_pfnVectors
                0x0000000008000188                . = ALIGN (0x4)

.text           0x0000000008000188     0x4fec
                0x0000000008000188                . = ALIGN (0x4)
 *(.text)
 .text          0x0000000008000188       0x40 c:/st/stm32cubeide_1.10.1/stm32cubeide/plugins/com.st.stm32cube.ide.mcu.externaltools.gnu-tools-for-stm32.10.3-2021.10.win32_1.0.0.202111181127/tools/bin/../lib/gcc/arm-none-eabi/10.3.1/thumb/v7e-m+fp/hard/crtbegin.o
 .text          0x00000000080001c8       0x30 c:/st/stm32cubeide_1.10.1/stm32cubeide/plugins/com.st.stm32cube.ide.mcu.externaltools.gnu-tools-for-stm32.10.3-2021.10.win32_1.0.0.202111181127/tools/bin/../lib/gcc/arm-none-eabi/10.3.1/thumb/v7e-m+fp/hard\libgcc.a(_aeabi_uldivmod.o)
                0x00000000080001c8                __aeabi_uldivmod
 .text          0x00000000080001f8      0x2d0 c:/st/stm32cubeide_1.10.1/stm32cubeide/plugins/com.st.stm32cube.ide.mcu.externaltools.gnu-tools-for-stm32.10.3-2021.10.win32_1.0.0.202111181127/tools/bin/../lib/gcc/arm-none-eabi/10.3.1/thumb/v7e-m+fp/hard\libgcc.a(_udivmoddi4.o)
                0x00000000080001f8                __udivmoddi4
 .text          0x00000000080004c8        0x4 c:/st/stm32cubeide_1.10.1/stm32cubeide/plugins/com.st.stm32cube.ide.mcu.externaltools.gnu-tools-for-stm32.10.3-2021.10.win32_1.0.0.202111181127/tools/bin/../lib/gcc/arm-none-eabi/10.3.1/thumb/v7e-m+fp/hard\libgcc.a(_dvmd_tls.o)
                0x00000000080004c8                __aeabi_idiv0
                0x00000000080004c8                __aeabi_ldiv0
 *(.text*)
 .text._7SEG_GPIO_Init
                0x00000000080004cc      0x1cc ./Core/Src/7SEG.o
                0x00000000080004cc                _7SEG_GPIO_Init
 .text._7SEG_SetNumber
                0x0000000008000698      0x7c4 ./Core/Src/7SEG.o
                0x0000000008000698                _7SEG_SetNumber
 .text.CLCD_GPIO_Init
                0x0000000008000e5c       0xa0 ./Core/Src/CLCD.o
                0x0000000008000e5c                CLCD_GPIO_Init
 .text.CLCD_Write_Instruction
                0x0000000008000efc      0x194 ./Core/Src/CLCD.o
                0x0000000008000efc                CLCD_Write_Instruction
 .text.CLCD_Write_Display
                0x0000000008001090      0x194 ./Core/Src/CLCD.o
                0x0000000008001090                CLCD_Write_Display
 .text.CLCD_Gotoxy
                0x0000000008001224       0x40 ./Core/Src/CLCD.o
                0x0000000008001224                CLCD_Gotoxy
 .text.CLCD_Puts
                0x0000000008001264       0x4a ./Core/Src/CLCD.o
                0x0000000008001264                CLCD_Puts
 .text.CLCD_Init
                0x00000000080012ae       0x44 ./Core/Src/CLCD.o
                0x00000000080012ae                CLCD_Init
 .text.CLCD_Clear
                0x00000000080012f2       0x14 ./Core/Src/CLCD.o
                0x00000000080012f2                CLCD_Clear
 *fill*         0x0000000008001306        0x2 
 .text.MX_GPIO_Init
                0x0000000008001308      0x164 ./Core/Src/gpio.o
                0x0000000008001308                MX_GPIO_Init
 .text.main     0x000000000800146c      0x130 ./Core/Src/main.o
                0x000000000800146c                main
 .text.SystemClock_Config
                0x000000000800159c       0xd4 ./Core/Src/main.o
                0x000000000800159c                SystemClock_Config
 .text.MX_NVIC_Init
                0x0000000008001670       0x28 ./Core/Src/main.o
 .text.HAL_UART_RxCpltCallback
                0x0000000008001698       0x3c ./Core/Src/main.o
                0x0000000008001698                HAL_UART_RxCpltCallback
 .text.HAL_TIM_PeriodElapsedCallback
                0x00000000080016d4       0x34 ./Core/Src/main.o
                0x00000000080016d4                HAL_TIM_PeriodElapsedCallback
 .text.HAL_GPIO_EXTI_Callback
                0x0000000008001708       0x5c ./Core/Src/main.o
                0x0000000008001708                HAL_GPIO_EXTI_Callback
 .text.Error_Handler
                0x0000000008001764        0xa ./Core/Src/main.o
                0x0000000008001764                Error_Handler
 *fill*         0x000000000800176e        0x2 
 .text.HAL_MspInit
                0x0000000008001770       0x50 ./Core/Src/stm32f4xx_hal_msp.o
                0x0000000008001770                HAL_MspInit
 .text.NMI_Handler
                0x00000000080017c0        0x6 ./Core/Src/stm32f4xx_it.o
                0x00000000080017c0                NMI_Handler
 .text.HardFault_Handler
                0x00000000080017c6        0x6 ./Core/Src/stm32f4xx_it.o
                0x00000000080017c6                HardFault_Handler
 .text.MemManage_Handler
                0x00000000080017cc        0x6 ./Core/Src/stm32f4xx_it.o
                0x00000000080017cc                MemManage_Handler
 .text.BusFault_Handler
                0x00000000080017d2        0x6 ./Core/Src/stm32f4xx_it.o
                0x00000000080017d2                BusFault_Handler
 .text.UsageFault_Handler
                0x00000000080017d8        0x6 ./Core/Src/stm32f4xx_it.o
                0x00000000080017d8                UsageFault_Handler
 .text.SVC_Handler
                0x00000000080017de        0xe ./Core/Src/stm32f4xx_it.o
                0x00000000080017de                SVC_Handler
 .text.DebugMon_Handler
                0x00000000080017ec        0xe ./Core/Src/stm32f4xx_it.o
                0x00000000080017ec                DebugMon_Handler
 .text.PendSV_Handler
                0x00000000080017fa        0xe ./Core/Src/stm32f4xx_it.o
                0x00000000080017fa                PendSV_Handler
 .text.SysTick_Handler
                0x0000000008001808        0xc ./Core/Src/stm32f4xx_it.o
                0x0000000008001808                SysTick_Handler
 .text.EXTI3_IRQHandler
                0x0000000008001814        0xe ./Core/Src/stm32f4xx_it.o
                0x0000000008001814                EXTI3_IRQHandler
 .text.EXTI4_IRQHandler
                0x0000000008001822        0xe ./Core/Src/stm32f4xx_it.o
                0x0000000008001822                EXTI4_IRQHandler
 .text.USART3_IRQHandler
                0x0000000008001830       0x14 ./Core/Src/stm32f4xx_it.o
                0x0000000008001830                USART3_IRQHandler
 .text.EXTI15_10_IRQHandler
                0x0000000008001844       0x18 ./Core/Src/stm32f4xx_it.o
                0x0000000008001844                EXTI15_10_IRQHandler
 .text.TIM7_IRQHandler
                0x000000000800185c       0x14 ./Core/Src/stm32f4xx_it.o
                0x000000000800185c                TIM7_IRQHandler
 .text.SystemInit
                0x0000000008001870       0x24 ./Core/Src/system_stm32f4xx.o
                0x0000000008001870                SystemInit
 .text.MX_TIM3_Init
                0x0000000008001894      0x128 ./Core/Src/tim.o
                0x0000000008001894                MX_TIM3_Init
 .text.MX_TIM4_Init
                0x00000000080019bc      0x128 ./Core/Src/tim.o
                0x00000000080019bc                MX_TIM4_Init
 .text.MX_TIM7_Init
                0x0000000008001ae4       0x6c ./Core/Src/tim.o
                0x0000000008001ae4                MX_TIM7_Init
 .text.HAL_TIM_Base_MspInit
                0x0000000008001b50       0x9c ./Core/Src/tim.o
                0x0000000008001b50                HAL_TIM_Base_MspInit
 .text.HAL_TIM_MspPostInit
                0x0000000008001bec      0x104 ./Core/Src/tim.o
                0x0000000008001bec                HAL_TIM_MspPostInit
 .text.MX_USART3_UART_Init
                0x0000000008001cf0       0x54 ./Core/Src/usart.o
                0x0000000008001cf0                MX_USART3_UART_Init
 .text.HAL_UART_MspInit
                0x0000000008001d44       0x90 ./Core/Src/usart.o
                0x0000000008001d44                HAL_UART_MspInit
 .text.Reset_Handler
                0x0000000008001dd4       0x50 ./Core/Startup/startup_stm32f407vetx.o
                0x0000000008001dd4                Reset_Handler
 .text.Default_Handler
                0x0000000008001e24        0x2 ./Core/Startup/startup_stm32f407vetx.o
                0x0000000008001e24                RTC_Alarm_IRQHandler
                0x0000000008001e24                HASH_RNG_IRQHandler
                0x0000000008001e24                EXTI2_IRQHandler
                0x0000000008001e24                TIM8_CC_IRQHandler
                0x0000000008001e24                TIM1_CC_IRQHandler
                0x0000000008001e24                DMA2_Stream5_IRQHandler
                0x0000000008001e24                DMA1_Stream5_IRQHandler
                0x0000000008001e24                PVD_IRQHandler
                0x0000000008001e24                SDIO_IRQHandler
                0x0000000008001e24                TAMP_STAMP_IRQHandler
                0x0000000008001e24                CAN2_RX1_IRQHandler
                0x0000000008001e24                TIM8_TRG_COM_TIM14_IRQHandler
                0x0000000008001e24                TIM1_UP_TIM10_IRQHandler
                0x0000000008001e24                TIM8_UP_TIM13_IRQHandler
                0x0000000008001e24                I2C3_ER_IRQHandler
                0x0000000008001e24                EXTI0_IRQHandler
                0x0000000008001e24                I2C2_EV_IRQHandler
                0x0000000008001e24                DMA1_Stream2_IRQHandler
                0x0000000008001e24                CAN1_RX0_IRQHandler
                0x0000000008001e24                FPU_IRQHandler
                0x0000000008001e24                OTG_HS_WKUP_IRQHandler
                0x0000000008001e24                CAN2_SCE_IRQHandler
                0x0000000008001e24                DMA2_Stream2_IRQHandler
                0x0000000008001e24                SPI1_IRQHandler
                0x0000000008001e24                TIM6_DAC_IRQHandler
                0x0000000008001e24                TIM1_BRK_TIM9_IRQHandler
                0x0000000008001e24                DCMI_IRQHandler
                0x0000000008001e24                CAN2_RX0_IRQHandler
                0x0000000008001e24                DMA2_Stream3_IRQHandler
                0x0000000008001e24                USART6_IRQHandler
                0x0000000008001e24                CAN1_RX1_IRQHandler
                0x0000000008001e24                UART5_IRQHandler
                0x0000000008001e24                DMA2_Stream0_IRQHandler
                0x0000000008001e24                TIM4_IRQHandler
                0x0000000008001e24                I2C1_EV_IRQHandler
                0x0000000008001e24                DMA1_Stream6_IRQHandler
                0x0000000008001e24                DMA1_Stream1_IRQHandler
                0x0000000008001e24                UART4_IRQHandler
                0x0000000008001e24                TIM3_IRQHandler
                0x0000000008001e24                RCC_IRQHandler
                0x0000000008001e24                TIM8_BRK_TIM12_IRQHandler
                0x0000000008001e24                Default_Handler
                0x0000000008001e24                ADC_IRQHandler
                0x0000000008001e24                DMA1_Stream7_IRQHandler
                0x0000000008001e24                CAN2_TX_IRQHandler
                0x0000000008001e24                TIM5_IRQHandler
                0x0000000008001e24                DMA2_Stream7_IRQHandler
                0x0000000008001e24                I2C3_EV_IRQHandler
                0x0000000008001e24                EXTI9_5_IRQHandler
                0x0000000008001e24                RTC_WKUP_IRQHandler
                0x0000000008001e24                ETH_WKUP_IRQHandler
                0x0000000008001e24                SPI2_IRQHandler
                0x0000000008001e24                OTG_HS_EP1_IN_IRQHandler
                0x0000000008001e24                DMA1_Stream0_IRQHandler
                0x0000000008001e24                CAN1_TX_IRQHandler
                0x0000000008001e24                FSMC_IRQHandler
                0x0000000008001e24                ETH_IRQHandler
                0x0000000008001e24                OTG_HS_EP1_OUT_IRQHandler
                0x0000000008001e24                WWDG_IRQHandler
                0x0000000008001e24                TIM2_IRQHandler
                0x0000000008001e24                OTG_FS_WKUP_IRQHandler
                0x0000000008001e24                TIM1_TRG_COM_TIM11_IRQHandler
                0x0000000008001e24                OTG_HS_IRQHandler
                0x0000000008001e24                EXTI1_IRQHandler
                0x0000000008001e24                USART2_IRQHandler
                0x0000000008001e24                I2C2_ER_IRQHandler
                0x0000000008001e24                DMA2_Stream1_IRQHandler
                0x0000000008001e24                CAN1_SCE_IRQHandler
                0x0000000008001e24                FLASH_IRQHandler
                0x0000000008001e24                DMA2_Stream4_IRQHandler
                0x0000000008001e24                USART1_IRQHandler
                0x0000000008001e24                OTG_FS_IRQHandler
                0x0000000008001e24                SPI3_IRQHandler
                0x0000000008001e24                DMA1_Stream4_IRQHandler
                0x0000000008001e24                I2C1_ER_IRQHandler
                0x0000000008001e24                DMA2_Stream6_IRQHandler
                0x0000000008001e24                DMA1_Stream3_IRQHandler
 *fill*         0x0000000008001e26        0x2 
 .text.HAL_Init
                0x0000000008001e28       0x44 ./Drivers/STM32F4xx_HAL_Driver/Src/stm32f4xx_hal.o
                0x0000000008001e28                HAL_Init
 .text.HAL_InitTick
                0x0000000008001e6c       0x60 ./Drivers/STM32F4xx_HAL_Driver/Src/stm32f4xx_hal.o
                0x0000000008001e6c                HAL_InitTick
 .text.HAL_IncTick
                0x0000000008001ecc       0x28 ./Drivers/STM32F4xx_HAL_Driver/Src/stm32f4xx_hal.o
                0x0000000008001ecc                HAL_IncTick
 .text.HAL_GetTick
                0x0000000008001ef4       0x18 ./Drivers/STM32F4xx_HAL_Driver/Src/stm32f4xx_hal.o
                0x0000000008001ef4                HAL_GetTick
 .text.HAL_Delay
                0x0000000008001f0c       0x48 ./Drivers/STM32F4xx_HAL_Driver/Src/stm32f4xx_hal.o
                0x0000000008001f0c                HAL_Delay
 .text.__NVIC_SetPriorityGrouping
                0x0000000008001f54       0x48 ./Drivers/STM32F4xx_HAL_Driver/Src/stm32f4xx_hal_cortex.o
 .text.__NVIC_GetPriorityGrouping
                0x0000000008001f9c       0x1c ./Drivers/STM32F4xx_HAL_Driver/Src/stm32f4xx_hal_cortex.o
 .text.__NVIC_EnableIRQ
                0x0000000008001fb8       0x3c ./Drivers/STM32F4xx_HAL_Driver/Src/stm32f4xx_hal_cortex.o
 .text.__NVIC_SetPriority
                0x0000000008001ff4       0x54 ./Drivers/STM32F4xx_HAL_Driver/Src/stm32f4xx_hal_cortex.o
 .text.NVIC_EncodePriority
                0x0000000008002048       0x66 ./Drivers/STM32F4xx_HAL_Driver/Src/stm32f4xx_hal_cortex.o
 *fill*         0x00000000080020ae        0x2 
 .text.SysTick_Config
                0x00000000080020b0       0x44 ./Drivers/STM32F4xx_HAL_Driver/Src/stm32f4xx_hal_cortex.o
 .text.HAL_NVIC_SetPriorityGrouping
                0x00000000080020f4       0x16 ./Drivers/STM32F4xx_HAL_Driver/Src/stm32f4xx_hal_cortex.o
                0x00000000080020f4                HAL_NVIC_SetPriorityGrouping
 .text.HAL_NVIC_SetPriority
                0x000000000800210a       0x38 ./Drivers/STM32F4xx_HAL_Driver/Src/stm32f4xx_hal_cortex.o
                0x000000000800210a                HAL_NVIC_SetPriority
 .text.HAL_NVIC_EnableIRQ
                0x0000000008002142       0x1c ./Drivers/STM32F4xx_HAL_Driver/Src/stm32f4xx_hal_cortex.o
                0x0000000008002142                HAL_NVIC_EnableIRQ
 .text.HAL_SYSTICK_Config
                0x000000000800215e       0x18 ./Drivers/STM32F4xx_HAL_Driver/Src/stm32f4xx_hal_cortex.o
                0x000000000800215e                HAL_SYSTICK_Config
 .text.HAL_DMA_Abort
                0x0000000008002176       0xe0 ./Drivers/STM32F4xx_HAL_Driver/Src/stm32f4xx_hal_dma.o
                0x0000000008002176                HAL_DMA_Abort
 .text.HAL_DMA_Abort_IT
                0x0000000008002256       0x44 ./Drivers/STM32F4xx_HAL_Driver/Src/stm32f4xx_hal_dma.o
                0x0000000008002256                HAL_DMA_Abort_IT
 *fill*         0x000000000800229a        0x2 
 .text.HAL_GPIO_Init
                0x000000000800229c      0x338 ./Drivers/STM32F4xx_HAL_Driver/Src/stm32f4xx_hal_gpio.o
                0x000000000800229c                HAL_GPIO_Init
 .text.HAL_GPIO_WritePin
                0x00000000080025d4       0x32 ./Drivers/STM32F4xx_HAL_Driver/Src/stm32f4xx_hal_gpio.o
                0x00000000080025d4                HAL_GPIO_WritePin
 .text.HAL_GPIO_TogglePin
                0x0000000008002606       0x34 ./Drivers/STM32F4xx_HAL_Driver/Src/stm32f4xx_hal_gpio.o
                0x0000000008002606                HAL_GPIO_TogglePin
 *fill*         0x000000000800263a        0x2 
 .text.HAL_GPIO_EXTI_IRQHandler
                0x000000000800263c       0x30 ./Drivers/STM32F4xx_HAL_Driver/Src/stm32f4xx_hal_gpio.o
                0x000000000800263c                HAL_GPIO_EXTI_IRQHandler
 .text.HAL_RCC_OscConfig
                0x000000000800266c      0x4f0 ./Drivers/STM32F4xx_HAL_Driver/Src/stm32f4xx_hal_rcc.o
                0x000000000800266c                HAL_RCC_OscConfig
 .text.HAL_RCC_ClockConfig
                0x0000000008002b5c      0x1cc ./Drivers/STM32F4xx_HAL_Driver/Src/stm32f4xx_hal_rcc.o
                0x0000000008002b5c                HAL_RCC_ClockConfig
 .text.HAL_RCC_GetSysClockFreq
                0x0000000008002d28      0x20c ./Drivers/STM32F4xx_HAL_Driver/Src/stm32f4xx_hal_rcc.o
                0x0000000008002d28                HAL_RCC_GetSysClockFreq
 .text.HAL_RCC_GetHCLKFreq
                0x0000000008002f34       0x18 ./Drivers/STM32F4xx_HAL_Driver/Src/stm32f4xx_hal_rcc.o
                0x0000000008002f34                HAL_RCC_GetHCLKFreq
 .text.HAL_RCC_GetPCLK1Freq
                0x0000000008002f4c       0x28 ./Drivers/STM32F4xx_HAL_Driver/Src/stm32f4xx_hal_rcc.o
                0x0000000008002f4c                HAL_RCC_GetPCLK1Freq
 .text.HAL_RCC_GetPCLK2Freq
                0x0000000008002f74       0x28 ./Drivers/STM32F4xx_HAL_Driver/Src/stm32f4xx_hal_rcc.o
                0x0000000008002f74                HAL_RCC_GetPCLK2Freq
 .text.HAL_TIM_Base_Init
                0x0000000008002f9c       0x9e ./Drivers/STM32F4xx_HAL_Driver/Src/stm32f4xx_hal_tim.o
                0x0000000008002f9c                HAL_TIM_Base_Init
 *fill*         0x000000000800303a        0x2 
 .text.HAL_TIM_Base_Start_IT
                0x000000000800303c       0xe0 ./Drivers/STM32F4xx_HAL_Driver/Src/stm32f4xx_hal_tim.o
                0x000000000800303c                HAL_TIM_Base_Start_IT
 .text.HAL_TIM_PWM_Init
                0x000000000800311c       0x9e ./Drivers/STM32F4xx_HAL_Driver/Src/stm32f4xx_hal_tim.o
                0x000000000800311c                HAL_TIM_PWM_Init
 .text.HAL_TIM_PWM_MspInit
                0x00000000080031ba       0x14 ./Drivers/STM32F4xx_HAL_Driver/Src/stm32f4xx_hal_tim.o
                0x00000000080031ba                HAL_TIM_PWM_MspInit
 *fill*         0x00000000080031ce        0x2 
 .text.HAL_TIM_PWM_Start
                0x00000000080031d0      0x190 ./Drivers/STM32F4xx_HAL_Driver/Src/stm32f4xx_hal_tim.o
                0x00000000080031d0                HAL_TIM_PWM_Start
 .text.HAL_TIM_IRQHandler
                0x0000000008003360      0x210 ./Drivers/STM32F4xx_HAL_Driver/Src/stm32f4xx_hal_tim.o
                0x0000000008003360                HAL_TIM_IRQHandler
 .text.HAL_TIM_PWM_ConfigChannel
                0x0000000008003570      0x184 ./Drivers/STM32F4xx_HAL_Driver/Src/stm32f4xx_hal_tim.o
                0x0000000008003570                HAL_TIM_PWM_ConfigChannel
 .text.HAL_TIM_ConfigClockSource
                0x00000000080036f4      0x18e ./Drivers/STM32F4xx_HAL_Driver/Src/stm32f4xx_hal_tim.o
                0x00000000080036f4                HAL_TIM_ConfigClockSource
 .text.HAL_TIM_OC_DelayElapsedCallback
                0x0000000008003882       0x14 ./Drivers/STM32F4xx_HAL_Driver/Src/stm32f4xx_hal_tim.o
                0x0000000008003882                HAL_TIM_OC_DelayElapsedCallback
 .text.HAL_TIM_IC_CaptureCallback
                0x0000000008003896       0x14 ./Drivers/STM32F4xx_HAL_Driver/Src/stm32f4xx_hal_tim.o
                0x0000000008003896                HAL_TIM_IC_CaptureCallback
 .text.HAL_TIM_PWM_PulseFinishedCallback
                0x00000000080038aa       0x14 ./Drivers/STM32F4xx_HAL_Driver/Src/stm32f4xx_hal_tim.o
                0x00000000080038aa                HAL_TIM_PWM_PulseFinishedCallback
 .text.HAL_TIM_TriggerCallback
                0x00000000080038be       0x14 ./Drivers/STM32F4xx_HAL_Driver/Src/stm32f4xx_hal_tim.o
                0x00000000080038be                HAL_TIM_TriggerCallback
 *fill*         0x00000000080038d2        0x2 
 .text.TIM_Base_SetConfig
                0x00000000080038d4      0x140 ./Drivers/STM32F4xx_HAL_Driver/Src/stm32f4xx_hal_tim.o
                0x00000000080038d4                TIM_Base_SetConfig
 .text.TIM_OC1_SetConfig
                0x0000000008003a14       0xe0 ./Drivers/STM32F4xx_HAL_Driver/Src/stm32f4xx_hal_tim.o
 .text.TIM_OC2_SetConfig
                0x0000000008003af4       0xec ./Drivers/STM32F4xx_HAL_Driver/Src/stm32f4xx_hal_tim.o
                0x0000000008003af4                TIM_OC2_SetConfig
 .text.TIM_OC3_SetConfig
                0x0000000008003be0       0xe8 ./Drivers/STM32F4xx_HAL_Driver/Src/stm32f4xx_hal_tim.o
 .text.TIM_OC4_SetConfig
                0x0000000008003cc8       0xac ./Drivers/STM32F4xx_HAL_Driver/Src/stm32f4xx_hal_tim.o
 .text.TIM_TI1_ConfigInputStage
                0x0000000008003d74       0x5e ./Drivers/STM32F4xx_HAL_Driver/Src/stm32f4xx_hal_tim.o
 .text.TIM_TI2_ConfigInputStage
                0x0000000008003dd2       0x60 ./Drivers/STM32F4xx_HAL_Driver/Src/stm32f4xx_hal_tim.o
 .text.TIM_ITRx_SetConfig
                0x0000000008003e32       0x36 ./Drivers/STM32F4xx_HAL_Driver/Src/stm32f4xx_hal_tim.o
 .text.TIM_ETR_SetConfig
                0x0000000008003e68       0x40 ./Drivers/STM32F4xx_HAL_Driver/Src/stm32f4xx_hal_tim.o
                0x0000000008003e68                TIM_ETR_SetConfig
 .text.TIM_CCxChannelCmd
                0x0000000008003ea8       0x4a ./Drivers/STM32F4xx_HAL_Driver/Src/stm32f4xx_hal_tim.o
                0x0000000008003ea8                TIM_CCxChannelCmd
 *fill*         0x0000000008003ef2        0x2 
 .text.HAL_TIMEx_MasterConfigSynchronization
                0x0000000008003ef4       0xf8 ./Drivers/STM32F4xx_HAL_Driver/Src/stm32f4xx_hal_tim_ex.o
                0x0000000008003ef4                HAL_TIMEx_MasterConfigSynchronization
 .text.HAL_TIMEx_CommutCallback
                0x0000000008003fec       0x14 ./Drivers/STM32F4xx_HAL_Driver/Src/stm32f4xx_hal_tim_ex.o
                0x0000000008003fec                HAL_TIMEx_CommutCallback
 .text.HAL_TIMEx_BreakCallback
                0x0000000008004000       0x14 ./Drivers/STM32F4xx_HAL_Driver/Src/stm32f4xx_hal_tim_ex.o
                0x0000000008004000                HAL_TIMEx_BreakCallback
 .text.HAL_UART_Init
                0x0000000008004014       0x9a ./Drivers/STM32F4xx_HAL_Driver/Src/stm32f4xx_hal_uart.o
                0x0000000008004014                HAL_UART_Init
 .text.HAL_UART_Transmit
                0x00000000080040ae      0x124 ./Drivers/STM32F4xx_HAL_Driver/Src/stm32f4xx_hal_uart.o
                0x00000000080040ae                HAL_UART_Transmit
 .text.HAL_UART_Receive_IT
                0x00000000080041d2       0x60 ./Drivers/STM32F4xx_HAL_Driver/Src/stm32f4xx_hal_uart.o
                0x00000000080041d2                HAL_UART_Receive_IT
 *fill*         0x0000000008004232        0x2 
 .text.HAL_UART_IRQHandler
                0x0000000008004234      0x51c ./Drivers/STM32F4xx_HAL_Driver/Src/stm32f4xx_hal_uart.o
                0x0000000008004234                HAL_UART_IRQHandler
 .text.HAL_UART_TxCpltCallback
                0x0000000008004750       0x14 ./Drivers/STM32F4xx_HAL_Driver/Src/stm32f4xx_hal_uart.o
                0x0000000008004750                HAL_UART_TxCpltCallback
 .text.HAL_UART_ErrorCallback
                0x0000000008004764       0x14 ./Drivers/STM32F4xx_HAL_Driver/Src/stm32f4xx_hal_uart.o
                0x0000000008004764                HAL_UART_ErrorCallback
 .text.HAL_UARTEx_RxEventCallback
                0x0000000008004778       0x18 ./Drivers/STM32F4xx_HAL_Driver/Src/stm32f4xx_hal_uart.o
                0x0000000008004778                HAL_UARTEx_RxEventCallback
 .text.UART_WaitOnFlagUntilTimeout
                0x0000000008004790       0xdc ./Drivers/STM32F4xx_HAL_Driver/Src/stm32f4xx_hal_uart.o
 .text.UART_Start_Receive_IT
                0x000000000800486c       0x7c ./Drivers/STM32F4xx_HAL_Driver/Src/stm32f4xx_hal_uart.o
                0x000000000800486c                UART_Start_Receive_IT
 .text.UART_EndRxTransfer
                0x00000000080048e8       0xc6 ./Drivers/STM32F4xx_HAL_Driver/Src/stm32f4xx_hal_uart.o
 .text.UART_DMAAbortOnError
                0x00000000080049ae       0x28 ./Drivers/STM32F4xx_HAL_Driver/Src/stm32f4xx_hal_uart.o
 .text.UART_Transmit_IT
                0x00000000080049d6       0xa0 ./Drivers/STM32F4xx_HAL_Driver/Src/stm32f4xx_hal_uart.o
 .text.UART_EndTransmit_IT
                0x0000000008004a76       0x30 ./Drivers/STM32F4xx_HAL_Driver/Src/stm32f4xx_hal_uart.o
 .text.UART_Receive_IT
                0x0000000008004aa6      0x176 ./Drivers/STM32F4xx_HAL_Driver/Src/stm32f4xx_hal_uart.o
 .text.UART_SetConfig
                0x0000000008004c1c      0x4e8 ./Drivers/STM32F4xx_HAL_Driver/Src/stm32f4xx_hal_uart.o
 .text.__libc_init_array
                0x0000000008005104       0x48 c:/st/stm32cubeide_1.10.1/stm32cubeide/plugins/com.st.stm32cube.ide.mcu.externaltools.gnu-tools-for-stm32.10.3-2021.10.win32_1.0.0.202111181127/tools/bin/../lib/gcc/arm-none-eabi/10.3.1/../../../../arm-none-eabi/lib/thumb/v7e-m+fp/hard\libc_nano.a(lib_a-init.o)
                0x0000000008005104                __libc_init_array
 .text.memset   0x000000000800514c       0x10 c:/st/stm32cubeide_1.10.1/stm32cubeide/plugins/com.st.stm32cube.ide.mcu.externaltools.gnu-tools-for-stm32.10.3-2021.10.win32_1.0.0.202111181127/tools/bin/../lib/gcc/arm-none-eabi/10.3.1/../../../../arm-none-eabi/lib/thumb/v7e-m+fp/hard\libc_nano.a(lib_a-memset.o)
                0x000000000800514c                memset
 *(.glue_7)
 .glue_7        0x000000000800515c        0x0 linker stubs
 *(.glue_7t)
 .glue_7t       0x000000000800515c        0x0 linker stubs
 *(.eh_frame)
 .eh_frame      0x000000000800515c        0x0 c:/st/stm32cubeide_1.10.1/stm32cubeide/plugins/com.st.stm32cube.ide.mcu.externaltools.gnu-tools-for-stm32.10.3-2021.10.win32_1.0.0.202111181127/tools/bin/../lib/gcc/arm-none-eabi/10.3.1/thumb/v7e-m+fp/hard/crtbegin.o
 *(.init)
 .init          0x000000000800515c        0x4 c:/st/stm32cubeide_1.10.1/stm32cubeide/plugins/com.st.stm32cube.ide.mcu.externaltools.gnu-tools-for-stm32.10.3-2021.10.win32_1.0.0.202111181127/tools/bin/../lib/gcc/arm-none-eabi/10.3.1/thumb/v7e-m+fp/hard/crti.o
                0x000000000800515c                _init
 .init          0x0000000008005160        0x8 c:/st/stm32cubeide_1.10.1/stm32cubeide/plugins/com.st.stm32cube.ide.mcu.externaltools.gnu-tools-for-stm32.10.3-2021.10.win32_1.0.0.202111181127/tools/bin/../lib/gcc/arm-none-eabi/10.3.1/thumb/v7e-m+fp/hard/crtn.o
 *(.fini)
 .fini          0x0000000008005168        0x4 c:/st/stm32cubeide_1.10.1/stm32cubeide/plugins/com.st.stm32cube.ide.mcu.externaltools.gnu-tools-for-stm32.10.3-2021.10.win32_1.0.0.202111181127/tools/bin/../lib/gcc/arm-none-eabi/10.3.1/thumb/v7e-m+fp/hard/crti.o
                0x0000000008005168                _fini
 .fini          0x000000000800516c        0x8 c:/st/stm32cubeide_1.10.1/stm32cubeide/plugins/com.st.stm32cube.ide.mcu.externaltools.gnu-tools-for-stm32.10.3-2021.10.win32_1.0.0.202111181127/tools/bin/../lib/gcc/arm-none-eabi/10.3.1/thumb/v7e-m+fp/hard/crtn.o
                0x0000000008005174                . = ALIGN (0x4)
                0x0000000008005174                _etext = .

.vfp11_veneer   0x0000000008005174        0x0
 .vfp11_veneer  0x0000000008005174        0x0 linker stubs

.v4_bx          0x0000000008005174        0x0
 .v4_bx         0x0000000008005174        0x0 linker stubs

.iplt           0x0000000008005174        0x0
 .iplt          0x0000000008005174        0x0 c:/st/stm32cubeide_1.10.1/stm32cubeide/plugins/com.st.stm32cube.ide.mcu.externaltools.gnu-tools-for-stm32.10.3-2021.10.win32_1.0.0.202111181127/tools/bin/../lib/gcc/arm-none-eabi/10.3.1/thumb/v7e-m+fp/hard/crtbegin.o

.rodata         0x0000000008005174       0x2c
                0x0000000008005174                . = ALIGN (0x4)
 *(.rodata)
 .rodata        0x0000000008005174       0x13 ./Core/Src/main.o
 *(.rodata*)
 *fill*         0x0000000008005187        0x1 
 .rodata.AHBPrescTable
                0x0000000008005188       0x10 ./Core/Src/system_stm32f4xx.o
                0x0000000008005188                AHBPrescTable
 .rodata.APBPrescTable
                0x0000000008005198        0x8 ./Core/Src/system_stm32f4xx.o
                0x0000000008005198                APBPrescTable
                0x00000000080051a0                . = ALIGN (0x4)

.ARM.extab      0x00000000080051a0        0x0
                0x00000000080051a0                . = ALIGN (0x4)
 *(.ARM.extab* .gnu.linkonce.armextab.*)
                0x00000000080051a0                . = ALIGN (0x4)

.ARM            0x00000000080051a0        0x8
                0x00000000080051a0                . = ALIGN (0x4)
                0x00000000080051a0                __exidx_start = .
 *(.ARM.exidx*)
 .ARM.exidx     0x00000000080051a0        0x8 c:/st/stm32cubeide_1.10.1/stm32cubeide/plugins/com.st.stm32cube.ide.mcu.externaltools.gnu-tools-for-stm32.10.3-2021.10.win32_1.0.0.202111181127/tools/bin/../lib/gcc/arm-none-eabi/10.3.1/thumb/v7e-m+fp/hard\libgcc.a(_udivmoddi4.o)
                0x00000000080051a8                __exidx_end = .
                0x00000000080051a8                . = ALIGN (0x4)

.rel.dyn        0x00000000080051a8        0x0
 .rel.iplt      0x00000000080051a8        0x0 c:/st/stm32cubeide_1.10.1/stm32cubeide/plugins/com.st.stm32cube.ide.mcu.externaltools.gnu-tools-for-stm32.10.3-2021.10.win32_1.0.0.202111181127/tools/bin/../lib/gcc/arm-none-eabi/10.3.1/thumb/v7e-m+fp/hard/crtbegin.o

.preinit_array  0x00000000080051a8        0x0
                0x00000000080051a8                . = ALIGN (0x4)
                0x00000000080051a8                PROVIDE (__preinit_array_start = .)
 *(.preinit_array*)
                0x00000000080051a8                PROVIDE (__preinit_array_end = .)
                0x00000000080051a8                . = ALIGN (0x4)

.init_array     0x00000000080051a8        0x4
                0x00000000080051a8                . = ALIGN (0x4)
                0x00000000080051a8                PROVIDE (__init_array_start = .)
 *(SORT_BY_NAME(.init_array.*))
 *(.init_array*)
 .init_array    0x00000000080051a8        0x4 c:/st/stm32cubeide_1.10.1/stm32cubeide/plugins/com.st.stm32cube.ide.mcu.externaltools.gnu-tools-for-stm32.10.3-2021.10.win32_1.0.0.202111181127/tools/bin/../lib/gcc/arm-none-eabi/10.3.1/thumb/v7e-m+fp/hard/crtbegin.o
                0x00000000080051ac                PROVIDE (__init_array_end = .)
                0x00000000080051ac                . = ALIGN (0x4)

.fini_array     0x00000000080051ac        0x4
                0x00000000080051ac                . = ALIGN (0x4)
                [!provide]                        PROVIDE (__fini_array_start = .)
 *(SORT_BY_NAME(.fini_array.*))
 *(.fini_array*)
 .fini_array    0x00000000080051ac        0x4 c:/st/stm32cubeide_1.10.1/stm32cubeide/plugins/com.st.stm32cube.ide.mcu.externaltools.gnu-tools-for-stm32.10.3-2021.10.win32_1.0.0.202111181127/tools/bin/../lib/gcc/arm-none-eabi/10.3.1/thumb/v7e-m+fp/hard/crtbegin.o
                [!provide]                        PROVIDE (__fini_array_end = .)
                0x00000000080051b0                . = ALIGN (0x4)
                0x00000000080051b0                _sidata = LOADADDR (.data)

.data           0x0000000020000000        0xc load address 0x00000000080051b0
                0x0000000020000000                . = ALIGN (0x4)
                0x0000000020000000                _sdata = .
 *(.data)
 *(.data*)
 .data.SystemCoreClock
                0x0000000020000000        0x4 ./Core/Src/system_stm32f4xx.o
                0x0000000020000000                SystemCoreClock
 .data.uwTickPrio
                0x0000000020000004        0x4 ./Drivers/STM32F4xx_HAL_Driver/Src/stm32f4xx_hal.o
                0x0000000020000004                uwTickPrio
 .data.uwTickFreq
                0x0000000020000008        0x1 ./Drivers/STM32F4xx_HAL_Driver/Src/stm32f4xx_hal.o
                0x0000000020000008                uwTickFreq
 *(.RamFunc)
 *(.RamFunc*)
                0x000000002000000c                . = ALIGN (0x4)
 *fill*         0x0000000020000009        0x3 
                0x000000002000000c                _edata = .
                0x00000000080051bc                _siccmram = LOADADDR (.ccmram)

.igot.plt       0x000000002000000c        0x0 load address 0x00000000080051bc
 .igot.plt      0x000000002000000c        0x0 c:/st/stm32cubeide_1.10.1/stm32cubeide/plugins/com.st.stm32cube.ide.mcu.externaltools.gnu-tools-for-stm32.10.3-2021.10.win32_1.0.0.202111181127/tools/bin/../lib/gcc/arm-none-eabi/10.3.1/thumb/v7e-m+fp/hard/crtbegin.o

.ccmram         0x0000000010000000        0x0 load address 0x00000000080051bc
                0x0000000010000000                . = ALIGN (0x4)
                0x0000000010000000                _sccmram = .
 *(.ccmram)
 *(.ccmram*)
                0x0000000010000000                . = ALIGN (0x4)
                0x0000000010000000                _eccmram = .
                0x0000000010000000                . = ALIGN (0x4)

.bss            0x000000002000000c      0x140
                0x000000002000000c                _sbss = .
                0x000000002000000c                __bss_start__ = _sbss
 *(.bss)
 .bss           0x000000002000000c       0x1c c:/st/stm32cubeide_1.10.1/stm32cubeide/plugins/com.st.stm32cube.ide.mcu.externaltools.gnu-tools-for-stm32.10.3-2021.10.win32_1.0.0.202111181127/tools/bin/../lib/gcc/arm-none-eabi/10.3.1/thumb/v7e-m+fp/hard/crtbegin.o
 *(.bss*)
 .bss.rx3_data  0x0000000020000028        0x1 ./Core/Src/main.o
                0x0000000020000028                rx3_data
 .bss.cnt.0     0x0000000020000029        0x1 ./Core/Src/main.o
 *fill*         0x000000002000002a        0x2 
 .bss.htim3     0x000000002000002c       0x48 ./Core/Src/tim.o
                0x000000002000002c                htim3
 .bss.htim4     0x0000000020000074       0x48 ./Core/Src/tim.o
                0x0000000020000074                htim4
 .bss.htim7     0x00000000200000bc       0x48 ./Core/Src/tim.o
                0x00000000200000bc                htim7
 .bss.huart3    0x0000000020000104       0x44 ./Core/Src/usart.o
                0x0000000020000104                huart3
 .bss.uwTick    0x0000000020000148        0x4 ./Drivers/STM32F4xx_HAL_Driver/Src/stm32f4xx_hal.o
                0x0000000020000148                uwTick
 *(COMMON)
                0x000000002000014c                . = ALIGN (0x4)
                0x000000002000014c                _ebss = .
                0x000000002000014c                __bss_end__ = _ebss

._user_heap_stack
                0x000000002000014c      0x604
                0x0000000020000150                . = ALIGN (0x8)
 *fill*         0x000000002000014c        0x4 
                [!provide]                        PROVIDE (end = .)
                0x0000000020000150                PROVIDE (_end = .)
                0x0000000020000350                . = (. + _Min_Heap_Size)
 *fill*         0x0000000020000150      0x200 
                0x0000000020000750                . = (. + _Min_Stack_Size)
 *fill*         0x0000000020000350      0x400 
                0x0000000020000750                . = ALIGN (0x8)

/DISCARD/
 libc.a(*)
 libm.a(*)
 libgcc.a(*)

.ARM.attributes
                0x0000000000000000       0x30
 *(.ARM.attributes)
 .ARM.attributes
                0x0000000000000000       0x1e c:/st/stm32cubeide_1.10.1/stm32cubeide/plugins/com.st.stm32cube.ide.mcu.externaltools.gnu-tools-for-stm32.10.3-2021.10.win32_1.0.0.202111181127/tools/bin/../lib/gcc/arm-none-eabi/10.3.1/thumb/v7e-m+fp/hard/crti.o
 .ARM.attributes
                0x000000000000001e       0x34 c:/st/stm32cubeide_1.10.1/stm32cubeide/plugins/com.st.stm32cube.ide.mcu.externaltools.gnu-tools-for-stm32.10.3-2021.10.win32_1.0.0.202111181127/tools/bin/../lib/gcc/arm-none-eabi/10.3.1/thumb/v7e-m+fp/hard/crtbegin.o
 .ARM.attributes
                0x0000000000000052       0x34 ./Core/Src/7SEG.o
 .ARM.attributes
                0x0000000000000086       0x34 ./Core/Src/CLCD.o
 .ARM.attributes
                0x00000000000000ba       0x34 ./Core/Src/gpio.o
 .ARM.attributes
                0x00000000000000ee       0x34 ./Core/Src/main.o
 .ARM.attributes
                0x0000000000000122       0x34 ./Core/Src/stm32f4xx_hal_msp.o
 .ARM.attributes
                0x0000000000000156       0x34 ./Core/Src/stm32f4xx_it.o
 .ARM.attributes
                0x000000000000018a       0x34 ./Core/Src/system_stm32f4xx.o
 .ARM.attributes
                0x00000000000001be       0x34 ./Core/Src/tim.o
 .ARM.attributes
                0x00000000000001f2       0x34 ./Core/Src/usart.o
 .ARM.attributes
                0x0000000000000226       0x21 ./Core/Startup/startup_stm32f407vetx.o
 .ARM.attributes
                0x0000000000000247       0x34 ./Drivers/STM32F4xx_HAL_Driver/Src/stm32f4xx_hal.o
 .ARM.attributes
                0x000000000000027b       0x34 ./Drivers/STM32F4xx_HAL_Driver/Src/stm32f4xx_hal_cortex.o
 .ARM.attributes
                0x00000000000002af       0x34 ./Drivers/STM32F4xx_HAL_Driver/Src/stm32f4xx_hal_dma.o
 .ARM.attributes
                0x00000000000002e3       0x34 ./Drivers/STM32F4xx_HAL_Driver/Src/stm32f4xx_hal_gpio.o
 .ARM.attributes
                0x0000000000000317       0x34 ./Drivers/STM32F4xx_HAL_Driver/Src/stm32f4xx_hal_rcc.o
 .ARM.attributes
                0x000000000000034b       0x34 ./Drivers/STM32F4xx_HAL_Driver/Src/stm32f4xx_hal_tim.o
 .ARM.attributes
                0x000000000000037f       0x34 ./Drivers/STM32F4xx_HAL_Driver/Src/stm32f4xx_hal_tim_ex.o
 .ARM.attributes
                0x00000000000003b3       0x34 ./Drivers/STM32F4xx_HAL_Driver/Src/stm32f4xx_hal_uart.o
 .ARM.attributes
                0x00000000000003e7       0x34 c:/st/stm32cubeide_1.10.1/stm32cubeide/plugins/com.st.stm32cube.ide.mcu.externaltools.gnu-tools-for-stm32.10.3-2021.10.win32_1.0.0.202111181127/tools/bin/../lib/gcc/arm-none-eabi/10.3.1/../../../../arm-none-eabi/lib/thumb/v7e-m+fp/hard\libc_nano.a(lib_a-init.o)
 .ARM.attributes
                0x000000000000041b       0x34 c:/st/stm32cubeide_1.10.1/stm32cubeide/plugins/com.st.stm32cube.ide.mcu.externaltools.gnu-tools-for-stm32.10.3-2021.10.win32_1.0.0.202111181127/tools/bin/../lib/gcc/arm-none-eabi/10.3.1/../../../../arm-none-eabi/lib/thumb/v7e-m+fp/hard\libc_nano.a(lib_a-memset.o)
 .ARM.attributes
                0x000000000000044f       0x1e c:/st/stm32cubeide_1.10.1/stm32cubeide/plugins/com.st.stm32cube.ide.mcu.externaltools.gnu-tools-for-stm32.10.3-2021.10.win32_1.0.0.202111181127/tools/bin/../lib/gcc/arm-none-eabi/10.3.1/thumb/v7e-m+fp/hard\libgcc.a(_aeabi_uldivmod.o)
 .ARM.attributes
                0x000000000000046d       0x34 c:/st/stm32cubeide_1.10.1/stm32cubeide/plugins/com.st.stm32cube.ide.mcu.externaltools.gnu-tools-for-stm32.10.3-2021.10.win32_1.0.0.202111181127/tools/bin/../lib/gcc/arm-none-eabi/10.3.1/thumb/v7e-m+fp/hard\libgcc.a(_udivmoddi4.o)
 .ARM.attributes
                0x00000000000004a1       0x1e c:/st/stm32cubeide_1.10.1/stm32cubeide/plugins/com.st.stm32cube.ide.mcu.externaltools.gnu-tools-for-stm32.10.3-2021.10.win32_1.0.0.202111181127/tools/bin/../lib/gcc/arm-none-eabi/10.3.1/thumb/v7e-m+fp/hard\libgcc.a(_dvmd_tls.o)
 .ARM.attributes
                0x00000000000004bf       0x1e c:/st/stm32cubeide_1.10.1/stm32cubeide/plugins/com.st.stm32cube.ide.mcu.externaltools.gnu-tools-for-stm32.10.3-2021.10.win32_1.0.0.202111181127/tools/bin/../lib/gcc/arm-none-eabi/10.3.1/thumb/v7e-m+fp/hard/crtn.o
OUTPUT(6_PWM_Test.elf elf32-littlearm)
LOAD linker stubs
LOAD c:/st/stm32cubeide_1.10.1/stm32cubeide/plugins/com.st.stm32cube.ide.mcu.externaltools.gnu-tools-for-stm32.10.3-2021.10.win32_1.0.0.202111181127/tools/bin/../lib/gcc/arm-none-eabi/10.3.1/../../../../arm-none-eabi/lib/thumb/v7e-m+fp/hard\libc.a
LOAD c:/st/stm32cubeide_1.10.1/stm32cubeide/plugins/com.st.stm32cube.ide.mcu.externaltools.gnu-tools-for-stm32.10.3-2021.10.win32_1.0.0.202111181127/tools/bin/../lib/gcc/arm-none-eabi/10.3.1/../../../../arm-none-eabi/lib/thumb/v7e-m+fp/hard\libm.a
LOAD c:/st/stm32cubeide_1.10.1/stm32cubeide/plugins/com.st.stm32cube.ide.mcu.externaltools.gnu-tools-for-stm32.10.3-2021.10.win32_1.0.0.202111181127/tools/bin/../lib/gcc/arm-none-eabi/10.3.1/thumb/v7e-m+fp/hard\libgcc.a

.debug_info     0x0000000000000000     0xf63f
 .debug_info    0x0000000000000000      0x4b4 ./Core/Src/7SEG.o
 .debug_info    0x00000000000004b4      0x4d9 ./Core/Src/CLCD.o
 .debug_info    0x000000000000098d      0x6ef ./Core/Src/gpio.o
 .debug_info    0x000000000000107c     0x1319 ./Core/Src/main.o
 .debug_info    0x0000000000002395      0x2a8 ./Core/Src/stm32f4xx_hal_msp.o
 .debug_info    0x000000000000263d      0xa29 ./Core/Src/stm32f4xx_it.o
 .debug_info    0x0000000000003066      0x523 ./Core/Src/system_stm32f4xx.o
 .debug_info    0x0000000000003589      0xfa0 ./Core/Src/tim.o
 .debug_info    0x0000000000004529      0xbe4 ./Core/Src/usart.o
 .debug_info    0x000000000000510d       0x22 ./Core/Startup/startup_stm32f407vetx.o
 .debug_info    0x000000000000512f      0x97c ./Drivers/STM32F4xx_HAL_Driver/Src/stm32f4xx_hal.o
 .debug_info    0x0000000000005aab      0xe1b ./Drivers/STM32F4xx_HAL_Driver/Src/stm32f4xx_hal_cortex.o
 .debug_info    0x00000000000068c6      0x94f ./Drivers/STM32F4xx_HAL_Driver/Src/stm32f4xx_hal_dma.o
 .debug_info    0x0000000000007215      0x76a ./Drivers/STM32F4xx_HAL_Driver/Src/stm32f4xx_hal_gpio.o
 .debug_info    0x000000000000797f      0x966 ./Drivers/STM32F4xx_HAL_Driver/Src/stm32f4xx_hal_rcc.o
 .debug_info    0x00000000000082e5     0x2bbe ./Drivers/STM32F4xx_HAL_Driver/Src/stm32f4xx_hal_tim.o
 .debug_info    0x000000000000aea3     0x15e0 ./Drivers/STM32F4xx_HAL_Driver/Src/stm32f4xx_hal_tim_ex.o
 .debug_info    0x000000000000c483     0x31bc ./Drivers/STM32F4xx_HAL_Driver/Src/stm32f4xx_hal_uart.o

.debug_abbrev   0x0000000000000000     0x22f5
 .debug_abbrev  0x0000000000000000      0x171 ./Core/Src/7SEG.o
 .debug_abbrev  0x0000000000000171      0x177 ./Core/Src/CLCD.o
 .debug_abbrev  0x00000000000002e8      0x164 ./Core/Src/gpio.o
 .debug_abbrev  0x000000000000044c      0x2e1 ./Core/Src/main.o
 .debug_abbrev  0x000000000000072d       0xd4 ./Core/Src/stm32f4xx_hal_msp.o
 .debug_abbrev  0x0000000000000801      0x1ba ./Core/Src/stm32f4xx_it.o
 .debug_abbrev  0x00000000000009bb      0x116 ./Core/Src/system_stm32f4xx.o
 .debug_abbrev  0x0000000000000ad1      0x26b ./Core/Src/tim.o
 .debug_abbrev  0x0000000000000d3c      0x205 ./Core/Src/usart.o
 .debug_abbrev  0x0000000000000f41       0x12 ./Core/Startup/startup_stm32f407vetx.o
 .debug_abbrev  0x0000000000000f53      0x20d ./Drivers/STM32F4xx_HAL_Driver/Src/stm32f4xx_hal.o
 .debug_abbrev  0x0000000000001160      0x316 ./Drivers/STM32F4xx_HAL_Driver/Src/stm32f4xx_hal_cortex.o
 .debug_abbrev  0x0000000000001476      0x25b ./Drivers/STM32F4xx_HAL_Driver/Src/stm32f4xx_hal_dma.o
 .debug_abbrev  0x00000000000016d1      0x1c4 ./Drivers/STM32F4xx_HAL_Driver/Src/stm32f4xx_hal_gpio.o
 .debug_abbrev  0x0000000000001895      0x2aa ./Drivers/STM32F4xx_HAL_Driver/Src/stm32f4xx_hal_rcc.o
 .debug_abbrev  0x0000000000001b3f      0x25d ./Drivers/STM32F4xx_HAL_Driver/Src/stm32f4xx_hal_tim.o
 .debug_abbrev  0x0000000000001d9c      0x265 ./Drivers/STM32F4xx_HAL_Driver/Src/stm32f4xx_hal_tim_ex.o
 .debug_abbrev  0x0000000000002001      0x2f4 ./Drivers/STM32F4xx_HAL_Driver/Src/stm32f4xx_hal_uart.o

.debug_aranges  0x0000000000000000      0xd10
 .debug_aranges
                0x0000000000000000       0x28 ./Core/Src/7SEG.o
 .debug_aranges
                0x0000000000000028       0x50 ./Core/Src/CLCD.o
 .debug_aranges
                0x0000000000000078       0x20 ./Core/Src/gpio.o
 .debug_aranges
                0x0000000000000098       0x58 ./Core/Src/main.o
 .debug_aranges
                0x00000000000000f0       0x20 ./Core/Src/stm32f4xx_hal_msp.o
 .debug_aranges
                0x0000000000000110       0x88 ./Core/Src/stm32f4xx_it.o
 .debug_aranges
                0x0000000000000198       0x28 ./Core/Src/system_stm32f4xx.o
 .debug_aranges
                0x00000000000001c0       0x48 ./Core/Src/tim.o
 .debug_aranges
                0x0000000000000208       0x30 ./Core/Src/usart.o
 .debug_aranges
                0x0000000000000238       0x28 ./Core/Startup/startup_stm32f407vetx.o
 .debug_aranges
                0x0000000000000260       0xf0 ./Drivers/STM32F4xx_HAL_Driver/Src/stm32f4xx_hal.o
 .debug_aranges
                0x0000000000000350      0x118 ./Drivers/STM32F4xx_HAL_Driver/Src/stm32f4xx_hal_cortex.o
 .debug_aranges
                0x0000000000000468       0x90 ./Drivers/STM32F4xx_HAL_Driver/Src/stm32f4xx_hal_dma.o
 .debug_aranges
                0x00000000000004f8       0x58 ./Drivers/STM32F4xx_HAL_Driver/Src/stm32f4xx_hal_gpio.o
 .debug_aranges
                0x0000000000000550       0x88 ./Drivers/STM32F4xx_HAL_Driver/Src/stm32f4xx_hal_rcc.o
 .debug_aranges
                0x00000000000005d8      0x3d0 ./Drivers/STM32F4xx_HAL_Driver/Src/stm32f4xx_hal_tim.o
 .debug_aranges
                0x00000000000009a8      0x168 ./Drivers/STM32F4xx_HAL_Driver/Src/stm32f4xx_hal_tim_ex.o
 .debug_aranges
                0x0000000000000b10      0x200 ./Drivers/STM32F4xx_HAL_Driver/Src/stm32f4xx_hal_uart.o

.debug_ranges   0x0000000000000000      0xc28
 .debug_ranges  0x0000000000000000       0x18 ./Core/Src/7SEG.o
 .debug_ranges  0x0000000000000018       0x40 ./Core/Src/CLCD.o
 .debug_ranges  0x0000000000000058       0x10 ./Core/Src/gpio.o
 .debug_ranges  0x0000000000000068       0x48 ./Core/Src/main.o
 .debug_ranges  0x00000000000000b0       0x10 ./Core/Src/stm32f4xx_hal_msp.o
 .debug_ranges  0x00000000000000c0       0x78 ./Core/Src/stm32f4xx_it.o
 .debug_ranges  0x0000000000000138       0x18 ./Core/Src/system_stm32f4xx.o
 .debug_ranges  0x0000000000000150       0x38 ./Core/Src/tim.o
 .debug_ranges  0x0000000000000188       0x20 ./Core/Src/usart.o
 .debug_ranges  0x00000000000001a8       0x20 ./Core/Startup/startup_stm32f407vetx.o
 .debug_ranges  0x00000000000001c8       0xe0 ./Drivers/STM32F4xx_HAL_Driver/Src/stm32f4xx_hal.o
 .debug_ranges  0x00000000000002a8      0x108 ./Drivers/STM32F4xx_HAL_Driver/Src/stm32f4xx_hal_cortex.o
 .debug_ranges  0x00000000000003b0       0x80 ./Drivers/STM32F4xx_HAL_Driver/Src/stm32f4xx_hal_dma.o
 .debug_ranges  0x0000000000000430       0x48 ./Drivers/STM32F4xx_HAL_Driver/Src/stm32f4xx_hal_gpio.o
 .debug_ranges  0x0000000000000478       0x78 ./Drivers/STM32F4xx_HAL_Driver/Src/stm32f4xx_hal_rcc.o
 .debug_ranges  0x00000000000004f0      0x3c0 ./Drivers/STM32F4xx_HAL_Driver/Src/stm32f4xx_hal_tim.o
 .debug_ranges  0x00000000000008b0      0x158 ./Drivers/STM32F4xx_HAL_Driver/Src/stm32f4xx_hal_tim_ex.o
 .debug_ranges  0x0000000000000a08      0x220 ./Drivers/STM32F4xx_HAL_Driver/Src/stm32f4xx_hal_uart.o

.debug_macro    0x0000000000000000    0x21ad2
 .debug_macro   0x0000000000000000      0x1dd ./Core/Src/7SEG.o
 .debug_macro   0x00000000000001dd      0xa78 ./Core/Src/7SEG.o
 .debug_macro   0x0000000000000c55      0x29b ./Core/Src/7SEG.o
 .debug_macro   0x0000000000000ef0       0x2e ./Core/Src/7SEG.o
 .debug_macro   0x0000000000000f1e       0x2f ./Core/Src/7SEG.o
 .debug_macro   0x0000000000000f4d       0x22 ./Core/Src/7SEG.o
 .debug_macro   0x0000000000000f6f       0x8e ./Core/Src/7SEG.o
 .debug_macro   0x0000000000000ffd       0x51 ./Core/Src/7SEG.o
 .debug_macro   0x000000000000104e      0x103 ./Core/Src/7SEG.o
 .debug_macro   0x0000000000001151       0x6a ./Core/Src/7SEG.o
 .debug_macro   0x00000000000011bb      0x1df ./Core/Src/7SEG.o
 .debug_macro   0x000000000000139a       0x1c ./Core/Src/7SEG.o
 .debug_macro   0x00000000000013b6       0x22 ./Core/Src/7SEG.o
 .debug_macro   0x00000000000013d8       0xd9 ./Core/Src/7SEG.o
 .debug_macro   0x00000000000014b1     0x102d ./Core/Src/7SEG.o
 .debug_macro   0x00000000000024de      0x11f ./Core/Src/7SEG.o
 .debug_macro   0x00000000000025fd    0x15e82 ./Core/Src/7SEG.o
 .debug_macro   0x000000000001847f       0x6d ./Core/Src/7SEG.o
 .debug_macro   0x00000000000184ec     0x367e ./Core/Src/7SEG.o
 .debug_macro   0x000000000001bb6a      0x174 ./Core/Src/7SEG.o
 .debug_macro   0x000000000001bcde       0x5c ./Core/Src/7SEG.o
 .debug_macro   0x000000000001bd3a      0x96b ./Core/Src/7SEG.o
 .debug_macro   0x000000000001c6a5      0x9fe ./Core/Src/7SEG.o
 .debug_macro   0x000000000001d0a3      0x115 ./Core/Src/7SEG.o
 .debug_macro   0x000000000001d1b8      0x13e ./Core/Src/7SEG.o
 .debug_macro   0x000000000001d2f6       0xa5 ./Core/Src/7SEG.o
 .debug_macro   0x000000000001d39b      0x174 ./Core/Src/7SEG.o
 .debug_macro   0x000000000001d50f      0x287 ./Core/Src/7SEG.o
 .debug_macro   0x000000000001d796       0x5f ./Core/Src/7SEG.o
 .debug_macro   0x000000000001d7f5      0x236 ./Core/Src/7SEG.o
 .debug_macro   0x000000000001da2b      0x12c ./Core/Src/7SEG.o
 .debug_macro   0x000000000001db57      0x21e ./Core/Src/7SEG.o
 .debug_macro   0x000000000001dd75       0x2e ./Core/Src/7SEG.o
 .debug_macro   0x000000000001dda3      0x11a ./Core/Src/7SEG.o
 .debug_macro   0x000000000001debd       0x7e ./Core/Src/7SEG.o
 .debug_macro   0x000000000001df3b       0x89 ./Core/Src/7SEG.o
 .debug_macro   0x000000000001dfc4      0x8e6 ./Core/Src/7SEG.o
 .debug_macro   0x000000000001e8aa       0x47 ./Core/Src/7SEG.o
 .debug_macro   0x000000000001e8f1      0x295 ./Core/Src/7SEG.o
 .debug_macro   0x000000000001eb86      0x12d ./Core/Src/7SEG.o
 .debug_macro   0x000000000001ecb3      0x19c ./Core/Src/7SEG.o
 .debug_macro   0x000000000001ee4f      0x1dd ./Core/Src/CLCD.o
 .debug_macro   0x000000000001f02c       0x58 ./Core/Src/CLCD.o
 .debug_macro   0x000000000001f084      0x1e2 ./Core/Src/gpio.o
 .debug_macro   0x000000000001f266      0x36b ./Core/Src/main.o
 .debug_macro   0x000000000001f5d1       0x52 ./Core/Src/main.o
 .debug_macro   0x000000000001f623       0x1e ./Core/Src/main.o
 .debug_macro   0x000000000001f641       0x3c ./Core/Src/main.o
 .debug_macro   0x000000000001f67d       0x34 ./Core/Src/main.o
 .debug_macro   0x000000000001f6b1       0x16 ./Core/Src/main.o
 .debug_macro   0x000000000001f6c7       0x35 ./Core/Src/main.o
 .debug_macro   0x000000000001f6fc      0x341 ./Core/Src/main.o
 .debug_macro   0x000000000001fa3d       0x10 ./Core/Src/main.o
 .debug_macro   0x000000000001fa4d       0x16 ./Core/Src/main.o
 .debug_macro   0x000000000001fa63       0x43 ./Core/Src/main.o
 .debug_macro   0x000000000001faa6       0x34 ./Core/Src/main.o
 .debug_macro   0x000000000001fada       0x10 ./Core/Src/main.o
 .debug_macro   0x000000000001faea       0x58 ./Core/Src/main.o
 .debug_macro   0x000000000001fb42       0x71 ./Core/Src/main.o
 .debug_macro   0x000000000001fbb3       0x1c ./Core/Src/main.o
 .debug_macro   0x000000000001fbcf      0x12a ./Core/Src/main.o
 .debug_macro   0x000000000001fcf9       0x10 ./Core/Src/main.o
 .debug_macro   0x000000000001fd09       0x1c ./Core/Src/main.o
 .debug_macro   0x000000000001fd25       0x52 ./Core/Src/main.o
 .debug_macro   0x000000000001fd77       0x22 ./Core/Src/main.o
 .debug_macro   0x000000000001fd99       0x10 ./Core/Src/main.o
 .debug_macro   0x000000000001fda9       0x52 ./Core/Src/main.o
 .debug_macro   0x000000000001fdfb       0xd5 ./Core/Src/main.o
 .debug_macro   0x000000000001fed0       0x1c ./Core/Src/main.o
 .debug_macro   0x000000000001feec       0x3d ./Core/Src/main.o
 .debug_macro   0x000000000001ff29       0x16 ./Core/Src/main.o
 .debug_macro   0x000000000001ff3f      0x145 ./Core/Src/main.o
 .debug_macro   0x0000000000020084       0x5e ./Core/Src/main.o
 .debug_macro   0x00000000000200e2      0x1a2 ./Core/Src/main.o
 .debug_macro   0x0000000000020284      0x1d8 ./Core/Src/stm32f4xx_hal_msp.o
 .debug_macro   0x000000000002045c      0x1e2 ./Core/Src/stm32f4xx_it.o
 .debug_macro   0x000000000002063e      0x1ce ./Core/Src/system_stm32f4xx.o
 .debug_macro   0x000000000002080c      0x1e2 ./Core/Src/tim.o
 .debug_macro   0x00000000000209ee      0x1e2 ./Core/Src/usart.o
 .debug_macro   0x0000000000020bd0      0x22e ./Drivers/STM32F4xx_HAL_Driver/Src/stm32f4xx_hal.o
 .debug_macro   0x0000000000020dfe      0x1ce ./Drivers/STM32F4xx_HAL_Driver/Src/stm32f4xx_hal_cortex.o
 .debug_macro   0x0000000000020fcc      0x1d4 ./Drivers/STM32F4xx_HAL_Driver/Src/stm32f4xx_hal_dma.o
 .debug_macro   0x00000000000211a0      0x1d4 ./Drivers/STM32F4xx_HAL_Driver/Src/stm32f4xx_hal_gpio.o
 .debug_macro   0x0000000000021374      0x1f2 ./Drivers/STM32F4xx_HAL_Driver/Src/stm32f4xx_hal_rcc.o
 .debug_macro   0x0000000000021566      0x1cf ./Drivers/STM32F4xx_HAL_Driver/Src/stm32f4xx_hal_tim.o
 .debug_macro   0x0000000000021735      0x1ce ./Drivers/STM32F4xx_HAL_Driver/Src/stm32f4xx_hal_tim_ex.o
 .debug_macro   0x0000000000021903      0x1cf ./Drivers/STM32F4xx_HAL_Driver/Src/stm32f4xx_hal_uart.o

.debug_line     0x0000000000000000    0x105bd
 .debug_line    0x0000000000000000      0x947 ./Core/Src/7SEG.o
 .debug_line    0x0000000000000947      0xd5c ./Core/Src/CLCD.o
 .debug_line    0x00000000000016a3      0x6f0 ./Core/Src/gpio.o
 .debug_line    0x0000000000001d93      0xa11 ./Core/Src/main.o
 .debug_line    0x00000000000027a4      0x6bb ./Core/Src/stm32f4xx_hal_msp.o
 .debug_line    0x0000000000002e5f      0x7f7 ./Core/Src/stm32f4xx_it.o
 .debug_line    0x0000000000003656      0x73d ./Core/Src/system_stm32f4xx.o
 .debug_line    0x0000000000003d93      0x8cb ./Core/Src/tim.o
 .debug_line    0x000000000000465e      0x726 ./Core/Src/usart.o
 .debug_line    0x0000000000004d84       0x88 ./Core/Startup/startup_stm32f407vetx.o
 .debug_line    0x0000000000004e0c      0x9a3 ./Drivers/STM32F4xx_HAL_Driver/Src/stm32f4xx_hal.o
 .debug_line    0x00000000000057af      0xc52 ./Drivers/STM32F4xx_HAL_Driver/Src/stm32f4xx_hal_cortex.o
 .debug_line    0x0000000000006401      0xf07 ./Drivers/STM32F4xx_HAL_Driver/Src/stm32f4xx_hal_dma.o
 .debug_line    0x0000000000007308      0xb17 ./Drivers/STM32F4xx_HAL_Driver/Src/stm32f4xx_hal_gpio.o
 .debug_line    0x0000000000007e1f      0xd1f ./Drivers/STM32F4xx_HAL_Driver/Src/stm32f4xx_hal_rcc.o
 .debug_line    0x0000000000008b3e     0x3697 ./Drivers/STM32F4xx_HAL_Driver/Src/stm32f4xx_hal_tim.o
 .debug_line    0x000000000000c1d5     0x19a0 ./Drivers/STM32F4xx_HAL_Driver/Src/stm32f4xx_hal_tim_ex.o
 .debug_line    0x000000000000db75     0x2a48 ./Drivers/STM32F4xx_HAL_Driver/Src/stm32f4xx_hal_uart.o

.debug_str      0x0000000000000000    0xcb9bc
 .debug_str     0x0000000000000000    0xc409c ./Core/Src/7SEG.o
                                      0xc4325 (size before relaxing)
 .debug_str     0x00000000000c409c      0x18d ./Core/Src/CLCD.o
                                      0xc395b (size before relaxing)
 .debug_str     0x00000000000c4229      0x539 ./Core/Src/gpio.o
                                      0xc3d60 (size before relaxing)
 .debug_str     0x00000000000c4762     0x46b5 ./Core/Src/main.o
                                      0xc90c0 (size before relaxing)
 .debug_str     0x00000000000c8e17       0x2c ./Core/Src/stm32f4xx_hal_msp.o
                                      0xc3775 (size before relaxing)
 .debug_str     0x00000000000c8e43      0x162 ./Core/Src/stm32f4xx_it.o
                                      0xc3ed1 (size before relaxing)
 .debug_str     0x00000000000c8fa5       0xdb ./Core/Src/system_stm32f4xx.o
                                      0xc3825 (size before relaxing)
 .debug_str     0x00000000000c9080      0x1fe ./Core/Src/tim.o
                                      0xc4492 (size before relaxing)
 .debug_str     0x00000000000c927e       0x61 ./Core/Src/usart.o
                                      0xc41e1 (size before relaxing)
 .debug_str     0x00000000000c92df       0x36 ./Core/Startup/startup_stm32f407vetx.o
                                         0x64 (size before relaxing)
 .debug_str     0x00000000000c9315      0x60d ./Drivers/STM32F4xx_HAL_Driver/Src/stm32f4xx_hal.o
                                      0xc43a9 (size before relaxing)
 .debug_str     0x00000000000c9922      0x326 ./Drivers/STM32F4xx_HAL_Driver/Src/stm32f4xx_hal_cortex.o
                                      0xc40dc (size before relaxing)
 .debug_str     0x00000000000c9c48      0x323 ./Drivers/STM32F4xx_HAL_Driver/Src/stm32f4xx_hal_dma.o
                                      0xc3c3f (size before relaxing)
 .debug_str     0x00000000000c9f6b       0xd5 ./Drivers/STM32F4xx_HAL_Driver/Src/stm32f4xx_hal_gpio.o
                                      0xc39a0 (size before relaxing)
 .debug_str     0x00000000000ca040      0x233 ./Drivers/STM32F4xx_HAL_Driver/Src/stm32f4xx_hal_rcc.o
                                      0xc3c59 (size before relaxing)
 .debug_str     0x00000000000ca273      0xd0b ./Drivers/STM32F4xx_HAL_Driver/Src/stm32f4xx_hal_tim.o
                                      0xc4b9f (size before relaxing)
 .debug_str     0x00000000000caf7e      0x493 ./Drivers/STM32F4xx_HAL_Driver/Src/stm32f4xx_hal_tim_ex.o
                                      0xc43bb (size before relaxing)
 .debug_str     0x00000000000cb411      0x5ab ./Drivers/STM32F4xx_HAL_Driver/Src/stm32f4xx_hal_uart.o
                                      0xc41f8 (size before relaxing)

.comment        0x0000000000000000       0x50
 .comment       0x0000000000000000       0x50 ./Core/Src/7SEG.o
                                         0x51 (size before relaxing)
 .comment       0x0000000000000050       0x51 ./Core/Src/CLCD.o
 .comment       0x0000000000000050       0x51 ./Core/Src/gpio.o
 .comment       0x0000000000000050       0x51 ./Core/Src/main.o
 .comment       0x0000000000000050       0x51 ./Core/Src/stm32f4xx_hal_msp.o
 .comment       0x0000000000000050       0x51 ./Core/Src/stm32f4xx_it.o
 .comment       0x0000000000000050       0x51 ./Core/Src/system_stm32f4xx.o
 .comment       0x0000000000000050       0x51 ./Core/Src/tim.o
 .comment       0x0000000000000050       0x51 ./Core/Src/usart.o
 .comment       0x0000000000000050       0x51 ./Drivers/STM32F4xx_HAL_Driver/Src/stm32f4xx_hal.o
 .comment       0x0000000000000050       0x51 ./Drivers/STM32F4xx_HAL_Driver/Src/stm32f4xx_hal_cortex.o
 .comment       0x0000000000000050       0x51 ./Drivers/STM32F4xx_HAL_Driver/Src/stm32f4xx_hal_dma.o
 .comment       0x0000000000000050       0x51 ./Drivers/STM32F4xx_HAL_Driver/Src/stm32f4xx_hal_gpio.o
 .comment       0x0000000000000050       0x51 ./Drivers/STM32F4xx_HAL_Driver/Src/stm32f4xx_hal_rcc.o
 .comment       0x0000000000000050       0x51 ./Drivers/STM32F4xx_HAL_Driver/Src/stm32f4xx_hal_tim.o
 .comment       0x0000000000000050       0x51 ./Drivers/STM32F4xx_HAL_Driver/Src/stm32f4xx_hal_tim_ex.o
 .comment       0x0000000000000050       0x51 ./Drivers/STM32F4xx_HAL_Driver/Src/stm32f4xx_hal_uart.o

.debug_frame    0x0000000000000000     0x3598
 .debug_frame   0x0000000000000000       0x5c ./Core/Src/7SEG.o
 .debug_frame   0x000000000000005c       0xfc ./Core/Src/CLCD.o
 .debug_frame   0x0000000000000158       0x34 ./Core/Src/gpio.o
 .debug_frame   0x000000000000018c      0x11c ./Core/Src/main.o
 .debug_frame   0x00000000000002a8       0x38 ./Core/Src/stm32f4xx_hal_msp.o
 .debug_frame   0x00000000000002e0      0x190 ./Core/Src/stm32f4xx_it.o
 .debug_frame   0x0000000000000470       0x58 ./Core/Src/system_stm32f4xx.o
 .debug_frame   0x00000000000004c8       0xec ./Core/Src/tim.o
 .debug_frame   0x00000000000005b4       0x74 ./Core/Src/usart.o
 .debug_frame   0x0000000000000628      0x374 ./Drivers/STM32F4xx_HAL_Driver/Src/stm32f4xx_hal.o
 .debug_frame   0x000000000000099c      0x498 ./Drivers/STM32F4xx_HAL_Driver/Src/stm32f4xx_hal_cortex.o
 .debug_frame   0x0000000000000e34      0x250 ./Drivers/STM32F4xx_HAL_Driver/Src/stm32f4xx_hal_dma.o
 .debug_frame   0x0000000000001084      0x14c ./Drivers/STM32F4xx_HAL_Driver/Src/stm32f4xx_hal_gpio.o
 .debug_frame   0x00000000000011d0      0x1f4 ./Drivers/STM32F4xx_HAL_Driver/Src/stm32f4xx_hal_rcc.o
 .debug_frame   0x00000000000013c4     0x11c4 ./Drivers/STM32F4xx_HAL_Driver/Src/stm32f4xx_hal_tim.o
 .debug_frame   0x0000000000002588      0x638 ./Drivers/STM32F4xx_HAL_Driver/Src/stm32f4xx_hal_tim_ex.o
 .debug_frame   0x0000000000002bc0      0x92c ./Drivers/STM32F4xx_HAL_Driver/Src/stm32f4xx_hal_uart.o
 .debug_frame   0x00000000000034ec       0x2c c:/st/stm32cubeide_1.10.1/stm32cubeide/plugins/com.st.stm32cube.ide.mcu.externaltools.gnu-tools-for-stm32.10.3-2021.10.win32_1.0.0.202111181127/tools/bin/../lib/gcc/arm-none-eabi/10.3.1/../../../../arm-none-eabi/lib/thumb/v7e-m+fp/hard\libc_nano.a(lib_a-init.o)
 .debug_frame   0x0000000000003518       0x20 c:/st/stm32cubeide_1.10.1/stm32cubeide/plugins/com.st.stm32cube.ide.mcu.externaltools.gnu-tools-for-stm32.10.3-2021.10.win32_1.0.0.202111181127/tools/bin/../lib/gcc/arm-none-eabi/10.3.1/../../../../arm-none-eabi/lib/thumb/v7e-m+fp/hard\libc_nano.a(lib_a-memset.o)
 .debug_frame   0x0000000000003538       0x2c c:/st/stm32cubeide_1.10.1/stm32cubeide/plugins/com.st.stm32cube.ide.mcu.externaltools.gnu-tools-for-stm32.10.3-2021.10.win32_1.0.0.202111181127/tools/bin/../lib/gcc/arm-none-eabi/10.3.1/thumb/v7e-m+fp/hard\libgcc.a(_aeabi_uldivmod.o)
 .debug_frame   0x0000000000003564       0x34 c:/st/stm32cubeide_1.10.1/stm32cubeide/plugins/com.st.stm32cube.ide.mcu.externaltools.gnu-tools-for-stm32.10.3-2021.10.win32_1.0.0.202111181127/tools/bin/../lib/gcc/arm-none-eabi/10.3.1/thumb/v7e-m+fp/hard\libgcc.a(_udivmoddi4.o)
