Archive member included to satisfy reference by file (symbol)

c:/st/stm32cubeide_1.10.1/stm32cubeide/plugins/com.st.stm32cube.ide.mcu.externaltools.gnu-tools-for-stm32.10.3-2021.10.win32_1.0.0.202111181127/tools/bin/../lib/gcc/arm-none-eabi/10.3.1/../../../../arm-none-eabi/lib/thumb/v7e-m+fp/hard\libc_nano.a(lib_a-errno.o)
                              ./Core/Src/syscalls.o (__errno)
c:/st/stm32cubeide_1.10.1/stm32cubeide/plugins/com.st.stm32cube.ide.mcu.externaltools.gnu-tools-for-stm32.10.3-2021.10.win32_1.0.0.202111181127/tools/bin/../lib/gcc/arm-none-eabi/10.3.1/../../../../arm-none-eabi/lib/thumb/v7e-m+fp/hard\libc_nano.a(lib_a-exit.o)
                              c:/st/stm32cubeide_1.10.1/stm32cubeide/plugins/com.st.stm32cube.ide.mcu.externaltools.gnu-tools-for-stm32.10.3-2021.10.win32_1.0.0.202111181127/tools/bin/../lib/gcc/arm-none-eabi/10.3.1/../../../../arm-none-eabi/lib/thumb/v7e-m+fp/hard/crt0.o (exit)
c:/st/stm32cubeide_1.10.1/stm32cubeide/plugins/com.st.stm32cube.ide.mcu.externaltools.gnu-tools-for-stm32.10.3-2021.10.win32_1.0.0.202111181127/tools/bin/../lib/gcc/arm-none-eabi/10.3.1/../../../../arm-none-eabi/lib/thumb/v7e-m+fp/hard\libc_nano.a(lib_a-impure.o)
                              c:/st/stm32cubeide_1.10.1/stm32cubeide/plugins/com.st.stm32cube.ide.mcu.externaltools.gnu-tools-for-stm32.10.3-2021.10.win32_1.0.0.202111181127/tools/bin/../lib/gcc/arm-none-eabi/10.3.1/../../../../arm-none-eabi/lib/thumb/v7e-m+fp/hard\libc_nano.a(lib_a-exit.o) (_global_impure_ptr)
c:/st/stm32cubeide_1.10.1/stm32cubeide/plugins/com.st.stm32cube.ide.mcu.externaltools.gnu-tools-for-stm32.10.3-2021.10.win32_1.0.0.202111181127/tools/bin/../lib/gcc/arm-none-eabi/10.3.1/../../../../arm-none-eabi/lib/thumb/v7e-m+fp/hard\libc_nano.a(lib_a-init.o)
                              c:/st/stm32cubeide_1.10.1/stm32cubeide/plugins/com.st.stm32cube.ide.mcu.externaltools.gnu-tools-for-stm32.10.3-2021.10.win32_1.0.0.202111181127/tools/bin/../lib/gcc/arm-none-eabi/10.3.1/../../../../arm-none-eabi/lib/thumb/v7e-m+fp/hard/crt0.o (__libc_init_array)
c:/st/stm32cubeide_1.10.1/stm32cubeide/plugins/com.st.stm32cube.ide.mcu.externaltools.gnu-tools-for-stm32.10.3-2021.10.win32_1.0.0.202111181127/tools/bin/../lib/gcc/arm-none-eabi/10.3.1/../../../../arm-none-eabi/lib/thumb/v7e-m+fp/hard\libc_nano.a(lib_a-memset.o)
                              c:/st/stm32cubeide_1.10.1/stm32cubeide/plugins/com.st.stm32cube.ide.mcu.externaltools.gnu-tools-for-stm32.10.3-2021.10.win32_1.0.0.202111181127/tools/bin/../lib/gcc/arm-none-eabi/10.3.1/../../../../arm-none-eabi/lib/thumb/v7e-m+fp/hard/crt0.o (memset)
c:/st/stm32cubeide_1.10.1/stm32cubeide/plugins/com.st.stm32cube.ide.mcu.externaltools.gnu-tools-for-stm32.10.3-2021.10.win32_1.0.0.202111181127/tools/bin/../lib/gcc/arm-none-eabi/10.3.1/thumb/v7e-m+fp/hard\libgcc.a(_aeabi_uldivmod.o)
                              ./Drivers/STM32F4xx_HAL_Driver/Src/stm32f4xx_hal_rcc.o (__aeabi_uldivmod)
c:/st/stm32cubeide_1.10.1/stm32cubeide/plugins/com.st.stm32cube.ide.mcu.externaltools.gnu-tools-for-stm32.10.3-2021.10.win32_1.0.0.202111181127/tools/bin/../lib/gcc/arm-none-eabi/10.3.1/thumb/v7e-m+fp/hard\libgcc.a(_udivmoddi4.o)
                              c:/st/stm32cubeide_1.10.1/stm32cubeide/plugins/com.st.stm32cube.ide.mcu.externaltools.gnu-tools-for-stm32.10.3-2021.10.win32_1.0.0.202111181127/tools/bin/../lib/gcc/arm-none-eabi/10.3.1/thumb/v7e-m+fp/hard\libgcc.a(_aeabi_uldivmod.o) (__udivmoddi4)
c:/st/stm32cubeide_1.10.1/stm32cubeide/plugins/com.st.stm32cube.ide.mcu.externaltools.gnu-tools-for-stm32.10.3-2021.10.win32_1.0.0.202111181127/tools/bin/../lib/gcc/arm-none-eabi/10.3.1/thumb/v7e-m+fp/hard\libgcc.a(_dvmd_tls.o)
                              c:/st/stm32cubeide_1.10.1/stm32cubeide/plugins/com.st.stm32cube.ide.mcu.externaltools.gnu-tools-for-stm32.10.3-2021.10.win32_1.0.0.202111181127/tools/bin/../lib/gcc/arm-none-eabi/10.3.1/thumb/v7e-m+fp/hard\libgcc.a(_aeabi_uldivmod.o) (__aeabi_ldiv0)

Discarded input sections

 .text          0x0000000000000000        0x0 c:/st/stm32cubeide_1.10.1/stm32cubeide/plugins/com.st.stm32cube.ide.mcu.externaltools.gnu-tools-for-stm32.10.3-2021.10.win32_1.0.0.202111181127/tools/bin/../lib/gcc/arm-none-eabi/10.3.1/thumb/v7e-m+fp/hard/crti.o
 .data          0x0000000000000000        0x0 c:/st/stm32cubeide_1.10.1/stm32cubeide/plugins/com.st.stm32cube.ide.mcu.externaltools.gnu-tools-for-stm32.10.3-2021.10.win32_1.0.0.202111181127/tools/bin/../lib/gcc/arm-none-eabi/10.3.1/thumb/v7e-m+fp/hard/crti.o
 .bss           0x0000000000000000        0x0 c:/st/stm32cubeide_1.10.1/stm32cubeide/plugins/com.st.stm32cube.ide.mcu.externaltools.gnu-tools-for-stm32.10.3-2021.10.win32_1.0.0.202111181127/tools/bin/../lib/gcc/arm-none-eabi/10.3.1/thumb/v7e-m+fp/hard/crti.o
[...]
Memory Configuration

Name             Origin             Length             Attributes
CCMRAM           0x0000000010000000 0x0000000000010000 xrw
RAM              0x0000000020000000 0x0000000000020000 xrw
FLASH            0x0000000008000000 0x0000000000080000 xr
*default*        0x0000000000000000 0xffffffffffffffff

Linker script and memory map

LOAD c:/st/stm32cubeide_1.10.1/stm32cubeide/plugins/com.st.stm32cube.ide.mcu.externaltools.gnu-tools-for-stm32.10.3-2021.10.win32_1.0.0.202111181127/tools/bin/../lib/gcc/arm-none-eabi/10.3.1/thumb/v7e-m+fp/hard/crti.o
LOAD c:/st/stm32cubeide_1.10.1/stm32cubeide/plugins/com.st.stm32cube.ide.mcu.externaltools.gnu-tools-for-stm32.10.3-2021.10.win32_1.0.0.202111181127/tools/bin/../lib/gcc/arm-none-eabi/10.3.1/thumb/v7e-m+fp/hard/crtbegin.o
LOAD c:/st/stm32cubeide_1.10.1/stm32cubeide/plugins/com.st.stm32cube.ide.mcu.externaltools.gnu-tools-for-stm32.10.3-2021.10.win32_1.0.0.202111181127/tools/bin/../lib/gcc/arm-none-eabi/10.3.1/../../../../arm-none-eabi/lib/thumb/v7e-m+fp/hard/crt0.o
LOAD ./Core/Src/7SEG.o
LOAD ./Core/Src/CLCD.o
LOAD ./Core/Src/adc.o
LOAD ./Core/Src/dac.o
LOAD ./Core/Src/dma.o
LOAD ./Core/Src/gpio.o
LOAD ./Core/Src/main.o
LOAD ./Core/Src/sin.o
LOAD ./Core/Src/stm32f4xx_hal_msp.o
LOAD ./Core/Src/stm32f4xx_it.o
LOAD ./Core/Src/syscalls.o
LOAD ./Core/Src/sysmem.o
LOAD ./Core/Src/system_stm32f4xx.o
LOAD ./Core/Src/tim.o
LOAD ./Core/Src/usart.o
LOAD ./Core/Startup/startup_stm32f407vetx.o
LOAD ./Drivers/STM32F4xx_HAL_Driver/Src/stm32f4xx_hal.o
LOAD ./Drivers/STM32F4xx_HAL_Driver/Src/stm32f4xx_hal_adc.o
LOAD ./Drivers/STM32F4xx_HAL_Driver/Src/stm32f4xx_hal_adc_ex.o
LOAD ./Drivers/STM32F4xx_HAL_Driver/Src/stm32f4xx_hal_cortex.o
LOAD ./Drivers/STM32F4xx_HAL_Driver/Src/stm32f4xx_hal_dac.o
LOAD ./Drivers/STM32F4xx_HAL_Driver/Src/stm32f4xx_hal_dac_ex.o
LOAD ./Drivers/STM32F4xx_HAL_Driver/Src/stm32f4xx_hal_dma.o
LOAD ./Drivers/STM32F4xx_HAL_Driver/Src/stm32f4xx_hal_dma_ex.o
LOAD ./Drivers/STM32F4xx_HAL_Driver/Src/stm32f4xx_hal_exti.o
LOAD ./Drivers/STM32F4xx_HAL_Driver/Src/stm32f4xx_hal_flash.o
LOAD ./Drivers/STM32F4xx_HAL_Driver/Src/stm32f4xx_hal_flash_ex.o
LOAD ./Drivers/STM32F4xx_HAL_Driver/Src/stm32f4xx_hal_flash_ramfunc.o
LOAD ./Drivers/STM32F4xx_HAL_Driver/Src/stm32f4xx_hal_gpio.o
LOAD ./Drivers/STM32F4xx_HAL_Driver/Src/stm32f4xx_hal_pwr.o
LOAD ./Drivers/STM32F4xx_HAL_Driver/Src/stm32f4xx_hal_pwr_ex.o
LOAD ./Drivers/STM32F4xx_HAL_Driver/Src/stm32f4xx_hal_rcc.o
LOAD ./Drivers/STM32F4xx_HAL_Driver/Src/stm32f4xx_hal_rcc_ex.o
LOAD ./Drivers/STM32F4xx_HAL_Driver/Src/stm32f4xx_hal_tim.o
LOAD ./Drivers/STM32F4xx_HAL_Driver/Src/stm32f4xx_hal_tim_ex.o
LOAD ./Drivers/STM32F4xx_HAL_Driver/Src/stm32f4xx_hal_uart.o
LOAD ./Drivers/STM32F4xx_HAL_Driver/Src/stm32f4xx_ll_adc.o
START GROUP
LOAD c:/st/stm32cubeide_1.10.1/stm32cubeide/plugins/com.st.stm32cube.ide.mcu.externaltools.gnu-tools-for-stm32.10.3-2021.10.win32_1.0.0.202111181127/tools/bin/../lib/gcc/arm-none-eabi/10.3.1/../../../../arm-none-eabi/lib/thumb/v7e-m+fp/hard\libc_nano.a
LOAD c:/st/stm32cubeide_1.10.1/stm32cubeide/plugins/com.st.stm32cube.ide.mcu.externaltools.gnu-tools-for-stm32.10.3-2021.10.win32_1.0.0.202111181127/tools/bin/../lib/gcc/arm-none-eabi/10.3.1/../../../../arm-none-eabi/lib/thumb/v7e-m+fp/hard\libm.a
END GROUP
START GROUP
LOAD c:/st/stm32cubeide_1.10.1/stm32cubeide/plugins/com.st.stm32cube.ide.mcu.externaltools.gnu-tools-for-stm32.10.3-2021.10.win32_1.0.0.202111181127/tools/bin/../lib/gcc/arm-none-eabi/10.3.1/thumb/v7e-m+fp/hard\libgcc.a
LOAD c:/st/stm32cubeide_1.10.1/stm32cubeide/plugins/com.st.stm32cube.ide.mcu.externaltools.gnu-tools-for-stm32.10.3-2021.10.win32_1.0.0.202111181127/tools/bin/../lib/gcc/arm-none-eabi/10.3.1/../../../../arm-none-eabi/lib/thumb/v7e-m+fp/hard\libc_nano.a
END GROUP
START GROUP
LOAD c:/st/stm32cubeide_1.10.1/stm32cubeide/plugins/com.st.stm32cube.ide.mcu.externaltools.gnu-tools-for-stm32.10.3-2021.10.win32_1.0.0.202111181127/tools/bin/../lib/gcc/arm-none-eabi/10.3.1/thumb/v7e-m+fp/hard\libgcc.a
LOAD c:/st/stm32cubeide_1.10.1/stm32cubeide/plugins/com.st.stm32cube.ide.mcu.externaltools.gnu-tools-for-stm32.10.3-2021.10.win32_1.0.0.202111181127/tools/bin/../lib/gcc/arm-none-eabi/10.3.1/../../../../arm-none-eabi/lib/thumb/v7e-m+fp/hard\libc_nano.a
LOAD c:/st/stm32cubeide_1.10.1/stm32cubeide/plugins/com.st.stm32cube.ide.mcu.externaltools.gnu-tools-for-stm32.10.3-2021.10.win32_1.0.0.202111181127/tools/bin/../lib/gcc/arm-none-eabi/10.3.1/../../../../arm-none-eabi/lib/thumb/v7e-m+fp/hard\libnosys.a
END GROUP
START GROUP
LOAD c:/st/stm32cubeide_1.10.1/stm32cubeide/plugins/com.st.stm32cube.ide.mcu.externaltools.gnu-tools-for-stm32.10.3-2021.10.win32_1.0.0.202111181127/tools/bin/../lib/gcc/arm-none-eabi/10.3.1/thumb/v7e-m+fp/hard\libgcc.a
LOAD c:/st/stm32cubeide_1.10.1/stm32cubeide/plugins/com.st.stm32cube.ide.mcu.externaltools.gnu-tools-for-stm32.10.3-2021.10.win32_1.0.0.202111181127/tools/bin/../lib/gcc/arm-none-eabi/10.3.1/../../../../arm-none-eabi/lib/thumb/v7e-m+fp/hard\libc_nano.a
LOAD c:/st/stm32cubeide_1.10.1/stm32cubeide/plugins/com.st.stm32cube.ide.mcu.externaltools.gnu-tools-for-stm32.10.3-2021.10.win32_1.0.0.202111181127/tools/bin/../lib/gcc/arm-none-eabi/10.3.1/../../../../arm-none-eabi/lib/thumb/v7e-m+fp/hard\libnosys.a
END GROUP
LOAD c:/st/stm32cubeide_1.10.1/stm32cubeide/plugins/com.st.stm32cube.ide.mcu.externaltools.gnu-tools-for-stm32.10.3-2021.10.win32_1.0.0.202111181127/tools/bin/../lib/gcc/arm-none-eabi/10.3.1/thumb/v7e-m+fp/hard/crtend.o
LOAD c:/st/stm32cubeide_1.10.1/stm32cubeide/plugins/com.st.stm32cube.ide.mcu.externaltools.gnu-tools-for-stm32.10.3-2021.10.win32_1.0.0.202111181127/tools/bin/../lib/gcc/arm-none-eabi/10.3.1/thumb/v7e-m+fp/hard/crtn.o
                0x0000000020020000                _estack = (ORIGIN (RAM) + LENGTH (RAM))
                0x0000000000000200                _Min_Heap_Size = 0x200
                0x0000000000000400                _Min_Stack_Size = 0x400

.isr_vector     0x0000000008000000      0x188
                0x0000000008000000                . = ALIGN (0x4)
 *(.isr_vector)
 .isr_vector    0x0000000008000000      0x188 ./Core/Startup/startup_stm32f407vetx.o
                0x0000000008000000                g_pfnVectors
                0x0000000008000188                . = ALIGN (0x4)

.text           0x0000000008000188     0x6084
                0x0000000008000188                . = ALIGN (0x4)
 *(.text)
 .text          0x0000000008000188       0x40 c:/st/stm32cubeide_1.10.1/stm32cubeide/plugins/com.st.stm32cube.ide.mcu.externaltools.gnu-tools-for-stm32.10.3-2021.10.win32_1.0.0.202111181127/tools/bin/../lib/gcc/arm-none-eabi/10.3.1/thumb/v7e-m+fp/hard/crtbegin.o
 .text          0x00000000080001c8       0x30 c:/st/stm32cubeide_1.10.1/stm32cubeide/plugins/com.st.stm32cube.ide.mcu.externaltools.gnu-tools-for-stm32.10.3-2021.10.win32_1.0.0.202111181127/tools/bin/../lib/gcc/arm-none-eabi/10.3.1/thumb/v7e-m+fp/hard\libgcc.a(_aeabi_uldivmod.o)
                0x00000000080001c8                __aeabi_uldivmod
 .text          0x00000000080001f8      0x2d0 c:/st/stm32cubeide_1.10.1/stm32cubeide/plugins/com.st.stm32cube.ide.mcu.externaltools.gnu-tools-for-stm32.10.3-2021.10.win32_1.0.0.202111181127/tools/bin/../lib/gcc/arm-none-eabi/10.3.1/thumb/v7e-m+fp/hard\libgcc.a(_udivmoddi4.o)
                0x00000000080001f8                __udivmoddi4
 .text          0x00000000080004c8        0x4 c:/st/stm32cubeide_1.10.1/stm32cubeide/plugins/com.st.stm32cube.ide.mcu.externaltools.gnu-tools-for-stm32.10.3-2021.10.win32_1.0.0.202111181127/tools/bin/../lib/gcc/arm-none-eabi/10.3.1/thumb/v7e-m+fp/hard\libgcc.a(_dvmd_tls.o)
                0x00000000080004c8                __aeabi_idiv0
                0x00000000080004c8                __aeabi_ldiv0
 *(.text*)
 .text._7SEG_GPIO_Init
                0x00000000080004cc      0x1cc ./Core/Src/7SEG.o
                0x00000000080004cc                _7SEG_GPIO_Init
 .text._7SEG_SetNumber
                0x0000000008000698      0x7c4 ./Core/Src/7SEG.o
                0x0000000008000698                _7SEG_SetNumber
 .text.MX_ADC1_Init
                0x0000000008000e5c       0xfc ./Core/Src/adc.o
                0x0000000008000e5c                MX_ADC1_Init
 .text.HAL_ADC_MspInit
                0x0000000008000f58      0x128 ./Core/Src/adc.o
                0x0000000008000f58                HAL_ADC_MspInit
 .text.MX_DAC_Init
                0x0000000008001080       0x54 ./Core/Src/dac.o
                0x0000000008001080                MX_DAC_Init
 .text.HAL_DAC_MspInit
                0x00000000080010d4       0x88 ./Core/Src/dac.o
                0x00000000080010d4                HAL_DAC_MspInit
 .text.MX_DMA_Init
                0x000000000800115c       0x40 ./Core/Src/dma.o
                0x000000000800115c                MX_DMA_Init
 .text.MX_GPIO_Init
                0x000000000800119c      0x180 ./Core/Src/gpio.o
                0x000000000800119c                MX_GPIO_Init
 .text.main     0x000000000800131c      0x170 ./Core/Src/main.o
                0x000000000800131c                main
 .text.SystemClock_Config
                0x000000000800148c       0xd4 ./Core/Src/main.o
                0x000000000800148c                SystemClock_Config
 .text.MX_NVIC_Init
                0x0000000008001560       0x28 ./Core/Src/main.o
 .text.HAL_UART_RxCpltCallback
                0x0000000008001588       0x3c ./Core/Src/main.o
                0x0000000008001588                HAL_UART_RxCpltCallback
 .text.HAL_TIM_PeriodElapsedCallback
                0x00000000080015c4       0x34 ./Core/Src/main.o
                0x00000000080015c4                HAL_TIM_PeriodElapsedCallback
 .text.HAL_GPIO_EXTI_Callback
                0x00000000080015f8       0x5c ./Core/Src/main.o
                0x00000000080015f8                HAL_GPIO_EXTI_Callback
 .text.Error_Handler
                0x0000000008001654        0xa ./Core/Src/main.o
                0x0000000008001654                Error_Handler
 *fill*         0x000000000800165e        0x2 
 .text.HAL_MspInit
                0x0000000008001660       0x50 ./Core/Src/stm32f4xx_hal_msp.o
                0x0000000008001660                HAL_MspInit
 .text.NMI_Handler
                0x00000000080016b0        0x6 ./Core/Src/stm32f4xx_it.o
                0x00000000080016b0                NMI_Handler
 .text.HardFault_Handler
                0x00000000080016b6        0x6 ./Core/Src/stm32f4xx_it.o
                0x00000000080016b6                HardFault_Handler
 .text.MemManage_Handler
                0x00000000080016bc        0x6 ./Core/Src/stm32f4xx_it.o
                0x00000000080016bc                MemManage_Handler
 .text.BusFault_Handler
                0x00000000080016c2        0x6 ./Core/Src/stm32f4xx_it.o
                0x00000000080016c2                BusFault_Handler
 .text.UsageFault_Handler
                0x00000000080016c8        0x6 ./Core/Src/stm32f4xx_it.o
                0x00000000080016c8                UsageFault_Handler
 .text.SVC_Handler
                0x00000000080016ce        0xe ./Core/Src/stm32f4xx_it.o
                0x00000000080016ce                SVC_Handler
 .text.DebugMon_Handler
                0x00000000080016dc        0xe ./Core/Src/stm32f4xx_it.o
                0x00000000080016dc                DebugMon_Handler
 .text.PendSV_Handler
                0x00000000080016ea        0xe ./Core/Src/stm32f4xx_it.o
                0x00000000080016ea                PendSV_Handler
 .text.SysTick_Handler
                0x00000000080016f8        0xc ./Core/Src/stm32f4xx_it.o
                0x00000000080016f8                SysTick_Handler
 .text.EXTI3_IRQHandler
                0x0000000008001704        0xe ./Core/Src/stm32f4xx_it.o
                0x0000000008001704                EXTI3_IRQHandler
 .text.EXTI4_IRQHandler
                0x0000000008001712        0xe ./Core/Src/stm32f4xx_it.o
                0x0000000008001712                EXTI4_IRQHandler
 .text.USART3_IRQHandler
                0x0000000008001720       0x14 ./Core/Src/stm32f4xx_it.o
                0x0000000008001720                USART3_IRQHandler
 .text.EXTI15_10_IRQHandler
                0x0000000008001734       0x18 ./Core/Src/stm32f4xx_it.o
                0x0000000008001734                EXTI15_10_IRQHandler
 .text.TIM7_IRQHandler
                0x000000000800174c       0x14 ./Core/Src/stm32f4xx_it.o
                0x000000000800174c                TIM7_IRQHandler
 .text.DMA2_Stream0_IRQHandler
                0x0000000008001760       0x14 ./Core/Src/stm32f4xx_it.o
                0x0000000008001760                DMA2_Stream0_IRQHandler
 .text.SystemInit
                0x0000000008001774       0x24 ./Core/Src/system_stm32f4xx.o
                0x0000000008001774                SystemInit
 .text.MX_TIM2_Init
                0x0000000008001798       0xec ./Core/Src/tim.o
                0x0000000008001798                MX_TIM2_Init
 .text.MX_TIM3_Init
                0x0000000008001884      0x128 ./Core/Src/tim.o
                0x0000000008001884                MX_TIM3_Init
 .text.MX_TIM4_Init
                0x00000000080019ac      0x128 ./Core/Src/tim.o
                0x00000000080019ac                MX_TIM4_Init
 .text.MX_TIM5_Init
                0x0000000008001ad4      0x11c ./Core/Src/tim.o
                0x0000000008001ad4                MX_TIM5_Init
 .text.MX_TIM7_Init
                0x0000000008001bf0       0x6c ./Core/Src/tim.o
                0x0000000008001bf0                MX_TIM7_Init
 .text.MX_TIM10_Init
                0x0000000008001c5c       0x9c ./Core/Src/tim.o
                0x0000000008001c5c                MX_TIM10_Init
 .text.HAL_TIM_Base_MspInit
                0x0000000008001cf8      0x11c ./Core/Src/tim.o
                0x0000000008001cf8                HAL_TIM_Base_MspInit
 .text.HAL_TIM_MspPostInit
                0x0000000008001e14      0x1ec ./Core/Src/tim.o
                0x0000000008001e14                HAL_TIM_MspPostInit
 .text.MX_USART3_UART_Init
                0x0000000008002000       0x54 ./Core/Src/usart.o
                0x0000000008002000                MX_USART3_UART_Init
 .text.HAL_UART_MspInit
                0x0000000008002054       0x90 ./Core/Src/usart.o
                0x0000000008002054                HAL_UART_MspInit
 .text.Reset_Handler
                0x00000000080020e4       0x50 ./Core/Startup/startup_stm32f407vetx.o
                0x00000000080020e4                Reset_Handler
 .text.Default_Handler
                0x0000000008002134        0x2 ./Core/Startup/startup_stm32f407vetx.o
                0x0000000008002134                RTC_Alarm_IRQHandler
                0x0000000008002134                HASH_RNG_IRQHandler
                0x0000000008002134                EXTI2_IRQHandler
                0x0000000008002134                TIM8_CC_IRQHandler
                0x0000000008002134                TIM1_CC_IRQHandler
                0x0000000008002134                DMA2_Stream5_IRQHandler
                0x0000000008002134                DMA1_Stream5_IRQHandler
                0x0000000008002134                PVD_IRQHandler
                0x0000000008002134                SDIO_IRQHandler
                0x0000000008002134                TAMP_STAMP_IRQHandler
                0x0000000008002134                CAN2_RX1_IRQHandler
                0x0000000008002134                TIM8_TRG_COM_TIM14_IRQHandler
                0x0000000008002134                TIM1_UP_TIM10_IRQHandler
                0x0000000008002134                TIM8_UP_TIM13_IRQHandler
                0x0000000008002134                I2C3_ER_IRQHandler
                0x0000000008002134                EXTI0_IRQHandler
                0x0000000008002134                I2C2_EV_IRQHandler
                0x0000000008002134                DMA1_Stream2_IRQHandler
                0x0000000008002134                CAN1_RX0_IRQHandler
                0x0000000008002134                FPU_IRQHandler
                0x0000000008002134                OTG_HS_WKUP_IRQHandler
                0x0000000008002134                CAN2_SCE_IRQHandler
                0x0000000008002134                DMA2_Stream2_IRQHandler
                0x0000000008002134                SPI1_IRQHandler
                0x0000000008002134                TIM6_DAC_IRQHandler
                0x0000000008002134                TIM1_BRK_TIM9_IRQHandler
                0x0000000008002134                DCMI_IRQHandler
                0x0000000008002134                CAN2_RX0_IRQHandler
                0x0000000008002134                DMA2_Stream3_IRQHandler
                0x0000000008002134                USART6_IRQHandler
                0x0000000008002134                CAN1_RX1_IRQHandler
                0x0000000008002134                UART5_IRQHandler
                0x0000000008002134                TIM4_IRQHandler
                0x0000000008002134                I2C1_EV_IRQHandler
                0x0000000008002134                DMA1_Stream6_IRQHandler
                0x0000000008002134                DMA1_Stream1_IRQHandler
                0x0000000008002134                UART4_IRQHandler
                0x0000000008002134                TIM3_IRQHandler
                0x0000000008002134                RCC_IRQHandler
                0x0000000008002134                TIM8_BRK_TIM12_IRQHandler
                0x0000000008002134                Default_Handler
                0x0000000008002134                ADC_IRQHandler
                0x0000000008002134                DMA1_Stream7_IRQHandler
                0x0000000008002134                CAN2_TX_IRQHandler
                0x0000000008002134                TIM5_IRQHandler
                0x0000000008002134                DMA2_Stream7_IRQHandler
                0x0000000008002134                I2C3_EV_IRQHandler
                0x0000000008002134                EXTI9_5_IRQHandler
                0x0000000008002134                RTC_WKUP_IRQHandler
                0x0000000008002134                ETH_WKUP_IRQHandler
                0x0000000008002134                SPI2_IRQHandler
                0x0000000008002134                OTG_HS_EP1_IN_IRQHandler
                0x0000000008002134                DMA1_Stream0_IRQHandler
                0x0000000008002134                CAN1_TX_IRQHandler
                0x0000000008002134                FSMC_IRQHandler
                0x0000000008002134                ETH_IRQHandler
                0x0000000008002134                OTG_HS_EP1_OUT_IRQHandler
                0x0000000008002134                WWDG_IRQHandler
                0x0000000008002134                TIM2_IRQHandler
                0x0000000008002134                OTG_FS_WKUP_IRQHandler
                0x0000000008002134                TIM1_TRG_COM_TIM11_IRQHandler
                0x0000000008002134                OTG_HS_IRQHandler
                0x0000000008002134                EXTI1_IRQHandler
                0x0000000008002134                USART2_IRQHandler
                0x0000000008002134                I2C2_ER_IRQHandler
                0x0000000008002134                DMA2_Stream1_IRQHandler
                0x0000000008002134                CAN1_SCE_IRQHandler
                0x0000000008002134                FLASH_IRQHandler
                0x0000000008002134                DMA2_Stream4_IRQHandler
                0x0000000008002134                USART1_IRQHandler
                0x0000000008002134                OTG_FS_IRQHandler
                0x0000000008002134                SPI3_IRQHandler
                0x0000000008002134                DMA1_Stream4_IRQHandler
                0x0000000008002134                I2C1_ER_IRQHandler
                0x0000000008002134                DMA2_Stream6_IRQHandler
                0x0000000008002134                DMA1_Stream3_IRQHandler
 *fill*         0x0000000008002136        0x2 
 .text.HAL_Init
                0x0000000008002138       0x44 ./Drivers/STM32F4xx_HAL_Driver/Src/stm32f4xx_hal.o
                0x0000000008002138                HAL_Init
 .text.HAL_InitTick
                0x000000000800217c       0x60 ./Drivers/STM32F4xx_HAL_Driver/Src/stm32f4xx_hal.o
                0x000000000800217c                HAL_InitTick
 .text.HAL_IncTick
                0x00000000080021dc       0x28 ./Drivers/STM32F4xx_HAL_Driver/Src/stm32f4xx_hal.o
                0x00000000080021dc                HAL_IncTick
 .text.HAL_GetTick
                0x0000000008002204       0x18 ./Drivers/STM32F4xx_HAL_Driver/Src/stm32f4xx_hal.o
                0x0000000008002204                HAL_GetTick
 .text.HAL_ADC_Init
                0x000000000800221c       0x86 ./Drivers/STM32F4xx_HAL_Driver/Src/stm32f4xx_hal_adc.o
                0x000000000800221c                HAL_ADC_Init
 *fill*         0x00000000080022a2        0x2 
 .text.HAL_ADC_ConfigChannel
                0x00000000080022a4      0x244 ./Drivers/STM32F4xx_HAL_Driver/Src/stm32f4xx_hal_adc.o
                0x00000000080022a4                HAL_ADC_ConfigChannel
 .text.ADC_Init
                0x00000000080024e8      0x1f8 ./Drivers/STM32F4xx_HAL_Driver/Src/stm32f4xx_hal_adc.o
 .text.__NVIC_SetPriorityGrouping
                0x00000000080026e0       0x48 ./Drivers/STM32F4xx_HAL_Driver/Src/stm32f4xx_hal_cortex.o
 .text.__NVIC_GetPriorityGrouping
                0x0000000008002728       0x1c ./Drivers/STM32F4xx_HAL_Driver/Src/stm32f4xx_hal_cortex.o
 .text.__NVIC_EnableIRQ
                0x0000000008002744       0x3c ./Drivers/STM32F4xx_HAL_Driver/Src/stm32f4xx_hal_cortex.o
 .text.__NVIC_SetPriority
                0x0000000008002780       0x54 ./Drivers/STM32F4xx_HAL_Driver/Src/stm32f4xx_hal_cortex.o
 .text.NVIC_EncodePriority
                0x00000000080027d4       0x66 ./Drivers/STM32F4xx_HAL_Driver/Src/stm32f4xx_hal_cortex.o
 *fill*         0x000000000800283a        0x2 
 .text.SysTick_Config
                0x000000000800283c       0x44 ./Drivers/STM32F4xx_HAL_Driver/Src/stm32f4xx_hal_cortex.o
 .text.HAL_NVIC_SetPriorityGrouping
                0x0000000008002880       0x16 ./Drivers/STM32F4xx_HAL_Driver/Src/stm32f4xx_hal_cortex.o
                0x0000000008002880                HAL_NVIC_SetPriorityGrouping
 .text.HAL_NVIC_SetPriority
                0x0000000008002896       0x38 ./Drivers/STM32F4xx_HAL_Driver/Src/stm32f4xx_hal_cortex.o
                0x0000000008002896                HAL_NVIC_SetPriority
 .text.HAL_NVIC_EnableIRQ
                0x00000000080028ce       0x1c ./Drivers/STM32F4xx_HAL_Driver/Src/stm32f4xx_hal_cortex.o
                0x00000000080028ce                HAL_NVIC_EnableIRQ
 .text.HAL_SYSTICK_Config
                0x00000000080028ea       0x18 ./Drivers/STM32F4xx_HAL_Driver/Src/stm32f4xx_hal_cortex.o
                0x00000000080028ea                HAL_SYSTICK_Config
 .text.HAL_DAC_Init
                0x0000000008002902       0x44 ./Drivers/STM32F4xx_HAL_Driver/Src/stm32f4xx_hal_dac.o
                0x0000000008002902                HAL_DAC_Init
 .text.HAL_DAC_Start
                0x0000000008002946       0xa4 ./Drivers/STM32F4xx_HAL_Driver/Src/stm32f4xx_hal_dac.o
                0x0000000008002946                HAL_DAC_Start
 .text.HAL_DAC_SetValue
                0x00000000080029ea       0x4a ./Drivers/STM32F4xx_HAL_Driver/Src/stm32f4xx_hal_dac.o
                0x00000000080029ea                HAL_DAC_SetValue
 .text.HAL_DAC_ConfigChannel
                0x0000000008002a34       0x9e ./Drivers/STM32F4xx_HAL_Driver/Src/stm32f4xx_hal_dac.o
                0x0000000008002a34                HAL_DAC_ConfigChannel
 *fill*         0x0000000008002ad2        0x2 
 .text.HAL_DMA_Init
                0x0000000008002ad4      0x15c ./Drivers/STM32F4xx_HAL_Driver/Src/stm32f4xx_hal_dma.o
                0x0000000008002ad4                HAL_DMA_Init
 .text.HAL_DMA_Abort
                0x0000000008002c30       0xe0 ./Drivers/STM32F4xx_HAL_Driver/Src/stm32f4xx_hal_dma.o
                0x0000000008002c30                HAL_DMA_Abort
 .text.HAL_DMA_Abort_IT
                0x0000000008002d10       0x44 ./Drivers/STM32F4xx_HAL_Driver/Src/stm32f4xx_hal_dma.o
                0x0000000008002d10                HAL_DMA_Abort_IT
 .text.HAL_DMA_IRQHandler
                0x0000000008002d54      0x314 ./Drivers/STM32F4xx_HAL_Driver/Src/stm32f4xx_hal_dma.o
                0x0000000008002d54                HAL_DMA_IRQHandler
 .text.DMA_CalcBaseAndBitshift
                0x0000000008003068       0x6c ./Drivers/STM32F4xx_HAL_Driver/Src/stm32f4xx_hal_dma.o
 .text.DMA_CheckFifoParam
                0x00000000080030d4       0xf8 ./Drivers/STM32F4xx_HAL_Driver/Src/stm32f4xx_hal_dma.o
 .text.HAL_GPIO_Init
                0x00000000080031cc      0x338 ./Drivers/STM32F4xx_HAL_Driver/Src/stm32f4xx_hal_gpio.o
                0x00000000080031cc                HAL_GPIO_Init
 .text.HAL_GPIO_WritePin
                0x0000000008003504       0x32 ./Drivers/STM32F4xx_HAL_Driver/Src/stm32f4xx_hal_gpio.o
                0x0000000008003504                HAL_GPIO_WritePin
 .text.HAL_GPIO_TogglePin
                0x0000000008003536       0x34 ./Drivers/STM32F4xx_HAL_Driver/Src/stm32f4xx_hal_gpio.o
                0x0000000008003536                HAL_GPIO_TogglePin
 *fill*         0x000000000800356a        0x2 
 .text.HAL_GPIO_EXTI_IRQHandler
                0x000000000800356c       0x30 ./Drivers/STM32F4xx_HAL_Driver/Src/stm32f4xx_hal_gpio.o
                0x000000000800356c                HAL_GPIO_EXTI_IRQHandler
 .text.HAL_RCC_OscConfig
                0x000000000800359c      0x4f0 ./Drivers/STM32F4xx_HAL_Driver/Src/stm32f4xx_hal_rcc.o
                0x000000000800359c                HAL_RCC_OscConfig
 .text.HAL_RCC_ClockConfig
                0x0000000008003a8c      0x1cc ./Drivers/STM32F4xx_HAL_Driver/Src/stm32f4xx_hal_rcc.o
                0x0000000008003a8c                HAL_RCC_ClockConfig
 .text.HAL_RCC_GetSysClockFreq
                0x0000000008003c58      0x20c ./Drivers/STM32F4xx_HAL_Driver/Src/stm32f4xx_hal_rcc.o
                0x0000000008003c58                HAL_RCC_GetSysClockFreq
 .text.HAL_RCC_GetHCLKFreq
                0x0000000008003e64       0x18 ./Drivers/STM32F4xx_HAL_Driver/Src/stm32f4xx_hal_rcc.o
                0x0000000008003e64                HAL_RCC_GetHCLKFreq
 .text.HAL_RCC_GetPCLK1Freq
                0x0000000008003e7c       0x28 ./Drivers/STM32F4xx_HAL_Driver/Src/stm32f4xx_hal_rcc.o
                0x0000000008003e7c                HAL_RCC_GetPCLK1Freq
 .text.HAL_RCC_GetPCLK2Freq
                0x0000000008003ea4       0x28 ./Drivers/STM32F4xx_HAL_Driver/Src/stm32f4xx_hal_rcc.o
                0x0000000008003ea4                HAL_RCC_GetPCLK2Freq
 .text.HAL_TIM_Base_Init
                0x0000000008003ecc       0x9e ./Drivers/STM32F4xx_HAL_Driver/Src/stm32f4xx_hal_tim.o
                0x0000000008003ecc                HAL_TIM_Base_Init
 *fill*         0x0000000008003f6a        0x2 
 .text.HAL_TIM_Base_Start_IT
                0x0000000008003f6c       0xe0 ./Drivers/STM32F4xx_HAL_Driver/Src/stm32f4xx_hal_tim.o
                0x0000000008003f6c                HAL_TIM_Base_Start_IT
 .text.HAL_TIM_OC_Init
                0x000000000800404c       0x9e ./Drivers/STM32F4xx_HAL_Driver/Src/stm32f4xx_hal_tim.o
                0x000000000800404c                HAL_TIM_OC_Init
 .text.HAL_TIM_OC_MspInit
                0x00000000080040ea       0x14 ./Drivers/STM32F4xx_HAL_Driver/Src/stm32f4xx_hal_tim.o
                0x00000000080040ea                HAL_TIM_OC_MspInit
 .text.HAL_TIM_PWM_Init
                0x00000000080040fe       0x9e ./Drivers/STM32F4xx_HAL_Driver/Src/stm32f4xx_hal_tim.o
                0x00000000080040fe                HAL_TIM_PWM_Init
 .text.HAL_TIM_PWM_MspInit
                0x000000000800419c       0x14 ./Drivers/STM32F4xx_HAL_Driver/Src/stm32f4xx_hal_tim.o
                0x000000000800419c                HAL_TIM_PWM_MspInit
 .text.HAL_TIM_PWM_Start
                0x00000000080041b0      0x190 ./Drivers/STM32F4xx_HAL_Driver/Src/stm32f4xx_hal_tim.o
                0x00000000080041b0                HAL_TIM_PWM_Start
 .text.HAL_TIM_IRQHandler
                0x0000000008004340      0x210 ./Drivers/STM32F4xx_HAL_Driver/Src/stm32f4xx_hal_tim.o
                0x0000000008004340                HAL_TIM_IRQHandler
 .text.HAL_TIM_OC_ConfigChannel
                0x0000000008004550       0xb8 ./Drivers/STM32F4xx_HAL_Driver/Src/stm32f4xx_hal_tim.o
                0x0000000008004550                HAL_TIM_OC_ConfigChannel
 .text.HAL_TIM_PWM_ConfigChannel
                0x0000000008004608      0x184 ./Drivers/STM32F4xx_HAL_Driver/Src/stm32f4xx_hal_tim.o
                0x0000000008004608                HAL_TIM_PWM_ConfigChannel
 .text.HAL_TIM_ConfigClockSource
                0x000000000800478c      0x18e ./Drivers/STM32F4xx_HAL_Driver/Src/stm32f4xx_hal_tim.o
                0x000000000800478c                HAL_TIM_ConfigClockSource
 .text.HAL_TIM_OC_DelayElapsedCallback
                0x000000000800491a       0x14 ./Drivers/STM32F4xx_HAL_Driver/Src/stm32f4xx_hal_tim.o
                0x000000000800491a                HAL_TIM_OC_DelayElapsedCallback
 .text.HAL_TIM_IC_CaptureCallback
                0x000000000800492e       0x14 ./Drivers/STM32F4xx_HAL_Driver/Src/stm32f4xx_hal_tim.o
                0x000000000800492e                HAL_TIM_IC_CaptureCallback
 .text.HAL_TIM_PWM_PulseFinishedCallback
                0x0000000008004942       0x14 ./Drivers/STM32F4xx_HAL_Driver/Src/stm32f4xx_hal_tim.o
                0x0000000008004942                HAL_TIM_PWM_PulseFinishedCallback
 .text.HAL_TIM_TriggerCallback
                0x0000000008004956       0x14 ./Drivers/STM32F4xx_HAL_Driver/Src/stm32f4xx_hal_tim.o
                0x0000000008004956                HAL_TIM_TriggerCallback
 *fill*         0x000000000800496a        0x2 
 .text.TIM_Base_SetConfig
                0x000000000800496c      0x140 ./Drivers/STM32F4xx_HAL_Driver/Src/stm32f4xx_hal_tim.o
                0x000000000800496c                TIM_Base_SetConfig
 .text.TIM_OC1_SetConfig
                0x0000000008004aac       0xe0 ./Drivers/STM32F4xx_HAL_Driver/Src/stm32f4xx_hal_tim.o
 .text.TIM_OC2_SetConfig
                0x0000000008004b8c       0xec ./Drivers/STM32F4xx_HAL_Driver/Src/stm32f4xx_hal_tim.o
                0x0000000008004b8c                TIM_OC2_SetConfig
 .text.TIM_OC3_SetConfig
                0x0000000008004c78       0xe8 ./Drivers/STM32F4xx_HAL_Driver/Src/stm32f4xx_hal_tim.o
 .text.TIM_OC4_SetConfig
                0x0000000008004d60       0xac ./Drivers/STM32F4xx_HAL_Driver/Src/stm32f4xx_hal_tim.o
 .text.TIM_TI1_ConfigInputStage
                0x0000000008004e0c       0x5e ./Drivers/STM32F4xx_HAL_Driver/Src/stm32f4xx_hal_tim.o
 .text.TIM_TI2_ConfigInputStage
                0x0000000008004e6a       0x60 ./Drivers/STM32F4xx_HAL_Driver/Src/stm32f4xx_hal_tim.o
 .text.TIM_ITRx_SetConfig
                0x0000000008004eca       0x36 ./Drivers/STM32F4xx_HAL_Driver/Src/stm32f4xx_hal_tim.o
 .text.TIM_ETR_SetConfig
                0x0000000008004f00       0x40 ./Drivers/STM32F4xx_HAL_Driver/Src/stm32f4xx_hal_tim.o
                0x0000000008004f00                TIM_ETR_SetConfig
 .text.TIM_CCxChannelCmd
                0x0000000008004f40       0x4a ./Drivers/STM32F4xx_HAL_Driver/Src/stm32f4xx_hal_tim.o
                0x0000000008004f40                TIM_CCxChannelCmd
 *fill*         0x0000000008004f8a        0x2 
 .text.HAL_TIMEx_MasterConfigSynchronization
                0x0000000008004f8c       0xf8 ./Drivers/STM32F4xx_HAL_Driver/Src/stm32f4xx_hal_tim_ex.o
                0x0000000008004f8c                HAL_TIMEx_MasterConfigSynchronization
 .text.HAL_TIMEx_CommutCallback
                0x0000000008005084       0x14 ./Drivers/STM32F4xx_HAL_Driver/Src/stm32f4xx_hal_tim_ex.o
                0x0000000008005084                HAL_TIMEx_CommutCallback
 .text.HAL_TIMEx_BreakCallback
                0x0000000008005098       0x14 ./Drivers/STM32F4xx_HAL_Driver/Src/stm32f4xx_hal_tim_ex.o
                0x0000000008005098                HAL_TIMEx_BreakCallback
 .text.HAL_UART_Init
                0x00000000080050ac       0x9a ./Drivers/STM32F4xx_HAL_Driver/Src/stm32f4xx_hal_uart.o
                0x00000000080050ac                HAL_UART_Init
 .text.HAL_UART_Transmit
                0x0000000008005146      0x124 ./Drivers/STM32F4xx_HAL_Driver/Src/stm32f4xx_hal_uart.o
                0x0000000008005146                HAL_UART_Transmit
 .text.HAL_UART_Receive_IT
                0x000000000800526a       0x60 ./Drivers/STM32F4xx_HAL_Driver/Src/stm32f4xx_hal_uart.o
                0x000000000800526a                HAL_UART_Receive_IT
 *fill*         0x00000000080052ca        0x2 
 .text.HAL_UART_IRQHandler
                0x00000000080052cc      0x51c ./Drivers/STM32F4xx_HAL_Driver/Src/stm32f4xx_hal_uart.o
                0x00000000080052cc                HAL_UART_IRQHandler
 .text.HAL_UART_TxCpltCallback
                0x00000000080057e8       0x14 ./Drivers/STM32F4xx_HAL_Driver/Src/stm32f4xx_hal_uart.o
                0x00000000080057e8                HAL_UART_TxCpltCallback
 .text.HAL_UART_ErrorCallback
                0x00000000080057fc       0x14 ./Drivers/STM32F4xx_HAL_Driver/Src/stm32f4xx_hal_uart.o
                0x00000000080057fc                HAL_UART_ErrorCallback
 .text.HAL_UARTEx_RxEventCallback
                0x0000000008005810       0x18 ./Drivers/STM32F4xx_HAL_Driver/Src/stm32f4xx_hal_uart.o
                0x0000000008005810                HAL_UARTEx_RxEventCallback
 .text.UART_WaitOnFlagUntilTimeout
                0x0000000008005828       0xdc ./Drivers/STM32F4xx_HAL_Driver/Src/stm32f4xx_hal_uart.o
 .text.UART_Start_Receive_IT
                0x0000000008005904       0x7c ./Drivers/STM32F4xx_HAL_Driver/Src/stm32f4xx_hal_uart.o
                0x0000000008005904                UART_Start_Receive_IT
 .text.UART_EndRxTransfer
                0x0000000008005980       0xc6 ./Drivers/STM32F4xx_HAL_Driver/Src/stm32f4xx_hal_uart.o
 .text.UART_DMAAbortOnError
                0x0000000008005a46       0x28 ./Drivers/STM32F4xx_HAL_Driver/Src/stm32f4xx_hal_uart.o
 .text.UART_Transmit_IT
                0x0000000008005a6e       0xa0 ./Drivers/STM32F4xx_HAL_Driver/Src/stm32f4xx_hal_uart.o
 .text.UART_EndTransmit_IT
                0x0000000008005b0e       0x30 ./Drivers/STM32F4xx_HAL_Driver/Src/stm32f4xx_hal_uart.o
 .text.UART_Receive_IT
                0x0000000008005b3e      0x176 ./Drivers/STM32F4xx_HAL_Driver/Src/stm32f4xx_hal_uart.o
 .text.UART_SetConfig
                0x0000000008005cb4      0x4e8 ./Drivers/STM32F4xx_HAL_Driver/Src/stm32f4xx_hal_uart.o
 .text.__libc_init_array
                0x000000000800619c       0x48 c:/st/stm32cubeide_1.10.1/stm32cubeide/plugins/com.st.stm32cube.ide.mcu.externaltools.gnu-tools-for-stm32.10.3-2021.10.win32_1.0.0.202111181127/tools/bin/../lib/gcc/arm-none-eabi/10.3.1/../../../../arm-none-eabi/lib/thumb/v7e-m+fp/hard\libc_nano.a(lib_a-init.o)
                0x000000000800619c                __libc_init_array
 .text.memset   0x00000000080061e4       0x10 c:/st/stm32cubeide_1.10.1/stm32cubeide/plugins/com.st.stm32cube.ide.mcu.externaltools.gnu-tools-for-stm32.10.3-2021.10.win32_1.0.0.202111181127/tools/bin/../lib/gcc/arm-none-eabi/10.3.1/../../../../arm-none-eabi/lib/thumb/v7e-m+fp/hard\libc_nano.a(lib_a-memset.o)
                0x00000000080061e4                memset
 *(.glue_7)
 .glue_7        0x00000000080061f4        0x0 linker stubs
 *(.glue_7t)
 .glue_7t       0x00000000080061f4        0x0 linker stubs
 *(.eh_frame)
 .eh_frame      0x00000000080061f4        0x0 c:/st/stm32cubeide_1.10.1/stm32cubeide/plugins/com.st.stm32cube.ide.mcu.externaltools.gnu-tools-for-stm32.10.3-2021.10.win32_1.0.0.202111181127/tools/bin/../lib/gcc/arm-none-eabi/10.3.1/thumb/v7e-m+fp/hard/crtbegin.o
 *(.init)
 .init          0x00000000080061f4        0x4 c:/st/stm32cubeide_1.10.1/stm32cubeide/plugins/com.st.stm32cube.ide.mcu.externaltools.gnu-tools-for-stm32.10.3-2021.10.win32_1.0.0.202111181127/tools/bin/../lib/gcc/arm-none-eabi/10.3.1/thumb/v7e-m+fp/hard/crti.o
                0x00000000080061f4                _init
 .init          0x00000000080061f8        0x8 c:/st/stm32cubeide_1.10.1/stm32cubeide/plugins/com.st.stm32cube.ide.mcu.externaltools.gnu-tools-for-stm32.10.3-2021.10.win32_1.0.0.202111181127/tools/bin/../lib/gcc/arm-none-eabi/10.3.1/thumb/v7e-m+fp/hard/crtn.o
 *(.fini)
 .fini          0x0000000008006200        0x4 c:/st/stm32cubeide_1.10.1/stm32cubeide/plugins/com.st.stm32cube.ide.mcu.externaltools.gnu-tools-for-stm32.10.3-2021.10.win32_1.0.0.202111181127/tools/bin/../lib/gcc/arm-none-eabi/10.3.1/thumb/v7e-m+fp/hard/crti.o
                0x0000000008006200                _fini
 .fini          0x0000000008006204        0x8 c:/st/stm32cubeide_1.10.1/stm32cubeide/plugins/com.st.stm32cube.ide.mcu.externaltools.gnu-tools-for-stm32.10.3-2021.10.win32_1.0.0.202111181127/tools/bin/../lib/gcc/arm-none-eabi/10.3.1/thumb/v7e-m+fp/hard/crtn.o
                0x000000000800620c                . = ALIGN (0x4)
                0x000000000800620c                _etext = .

.vfp11_veneer   0x000000000800620c        0x0
 .vfp11_veneer  0x000000000800620c        0x0 linker stubs

.v4_bx          0x000000000800620c        0x0
 .v4_bx         0x000000000800620c        0x0 linker stubs

.iplt           0x000000000800620c        0x0
 .iplt          0x000000000800620c        0x0 c:/st/stm32cubeide_1.10.1/stm32cubeide/plugins/com.st.stm32cube.ide.mcu.externaltools.gnu-tools-for-stm32.10.3-2021.10.win32_1.0.0.202111181127/tools/bin/../lib/gcc/arm-none-eabi/10.3.1/thumb/v7e-m+fp/hard/crtbegin.o

.rodata         0x000000000800620c       0x20
                0x000000000800620c                . = ALIGN (0x4)
 *(.rodata)
 *(.rodata*)
 .rodata.AHBPrescTable
                0x000000000800620c       0x10 ./Core/Src/system_stm32f4xx.o
                0x000000000800620c                AHBPrescTable
 .rodata.APBPrescTable
                0x000000000800621c        0x8 ./Core/Src/system_stm32f4xx.o
                0x000000000800621c                APBPrescTable
 .rodata.flagBitshiftOffset.0
                0x0000000008006224        0x8 ./Drivers/STM32F4xx_HAL_Driver/Src/stm32f4xx_hal_dma.o
                0x000000000800622c                . = ALIGN (0x4)

.ARM.extab      0x000000000800622c        0x0
                0x000000000800622c                . = ALIGN (0x4)
 *(.ARM.extab* .gnu.linkonce.armextab.*)
                0x000000000800622c                . = ALIGN (0x4)

.ARM            0x000000000800622c        0x8
                0x000000000800622c                . = ALIGN (0x4)
                0x000000000800622c                __exidx_start = .
 *(.ARM.exidx*)
 .ARM.exidx     0x000000000800622c        0x8 c:/st/stm32cubeide_1.10.1/stm32cubeide/plugins/com.st.stm32cube.ide.mcu.externaltools.gnu-tools-for-stm32.10.3-2021.10.win32_1.0.0.202111181127/tools/bin/../lib/gcc/arm-none-eabi/10.3.1/thumb/v7e-m+fp/hard\libgcc.a(_udivmoddi4.o)
                0x0000000008006234                __exidx_end = .
                0x0000000008006234                . = ALIGN (0x4)

.rel.dyn        0x0000000008006234        0x0
 .rel.iplt      0x0000000008006234        0x0 c:/st/stm32cubeide_1.10.1/stm32cubeide/plugins/com.st.stm32cube.ide.mcu.externaltools.gnu-tools-for-stm32.10.3-2021.10.win32_1.0.0.202111181127/tools/bin/../lib/gcc/arm-none-eabi/10.3.1/thumb/v7e-m+fp/hard/crtbegin.o

.preinit_array  0x0000000008006234        0x0
                0x0000000008006234                . = ALIGN (0x4)
                0x0000000008006234                PROVIDE (__preinit_array_start = .)
 *(.preinit_array*)
                0x0000000008006234                PROVIDE (__preinit_array_end = .)
                0x0000000008006234                . = ALIGN (0x4)

.init_array     0x0000000008006234        0x4
                0x0000000008006234                . = ALIGN (0x4)
                0x0000000008006234                PROVIDE (__init_array_start = .)
 *(SORT_BY_NAME(.init_array.*))
 *(.init_array*)
 .init_array    0x0000000008006234        0x4 c:/st/stm32cubeide_1.10.1/stm32cubeide/plugins/com.st.stm32cube.ide.mcu.externaltools.gnu-tools-for-stm32.10.3-2021.10.win32_1.0.0.202111181127/tools/bin/../lib/gcc/arm-none-eabi/10.3.1/thumb/v7e-m+fp/hard/crtbegin.o
                0x0000000008006238                PROVIDE (__init_array_end = .)
                0x0000000008006238                . = ALIGN (0x4)

.fini_array     0x0000000008006238        0x4
                0x0000000008006238                . = ALIGN (0x4)
                [!provide]                        PROVIDE (__fini_array_start = .)
 *(SORT_BY_NAME(.fini_array.*))
 *(.fini_array*)
 .fini_array    0x0000000008006238        0x4 c:/st/stm32cubeide_1.10.1/stm32cubeide/plugins/com.st.stm32cube.ide.mcu.externaltools.gnu-tools-for-stm32.10.3-2021.10.win32_1.0.0.202111181127/tools/bin/../lib/gcc/arm-none-eabi/10.3.1/thumb/v7e-m+fp/hard/crtbegin.o
                [!provide]                        PROVIDE (__fini_array_end = .)
                0x000000000800623c                . = ALIGN (0x4)
                0x000000000800623c                _sidata = LOADADDR (.data)

.data           0x0000000020000000        0xc load address 0x000000000800623c
                0x0000000020000000                . = ALIGN (0x4)
                0x0000000020000000                _sdata = .
 *(.data)
 *(.data*)
 .data.SystemCoreClock
                0x0000000020000000        0x4 ./Core/Src/system_stm32f4xx.o
                0x0000000020000000                SystemCoreClock
 .data.uwTickPrio
                0x0000000020000004        0x4 ./Drivers/STM32F4xx_HAL_Driver/Src/stm32f4xx_hal.o
                0x0000000020000004                uwTickPrio
 .data.uwTickFreq
                0x0000000020000008        0x1 ./Drivers/STM32F4xx_HAL_Driver/Src/stm32f4xx_hal.o
                0x0000000020000008                uwTickFreq
 *(.RamFunc)
 *(.RamFunc*)
                0x000000002000000c                . = ALIGN (0x4)
 *fill*         0x0000000020000009        0x3 
                0x000000002000000c                _edata = .
                0x0000000008006248                _siccmram = LOADADDR (.ccmram)

.igot.plt       0x000000002000000c        0x0 load address 0x0000000008006248
 .igot.plt      0x000000002000000c        0x0 c:/st/stm32cubeide_1.10.1/stm32cubeide/plugins/com.st.stm32cube.ide.mcu.externaltools.gnu-tools-for-stm32.10.3-2021.10.win32_1.0.0.202111181127/tools/bin/../lib/gcc/arm-none-eabi/10.3.1/thumb/v7e-m+fp/hard/crtbegin.o

.ccmram         0x0000000010000000        0x0 load address 0x0000000008006248
                0x0000000010000000                . = ALIGN (0x4)
                0x0000000010000000                _sccmram = .
 *(.ccmram)
 *(.ccmram*)
                0x0000000010000000                . = ALIGN (0x4)
                0x0000000010000000                _eccmram = .
                0x0000000010000000                . = ALIGN (0x4)

.bss            0x000000002000000c      0x2d4
                0x000000002000000c                _sbss = .
                0x000000002000000c                __bss_start__ = _sbss
 *(.bss)
 .bss           0x000000002000000c       0x1c c:/st/stm32cubeide_1.10.1/stm32cubeide/plugins/com.st.stm32cube.ide.mcu.externaltools.gnu-tools-for-stm32.10.3-2021.10.win32_1.0.0.202111181127/tools/bin/../lib/gcc/arm-none-eabi/10.3.1/thumb/v7e-m+fp/hard/crtbegin.o
 *(.bss*)
 .bss.hadc1     0x0000000020000028       0x48 ./Core/Src/adc.o
                0x0000000020000028                hadc1
 .bss.hdma_adc1
                0x0000000020000070       0x60 ./Core/Src/adc.o
                0x0000000020000070                hdma_adc1
 .bss.hdac      0x00000000200000d0       0x14 ./Core/Src/dac.o
                0x00000000200000d0                hdac
 .bss.rx3_data  0x00000000200000e4        0x1 ./Core/Src/main.o
                0x00000000200000e4                rx3_data
 .bss.cnt.0     0x00000000200000e5        0x1 ./Core/Src/main.o
 *fill*         0x00000000200000e6        0x2 
 .bss.htim2     0x00000000200000e8       0x48 ./Core/Src/tim.o
                0x00000000200000e8                htim2
 .bss.htim3     0x0000000020000130       0x48 ./Core/Src/tim.o
                0x0000000020000130                htim3
 .bss.htim4     0x0000000020000178       0x48 ./Core/Src/tim.o
                0x0000000020000178                htim4
 .bss.htim5     0x00000000200001c0       0x48 ./Core/Src/tim.o
                0x00000000200001c0                htim5
 .bss.htim7     0x0000000020000208       0x48 ./Core/Src/tim.o
                0x0000000020000208                htim7
 .bss.htim10    0x0000000020000250       0x48 ./Core/Src/tim.o
                0x0000000020000250                htim10
 .bss.huart3    0x0000000020000298       0x44 ./Core/Src/usart.o
                0x0000000020000298                huart3
 .bss.uwTick    0x00000000200002dc        0x4 ./Drivers/STM32F4xx_HAL_Driver/Src/stm32f4xx_hal.o
                0x00000000200002dc                uwTick
 *(COMMON)
                0x00000000200002e0                . = ALIGN (0x4)
                0x00000000200002e0                _ebss = .
                0x00000000200002e0                __bss_end__ = _ebss

._user_heap_stack
                0x00000000200002e0      0x600
                0x00000000200002e0                . = ALIGN (0x8)
                [!provide]                        PROVIDE (end = .)
                0x00000000200002e0                PROVIDE (_end = .)
                0x00000000200004e0                . = (. + _Min_Heap_Size)
 *fill*         0x00000000200002e0      0x200 
                0x00000000200008e0                . = (. + _Min_Stack_Size)
 *fill*         0x00000000200004e0      0x400 
                0x00000000200008e0                . = ALIGN (0x8)

/DISCARD/
 libc.a(*)
 libm.a(*)
 libgcc.a(*)

.ARM.attributes
                0x0000000000000000       0x30
 *(.ARM.attributes)
 .ARM.attributes
                0x0000000000000000       0x1e c:/st/stm32cubeide_1.10.1/stm32cubeide/plugins/com.st.stm32cube.ide.mcu.externaltools.gnu-tools-for-stm32.10.3-2021.10.win32_1.0.0.202111181127/tools/bin/../lib/gcc/arm-none-eabi/10.3.1/thumb/v7e-m+fp/hard/crti.o
 .ARM.attributes
                0x000000000000001e       0x34 c:/st/stm32cubeide_1.10.1/stm32cubeide/plugins/com.st.stm32cube.ide.mcu.externaltools.gnu-tools-for-stm32.10.3-2021.10.win32_1.0.0.202111181127/tools/bin/../lib/gcc/arm-none-eabi/10.3.1/thumb/v7e-m+fp/hard/crtbegin.o
 .ARM.attributes
                0x0000000000000052       0x34 ./Core/Src/7SEG.o
 .ARM.attributes
                0x0000000000000086       0x34 ./Core/Src/adc.o
 .ARM.attributes
                0x00000000000000ba       0x34 ./Core/Src/dac.o
 .ARM.attributes
                0x00000000000000ee       0x34 ./Core/Src/dma.o
 .ARM.attributes
                0x0000000000000122       0x34 ./Core/Src/gpio.o
 .ARM.attributes
                0x0000000000000156       0x34 ./Core/Src/main.o
 .ARM.attributes
                0x000000000000018a       0x34 ./Core/Src/stm32f4xx_hal_msp.o
 .ARM.attributes
                0x00000000000001be       0x34 ./Core/Src/stm32f4xx_it.o
 .ARM.attributes
                0x00000000000001f2       0x34 ./Core/Src/system_stm32f4xx.o
 .ARM.attributes
                0x0000000000000226       0x34 ./Core/Src/tim.o
 .ARM.attributes
                0x000000000000025a       0x34 ./Core/Src/usart.o
 .ARM.attributes
                0x000000000000028e       0x21 ./Core/Startup/startup_stm32f407vetx.o
 .ARM.attributes
                0x00000000000002af       0x34 ./Drivers/STM32F4xx_HAL_Driver/Src/stm32f4xx_hal.o
 .ARM.attributes
                0x00000000000002e3       0x34 ./Drivers/STM32F4xx_HAL_Driver/Src/stm32f4xx_hal_adc.o
 .ARM.attributes
                0x0000000000000317       0x34 ./Drivers/STM32F4xx_HAL_Driver/Src/stm32f4xx_hal_cortex.o
 .ARM.attributes
                0x000000000000034b       0x34 ./Drivers/STM32F4xx_HAL_Driver/Src/stm32f4xx_hal_dac.o
 .ARM.attributes
                0x000000000000037f       0x34 ./Drivers/STM32F4xx_HAL_Driver/Src/stm32f4xx_hal_dma.o
 .ARM.attributes
                0x00000000000003b3       0x34 ./Drivers/STM32F4xx_HAL_Driver/Src/stm32f4xx_hal_gpio.o
 .ARM.attributes
                0x00000000000003e7       0x34 ./Drivers/STM32F4xx_HAL_Driver/Src/stm32f4xx_hal_rcc.o
 .ARM.attributes
                0x000000000000041b       0x34 ./Drivers/STM32F4xx_HAL_Driver/Src/stm32f4xx_hal_tim.o
 .ARM.attributes
                0x000000000000044f       0x34 ./Drivers/STM32F4xx_HAL_Driver/Src/stm32f4xx_hal_tim_ex.o
 .ARM.attributes
                0x0000000000000483       0x34 ./Drivers/STM32F4xx_HAL_Driver/Src/stm32f4xx_hal_uart.o
 .ARM.attributes
                0x00000000000004b7       0x34 c:/st/stm32cubeide_1.10.1/stm32cubeide/plugins/com.st.stm32cube.ide.mcu.externaltools.gnu-tools-for-stm32.10.3-2021.10.win32_1.0.0.202111181127/tools/bin/../lib/gcc/arm-none-eabi/10.3.1/../../../../arm-none-eabi/lib/thumb/v7e-m+fp/hard\libc_nano.a(lib_a-init.o)
 .ARM.attributes
                0x00000000000004eb       0x34 c:/st/stm32cubeide_1.10.1/stm32cubeide/plugins/com.st.stm32cube.ide.mcu.externaltools.gnu-tools-for-stm32.10.3-2021.10.win32_1.0.0.202111181127/tools/bin/../lib/gcc/arm-none-eabi/10.3.1/../../../../arm-none-eabi/lib/thumb/v7e-m+fp/hard\libc_nano.a(lib_a-memset.o)
 .ARM.attributes
                0x000000000000051f       0x1e c:/st/stm32cubeide_1.10.1/stm32cubeide/plugins/com.st.stm32cube.ide.mcu.externaltools.gnu-tools-for-stm32.10.3-2021.10.win32_1.0.0.202111181127/tools/bin/../lib/gcc/arm-none-eabi/10.3.1/thumb/v7e-m+fp/hard\libgcc.a(_aeabi_uldivmod.o)
 .ARM.attributes
                0x000000000000053d       0x34 c:/st/stm32cubeide_1.10.1/stm32cubeide/plugins/com.st.stm32cube.ide.mcu.externaltools.gnu-tools-for-stm32.10.3-2021.10.win32_1.0.0.202111181127/tools/bin/../lib/gcc/arm-none-eabi/10.3.1/thumb/v7e-m+fp/hard\libgcc.a(_udivmoddi4.o)
 .ARM.attributes
                0x0000000000000571       0x1e c:/st/stm32cubeide_1.10.1/stm32cubeide/plugins/com.st.stm32cube.ide.mcu.externaltools.gnu-tools-for-stm32.10.3-2021.10.win32_1.0.0.202111181127/tools/bin/../lib/gcc/arm-none-eabi/10.3.1/thumb/v7e-m+fp/hard\libgcc.a(_dvmd_tls.o)
 .ARM.attributes
                0x000000000000058f       0x1e c:/st/stm32cubeide_1.10.1/stm32cubeide/plugins/com.st.stm32cube.ide.mcu.externaltools.gnu-tools-for-stm32.10.3-2021.10.win32_1.0.0.202111181127/tools/bin/../lib/gcc/arm-none-eabi/10.3.1/thumb/v7e-m+fp/hard/crtn.o
OUTPUT(8_DAC_Test.elf elf32-littlearm)
LOAD linker stubs
LOAD c:/st/stm32cubeide_1.10.1/stm32cubeide/plugins/com.st.stm32cube.ide.mcu.externaltools.gnu-tools-for-stm32.10.3-2021.10.win32_1.0.0.202111181127/tools/bin/../lib/gcc/arm-none-eabi/10.3.1/../../../../arm-none-eabi/lib/thumb/v7e-m+fp/hard\libc.a
LOAD c:/st/stm32cubeide_1.10.1/stm32cubeide/plugins/com.st.stm32cube.ide.mcu.externaltools.gnu-tools-for-stm32.10.3-2021.10.win32_1.0.0.202111181127/tools/bin/../lib/gcc/arm-none-eabi/10.3.1/../../../../arm-none-eabi/lib/thumb/v7e-m+fp/hard\libm.a
LOAD c:/st/stm32cubeide_1.10.1/stm32cubeide/plugins/com.st.stm32cube.ide.mcu.externaltools.gnu-tools-for-stm32.10.3-2021.10.win32_1.0.0.202111181127/tools/bin/../lib/gcc/arm-none-eabi/10.3.1/thumb/v7e-m+fp/hard\libgcc.a

.debug_info     0x0000000000000000    0x1263d
 .debug_info    0x0000000000000000      0x4b4 ./Core/Src/7SEG.o
 .debug_info    0x00000000000004b4      0xa86 ./Core/Src/adc.o
 .debug_info    0x0000000000000f3a      0x92e ./Core/Src/dac.o
 .debug_info    0x0000000000001868      0x4ec ./Core/Src/dma.o
 .debug_info    0x0000000000001d54      0x70c ./Core/Src/gpio.o
 .debug_info    0x0000000000002460     0x153e ./Core/Src/main.o
 .debug_info    0x000000000000399e      0x2a8 ./Core/Src/stm32f4xx_hal_msp.o
 .debug_info    0x0000000000003c46      0xa5b ./Core/Src/stm32f4xx_it.o
 .debug_info    0x00000000000046a1      0x523 ./Core/Src/system_stm32f4xx.o
 .debug_info    0x0000000000004bc4     0x1196 ./Core/Src/tim.o
 .debug_info    0x0000000000005d5a      0xbe4 ./Core/Src/usart.o
 .debug_info    0x000000000000693e       0x22 ./Core/Startup/startup_stm32f407vetx.o
 .debug_info    0x0000000000006960      0x97c ./Drivers/STM32F4xx_HAL_Driver/Src/stm32f4xx_hal.o
 .debug_info    0x00000000000072dc      0xd70 ./Drivers/STM32F4xx_HAL_Driver/Src/stm32f4xx_hal_adc.o
 .debug_info    0x000000000000804c      0xe1b ./Drivers/STM32F4xx_HAL_Driver/Src/stm32f4xx_hal_cortex.o
 .debug_info    0x0000000000008e67      0xa5d ./Drivers/STM32F4xx_HAL_Driver/Src/stm32f4xx_hal_dac.o
 .debug_info    0x00000000000098c4      0x94f ./Drivers/STM32F4xx_HAL_Driver/Src/stm32f4xx_hal_dma.o
 .debug_info    0x000000000000a213      0x76a ./Drivers/STM32F4xx_HAL_Driver/Src/stm32f4xx_hal_gpio.o
 .debug_info    0x000000000000a97d      0x966 ./Drivers/STM32F4xx_HAL_Driver/Src/stm32f4xx_hal_rcc.o
 .debug_info    0x000000000000b2e3     0x2bbe ./Drivers/STM32F4xx_HAL_Driver/Src/stm32f4xx_hal_tim.o
 .debug_info    0x000000000000dea1     0x15e0 ./Drivers/STM32F4xx_HAL_Driver/Src/stm32f4xx_hal_tim_ex.o
 .debug_info    0x000000000000f481     0x31bc ./Drivers/STM32F4xx_HAL_Driver/Src/stm32f4xx_hal_uart.o

.debug_abbrev   0x0000000000000000     0x2a9a
 .debug_abbrev  0x0000000000000000      0x171 ./Core/Src/7SEG.o
 .debug_abbrev  0x0000000000000171      0x1f3 ./Core/Src/adc.o
 .debug_abbrev  0x0000000000000364      0x1e0 ./Core/Src/dac.o
 .debug_abbrev  0x0000000000000544      0x10a ./Core/Src/dma.o
 .debug_abbrev  0x000000000000064e      0x164 ./Core/Src/gpio.o
 .debug_abbrev  0x00000000000007b2      0x30e ./Core/Src/main.o
 .debug_abbrev  0x0000000000000ac0       0xd4 ./Core/Src/stm32f4xx_hal_msp.o
 .debug_abbrev  0x0000000000000b94      0x1ba ./Core/Src/stm32f4xx_it.o
 .debug_abbrev  0x0000000000000d4e      0x116 ./Core/Src/system_stm32f4xx.o
 .debug_abbrev  0x0000000000000e64      0x25a ./Core/Src/tim.o
 .debug_abbrev  0x00000000000010be      0x205 ./Core/Src/usart.o
 .debug_abbrev  0x00000000000012c3       0x12 ./Core/Startup/startup_stm32f407vetx.o
 .debug_abbrev  0x00000000000012d5      0x20d ./Drivers/STM32F4xx_HAL_Driver/Src/stm32f4xx_hal.o
 .debug_abbrev  0x00000000000014e2      0x244 ./Drivers/STM32F4xx_HAL_Driver/Src/stm32f4xx_hal_adc.o
 .debug_abbrev  0x0000000000001726      0x316 ./Drivers/STM32F4xx_HAL_Driver/Src/stm32f4xx_hal_cortex.o
 .debug_abbrev  0x0000000000001a3c      0x1df ./Drivers/STM32F4xx_HAL_Driver/Src/stm32f4xx_hal_dac.o
 .debug_abbrev  0x0000000000001c1b      0x25b ./Drivers/STM32F4xx_HAL_Driver/Src/stm32f4xx_hal_dma.o
 .debug_abbrev  0x0000000000001e76      0x1c4 ./Drivers/STM32F4xx_HAL_Driver/Src/stm32f4xx_hal_gpio.o
 .debug_abbrev  0x000000000000203a      0x2aa ./Drivers/STM32F4xx_HAL_Driver/Src/stm32f4xx_hal_rcc.o
 .debug_abbrev  0x00000000000022e4      0x25d ./Drivers/STM32F4xx_HAL_Driver/Src/stm32f4xx_hal_tim.o
 .debug_abbrev  0x0000000000002541      0x265 ./Drivers/STM32F4xx_HAL_Driver/Src/stm32f4xx_hal_tim_ex.o
 .debug_abbrev  0x00000000000027a6      0x2f4 ./Drivers/STM32F4xx_HAL_Driver/Src/stm32f4xx_hal_uart.o

.debug_aranges  0x0000000000000000      0xf08
 .debug_aranges
                0x0000000000000000       0x28 ./Core/Src/7SEG.o
 .debug_aranges
                0x0000000000000028       0x30 ./Core/Src/adc.o
 .debug_aranges
                0x0000000000000058       0x30 ./Core/Src/dac.o
 .debug_aranges
                0x0000000000000088       0x20 ./Core/Src/dma.o
 .debug_aranges
                0x00000000000000a8       0x20 ./Core/Src/gpio.o
 .debug_aranges
                0x00000000000000c8       0x58 ./Core/Src/main.o
 .debug_aranges
                0x0000000000000120       0x20 ./Core/Src/stm32f4xx_hal_msp.o
 .debug_aranges
                0x0000000000000140       0x90 ./Core/Src/stm32f4xx_it.o
 .debug_aranges
                0x00000000000001d0       0x28 ./Core/Src/system_stm32f4xx.o
 .debug_aranges
                0x00000000000001f8       0x60 ./Core/Src/tim.o
 .debug_aranges
                0x0000000000000258       0x30 ./Core/Src/usart.o
 .debug_aranges
                0x0000000000000288       0x28 ./Core/Startup/startup_stm32f407vetx.o
 .debug_aranges
                0x00000000000002b0       0xf0 ./Drivers/STM32F4xx_HAL_Driver/Src/stm32f4xx_hal.o
 .debug_aranges
                0x00000000000003a0       0xe8 ./Drivers/STM32F4xx_HAL_Driver/Src/stm32f4xx_hal_adc.o
 .debug_aranges
                0x0000000000000488      0x118 ./Drivers/STM32F4xx_HAL_Driver/Src/stm32f4xx_hal_cortex.o
 .debug_aranges
                0x00000000000005a0       0xc0 ./Drivers/STM32F4xx_HAL_Driver/Src/stm32f4xx_hal_dac.o
 .debug_aranges
                0x0000000000000660       0x90 ./Drivers/STM32F4xx_HAL_Driver/Src/stm32f4xx_hal_dma.o
 .debug_aranges
                0x00000000000006f0       0x58 ./Drivers/STM32F4xx_HAL_Driver/Src/stm32f4xx_hal_gpio.o
 .debug_aranges
                0x0000000000000748       0x88 ./Drivers/STM32F4xx_HAL_Driver/Src/stm32f4xx_hal_rcc.o
 .debug_aranges
                0x00000000000007d0      0x3d0 ./Drivers/STM32F4xx_HAL_Driver/Src/stm32f4xx_hal_tim.o
 .debug_aranges
                0x0000000000000ba0      0x168 ./Drivers/STM32F4xx_HAL_Driver/Src/stm32f4xx_hal_tim_ex.o
 .debug_aranges
                0x0000000000000d08      0x200 ./Drivers/STM32F4xx_HAL_Driver/Src/stm32f4xx_hal_uart.o

.debug_ranges   0x0000000000000000      0xde0
 .debug_ranges  0x0000000000000000       0x18 ./Core/Src/7SEG.o
 .debug_ranges  0x0000000000000018       0x20 ./Core/Src/adc.o
 .debug_ranges  0x0000000000000038       0x20 ./Core/Src/dac.o
 .debug_ranges  0x0000000000000058       0x10 ./Core/Src/dma.o
 .debug_ranges  0x0000000000000068       0x10 ./Core/Src/gpio.o
 .debug_ranges  0x0000000000000078       0x48 ./Core/Src/main.o
 .debug_ranges  0x00000000000000c0       0x10 ./Core/Src/stm32f4xx_hal_msp.o
 .debug_ranges  0x00000000000000d0       0x80 ./Core/Src/stm32f4xx_it.o
 .debug_ranges  0x0000000000000150       0x18 ./Core/Src/system_stm32f4xx.o
 .debug_ranges  0x0000000000000168       0x50 ./Core/Src/tim.o
 .debug_ranges  0x00000000000001b8       0x20 ./Core/Src/usart.o
 .debug_ranges  0x00000000000001d8       0x20 ./Core/Startup/startup_stm32f407vetx.o
 .debug_ranges  0x00000000000001f8       0xe0 ./Drivers/STM32F4xx_HAL_Driver/Src/stm32f4xx_hal.o
 .debug_ranges  0x00000000000002d8       0xd8 ./Drivers/STM32F4xx_HAL_Driver/Src/stm32f4xx_hal_adc.o
 .debug_ranges  0x00000000000003b0      0x108 ./Drivers/STM32F4xx_HAL_Driver/Src/stm32f4xx_hal_cortex.o
 .debug_ranges  0x00000000000004b8       0xb0 ./Drivers/STM32F4xx_HAL_Driver/Src/stm32f4xx_hal_dac.o
 .debug_ranges  0x0000000000000568       0x80 ./Drivers/STM32F4xx_HAL_Driver/Src/stm32f4xx_hal_dma.o
 .debug_ranges  0x00000000000005e8       0x48 ./Drivers/STM32F4xx_HAL_Driver/Src/stm32f4xx_hal_gpio.o
 .debug_ranges  0x0000000000000630       0x78 ./Drivers/STM32F4xx_HAL_Driver/Src/stm32f4xx_hal_rcc.o
 .debug_ranges  0x00000000000006a8      0x3c0 ./Drivers/STM32F4xx_HAL_Driver/Src/stm32f4xx_hal_tim.o
 .debug_ranges  0x0000000000000a68      0x158 ./Drivers/STM32F4xx_HAL_Driver/Src/stm32f4xx_hal_tim_ex.o
 .debug_ranges  0x0000000000000bc0      0x220 ./Drivers/STM32F4xx_HAL_Driver/Src/stm32f4xx_hal_uart.o

.debug_macro    0x0000000000000000    0x23a14
 .debug_macro   0x0000000000000000      0x219 ./Core/Src/7SEG.o
 .debug_macro   0x0000000000000219      0xa78 ./Core/Src/7SEG.o
 .debug_macro   0x0000000000000c91      0x2a7 ./Core/Src/7SEG.o
 .debug_macro   0x0000000000000f38       0x2e ./Core/Src/7SEG.o
 .debug_macro   0x0000000000000f66       0x2f ./Core/Src/7SEG.o
 .debug_macro   0x0000000000000f95       0x22 ./Core/Src/7SEG.o
 .debug_macro   0x0000000000000fb7       0x8e ./Core/Src/7SEG.o
 .debug_macro   0x0000000000001045       0x51 ./Core/Src/7SEG.o
 .debug_macro   0x0000000000001096      0x103 ./Core/Src/7SEG.o
 .debug_macro   0x0000000000001199       0x6a ./Core/Src/7SEG.o
 .debug_macro   0x0000000000001203      0x1df ./Core/Src/7SEG.o
 .debug_macro   0x00000000000013e2       0x1c ./Core/Src/7SEG.o
 .debug_macro   0x00000000000013fe       0x22 ./Core/Src/7SEG.o
 .debug_macro   0x0000000000001420       0xd9 ./Core/Src/7SEG.o
 .debug_macro   0x00000000000014f9     0x102d ./Core/Src/7SEG.o
 .debug_macro   0x0000000000002526      0x11f ./Core/Src/7SEG.o
 .debug_macro   0x0000000000002645    0x15e82 ./Core/Src/7SEG.o
 .debug_macro   0x00000000000184c7       0x6d ./Core/Src/7SEG.o
 .debug_macro   0x0000000000018534     0x367e ./Core/Src/7SEG.o
 .debug_macro   0x000000000001bbb2      0x174 ./Core/Src/7SEG.o
 .debug_macro   0x000000000001bd26       0x5c ./Core/Src/7SEG.o
 .debug_macro   0x000000000001bd82      0x96b ./Core/Src/7SEG.o
 .debug_macro   0x000000000001c6ed      0x9fe ./Core/Src/7SEG.o
 .debug_macro   0x000000000001d0eb      0x115 ./Core/Src/7SEG.o
 .debug_macro   0x000000000001d200      0x13e ./Core/Src/7SEG.o
 .debug_macro   0x000000000001d33e       0xa5 ./Core/Src/7SEG.o
 .debug_macro   0x000000000001d3e3      0x174 ./Core/Src/7SEG.o
 .debug_macro   0x000000000001d557      0x287 ./Core/Src/7SEG.o
 .debug_macro   0x000000000001d7de       0x5f ./Core/Src/7SEG.o
 .debug_macro   0x000000000001d83d      0x236 ./Core/Src/7SEG.o
 .debug_macro   0x000000000001da73      0xb5b ./Core/Src/7SEG.o
 .debug_macro   0x000000000001e5ce      0x38b ./Core/Src/7SEG.o
 .debug_macro   0x000000000001e959      0x176 ./Core/Src/7SEG.o
 .debug_macro   0x000000000001eacf       0xf9 ./Core/Src/7SEG.o
 .debug_macro   0x000000000001ebc8      0x122 ./Core/Src/7SEG.o
 .debug_macro   0x000000000001ecea       0xa6 ./Core/Src/7SEG.o
 .debug_macro   0x000000000001ed90      0x12c ./Core/Src/7SEG.o
 .debug_macro   0x000000000001eebc      0x21e ./Core/Src/7SEG.o
 .debug_macro   0x000000000001f0da       0x2e ./Core/Src/7SEG.o
 .debug_macro   0x000000000001f108      0x11a ./Core/Src/7SEG.o
 .debug_macro   0x000000000001f222       0x7e ./Core/Src/7SEG.o
 .debug_macro   0x000000000001f2a0       0x89 ./Core/Src/7SEG.o
 .debug_macro   0x000000000001f329      0x8e6 ./Core/Src/7SEG.o
 .debug_macro   0x000000000001fc0f       0x47 ./Core/Src/7SEG.o
 .debug_macro   0x000000000001fc56      0x295 ./Core/Src/7SEG.o
 .debug_macro   0x000000000001feeb      0x12d ./Core/Src/7SEG.o
 .debug_macro   0x0000000000020018      0x19c ./Core/Src/7SEG.o
 .debug_macro   0x00000000000201b4      0x21e ./Core/Src/adc.o
 .debug_macro   0x00000000000203d2      0x21e ./Core/Src/dac.o
 .debug_macro   0x00000000000205f0      0x21e ./Core/Src/dma.o
 .debug_macro   0x000000000002080e      0x21e ./Core/Src/gpio.o
 .debug_macro   0x0000000000020a2c      0x3c5 ./Core/Src/main.o
 .debug_macro   0x0000000000020df1       0x52 ./Core/Src/main.o
 .debug_macro   0x0000000000020e43       0x1e ./Core/Src/main.o
 .debug_macro   0x0000000000020e61       0x3c ./Core/Src/main.o
 .debug_macro   0x0000000000020e9d       0x34 ./Core/Src/main.o
 .debug_macro   0x0000000000020ed1       0x16 ./Core/Src/main.o
 .debug_macro   0x0000000000020ee7       0x35 ./Core/Src/main.o
 .debug_macro   0x0000000000020f1c      0x341 ./Core/Src/main.o
 .debug_macro   0x000000000002125d       0x10 ./Core/Src/main.o
 .debug_macro   0x000000000002126d       0x16 ./Core/Src/main.o
 .debug_macro   0x0000000000021283       0x43 ./Core/Src/main.o
 .debug_macro   0x00000000000212c6       0x34 ./Core/Src/main.o
 .debug_macro   0x00000000000212fa       0x10 ./Core/Src/main.o
 .debug_macro   0x000000000002130a       0x58 ./Core/Src/main.o
 .debug_macro   0x0000000000021362       0x71 ./Core/Src/main.o
 .debug_macro   0x00000000000213d3       0x1c ./Core/Src/main.o
 .debug_macro   0x00000000000213ef      0x12a ./Core/Src/main.o
 .debug_macro   0x0000000000021519       0x10 ./Core/Src/main.o
 .debug_macro   0x0000000000021529       0x1c ./Core/Src/main.o
 .debug_macro   0x0000000000021545       0x52 ./Core/Src/main.o
 .debug_macro   0x0000000000021597       0x22 ./Core/Src/main.o
 .debug_macro   0x00000000000215b9       0x10 ./Core/Src/main.o
 .debug_macro   0x00000000000215c9       0x52 ./Core/Src/main.o
 .debug_macro   0x000000000002161b       0xd5 ./Core/Src/main.o
 .debug_macro   0x00000000000216f0       0x1c ./Core/Src/main.o
 .debug_macro   0x000000000002170c       0x3d ./Core/Src/main.o
 .debug_macro   0x0000000000021749       0x16 ./Core/Src/main.o
 .debug_macro   0x000000000002175f      0x145 ./Core/Src/main.o
 .debug_macro   0x00000000000218a4       0x5e ./Core/Src/main.o
 .debug_macro   0x0000000000021902      0x1a2 ./Core/Src/main.o
 .debug_macro   0x0000000000021aa4      0x214 ./Core/Src/stm32f4xx_hal_msp.o
 .debug_macro   0x0000000000021cb8      0x21e ./Core/Src/stm32f4xx_it.o
 .debug_macro   0x0000000000021ed6      0x20a ./Core/Src/system_stm32f4xx.o
 .debug_macro   0x00000000000220e0      0x21e ./Core/Src/tim.o
 .debug_macro   0x00000000000222fe      0x21e ./Core/Src/usart.o
 .debug_macro   0x000000000002251c      0x26a ./Drivers/STM32F4xx_HAL_Driver/Src/stm32f4xx_hal.o
 .debug_macro   0x0000000000022786      0x20b ./Drivers/STM32F4xx_HAL_Driver/Src/stm32f4xx_hal_adc.o
 .debug_macro   0x0000000000022991      0x20a ./Drivers/STM32F4xx_HAL_Driver/Src/stm32f4xx_hal_cortex.o
 .debug_macro   0x0000000000022b9b      0x20b ./Drivers/STM32F4xx_HAL_Driver/Src/stm32f4xx_hal_dac.o
 .debug_macro   0x0000000000022da6      0x210 ./Drivers/STM32F4xx_HAL_Driver/Src/stm32f4xx_hal_dma.o
 .debug_macro   0x0000000000022fb6      0x210 ./Drivers/STM32F4xx_HAL_Driver/Src/stm32f4xx_hal_gpio.o
 .debug_macro   0x00000000000231c6      0x22e ./Drivers/STM32F4xx_HAL_Driver/Src/stm32f4xx_hal_rcc.o
 .debug_macro   0x00000000000233f4      0x20b ./Drivers/STM32F4xx_HAL_Driver/Src/stm32f4xx_hal_tim.o
 .debug_macro   0x00000000000235ff      0x20a ./Drivers/STM32F4xx_HAL_Driver/Src/stm32f4xx_hal_tim_ex.o
 .debug_macro   0x0000000000023809      0x20b ./Drivers/STM32F4xx_HAL_Driver/Src/stm32f4xx_hal_uart.o

.debug_line     0x0000000000000000    0x13714
 .debug_line    0x0000000000000000      0x9bf ./Core/Src/7SEG.o
 .debug_line    0x00000000000009bf      0x815 ./Core/Src/adc.o
 .debug_line    0x00000000000011d4      0x78f ./Core/Src/dac.o
 .debug_line    0x0000000000001963      0x72f ./Core/Src/dma.o
 .debug_line    0x0000000000002092      0x769 ./Core/Src/gpio.o
 .debug_line    0x00000000000027fb      0xabf ./Core/Src/main.o
 .debug_line    0x00000000000032ba      0x733 ./Core/Src/stm32f4xx_hal_msp.o
 .debug_line    0x00000000000039ed      0x887 ./Core/Src/stm32f4xx_it.o
 .debug_line    0x0000000000004274      0x7b5 ./Core/Src/system_stm32f4xx.o
 .debug_line    0x0000000000004a29      0xb57 ./Core/Src/tim.o
 .debug_line    0x0000000000005580      0x79e ./Core/Src/usart.o
 .debug_line    0x0000000000005d1e       0x88 ./Core/Startup/startup_stm32f407vetx.o
 .debug_line    0x0000000000005da6      0xa1b ./Drivers/STM32F4xx_HAL_Driver/Src/stm32f4xx_hal.o
 .debug_line    0x00000000000067c1     0x1291 ./Drivers/STM32F4xx_HAL_Driver/Src/stm32f4xx_hal_adc.o
 .debug_line    0x0000000000007a52      0xcca ./Drivers/STM32F4xx_HAL_Driver/Src/stm32f4xx_hal_cortex.o
 .debug_line    0x000000000000871c      0xb6c ./Drivers/STM32F4xx_HAL_Driver/Src/stm32f4xx_hal_dac.o
 .debug_line    0x0000000000009288      0xf7f ./Drivers/STM32F4xx_HAL_Driver/Src/stm32f4xx_hal_dma.o
 .debug_line    0x000000000000a207      0xb8f ./Drivers/STM32F4xx_HAL_Driver/Src/stm32f4xx_hal_gpio.o
 .debug_line    0x000000000000ad96      0xd97 ./Drivers/STM32F4xx_HAL_Driver/Src/stm32f4xx_hal_rcc.o
 .debug_line    0x000000000000bb2d     0x370f ./Drivers/STM32F4xx_HAL_Driver/Src/stm32f4xx_hal_tim.o
 .debug_line    0x000000000000f23c     0x1a18 ./Drivers/STM32F4xx_HAL_Driver/Src/stm32f4xx_hal_tim_ex.o
 .debug_line    0x0000000000010c54     0x2ac0 ./Drivers/STM32F4xx_HAL_Driver/Src/stm32f4xx_hal_uart.o

.debug_str      0x0000000000000000    0xd9b1b
 .debug_str     0x0000000000000000    0xd1996 ./Core/Src/7SEG.o
                                      0xd1c1f (size before relaxing)
 .debug_str     0x00000000000d1996      0x499 ./Core/Src/adc.o
                                      0xd15d2 (size before relaxing)
 .debug_str     0x00000000000d1e2f      0x1b8 ./Core/Src/dac.o
                                      0xd152f (size before relaxing)
 .debug_str     0x00000000000d1fe7      0x52c ./Core/Src/dma.o
                                      0xd158c (size before relaxing)
 .debug_str     0x00000000000d2513       0x2c ./Core/Src/gpio.o
                                      0xd165a (size before relaxing)
 .debug_str     0x00000000000d253f     0x45d1 ./Core/Src/main.o
                                      0xd6b3e (size before relaxing)
 .debug_str     0x00000000000d6b10       0x2c ./Core/Src/stm32f4xx_hal_msp.o
                                      0xd106f (size before relaxing)
 .debug_str     0x00000000000d6b3c      0x18d ./Core/Src/stm32f4xx_it.o
                                      0xd1800 (size before relaxing)
 .debug_str     0x00000000000d6cc9       0xdb ./Core/Src/system_stm32f4xx.o
                                      0xd111f (size before relaxing)
 .debug_str     0x00000000000d6da4      0x21e ./Core/Src/tim.o
                                      0xd1df0 (size before relaxing)
 .debug_str     0x00000000000d6fc2       0x51 ./Core/Src/usart.o
                                      0xd1adb (size before relaxing)
 .debug_str     0x00000000000d7013       0x36 ./Core/Startup/startup_stm32f407vetx.o
                                         0x64 (size before relaxing)
 .debug_str     0x00000000000d7049      0x617 ./Drivers/STM32F4xx_HAL_Driver/Src/stm32f4xx_hal.o
                                      0xd1ca3 (size before relaxing)
 .debug_str     0x00000000000d7660      0x2d0 ./Drivers/STM32F4xx_HAL_Driver/Src/stm32f4xx_hal_adc.o
                                      0xd170c (size before relaxing)
 .debug_str     0x00000000000d7930      0x326 ./Drivers/STM32F4xx_HAL_Driver/Src/stm32f4xx_hal_cortex.o
                                      0xd19d6 (size before relaxing)
 .debug_str     0x00000000000d7c56      0x1dd ./Drivers/STM32F4xx_HAL_Driver/Src/stm32f4xx_hal_dac.o
                                      0xd1591 (size before relaxing)
 .debug_str     0x00000000000d7e33      0x2d5 ./Drivers/STM32F4xx_HAL_Driver/Src/stm32f4xx_hal_dma.o
                                      0xd1539 (size before relaxing)
 .debug_str     0x00000000000d8108       0xd5 ./Drivers/STM32F4xx_HAL_Driver/Src/stm32f4xx_hal_gpio.o
                                      0xd129a (size before relaxing)
 .debug_str     0x00000000000d81dd      0x233 ./Drivers/STM32F4xx_HAL_Driver/Src/stm32f4xx_hal_rcc.o
                                      0xd1553 (size before relaxing)
 .debug_str     0x00000000000d8410      0xcd4 ./Drivers/STM32F4xx_HAL_Driver/Src/stm32f4xx_hal_tim.o
                                      0xd2499 (size before relaxing)
 .debug_str     0x00000000000d90e4      0x493 ./Drivers/STM32F4xx_HAL_Driver/Src/stm32f4xx_hal_tim_ex.o
                                      0xd1cb5 (size before relaxing)
 .debug_str     0x00000000000d9577      0x5a4 ./Drivers/STM32F4xx_HAL_Driver/Src/stm32f4xx_hal_uart.o
                                      0xd1af2 (size before relaxing)

.comment        0x0000000000000000       0x50
 .comment       0x0000000000000000       0x50 ./Core/Src/7SEG.o
                                         0x51 (size before relaxing)
 .comment       0x0000000000000050       0x51 ./Core/Src/adc.o
 .comment       0x0000000000000050       0x51 ./Core/Src/dac.o
 .comment       0x0000000000000050       0x51 ./Core/Src/dma.o
 .comment       0x0000000000000050       0x51 ./Core/Src/gpio.o
 .comment       0x0000000000000050       0x51 ./Core/Src/main.o
 .comment       0x0000000000000050       0x51 ./Core/Src/stm32f4xx_hal_msp.o
 .comment       0x0000000000000050       0x51 ./Core/Src/stm32f4xx_it.o
 .comment       0x0000000000000050       0x51 ./Core/Src/system_stm32f4xx.o
 .comment       0x0000000000000050       0x51 ./Core/Src/tim.o
 .comment       0x0000000000000050       0x51 ./Core/Src/usart.o
 .comment       0x0000000000000050       0x51 ./Drivers/STM32F4xx_HAL_Driver/Src/stm32f4xx_hal.o
 .comment       0x0000000000000050       0x51 ./Drivers/STM32F4xx_HAL_Driver/Src/stm32f4xx_hal_adc.o
 .comment       0x0000000000000050       0x51 ./Drivers/STM32F4xx_HAL_Driver/Src/stm32f4xx_hal_cortex.o
 .comment       0x0000000000000050       0x51 ./Drivers/STM32F4xx_HAL_Driver/Src/stm32f4xx_hal_dac.o
 .comment       0x0000000000000050       0x51 ./Drivers/STM32F4xx_HAL_Driver/Src/stm32f4xx_hal_dma.o
 .comment       0x0000000000000050       0x51 ./Drivers/STM32F4xx_HAL_Driver/Src/stm32f4xx_hal_gpio.o
 .comment       0x0000000000000050       0x51 ./Drivers/STM32F4xx_HAL_Driver/Src/stm32f4xx_hal_rcc.o
 .comment       0x0000000000000050       0x51 ./Drivers/STM32F4xx_HAL_Driver/Src/stm32f4xx_hal_tim.o
 .comment       0x0000000000000050       0x51 ./Drivers/STM32F4xx_HAL_Driver/Src/stm32f4xx_hal_tim_ex.o
 .comment       0x0000000000000050       0x51 ./Drivers/STM32F4xx_HAL_Driver/Src/stm32f4xx_hal_uart.o

.debug_frame    0x0000000000000000     0x3d84
 .debug_frame   0x0000000000000000       0x5c ./Core/Src/7SEG.o
 .debug_frame   0x000000000000005c       0x7c ./Core/Src/adc.o
 .debug_frame   0x00000000000000d8       0x7c ./Core/Src/dac.o
 .debug_frame   0x0000000000000154       0x34 ./Core/Src/dma.o
 .debug_frame   0x0000000000000188       0x34 ./Core/Src/gpio.o
 .debug_frame   0x00000000000001bc      0x11c ./Core/Src/main.o
 .debug_frame   0x00000000000002d8       0x38 ./Core/Src/stm32f4xx_hal_msp.o
 .debug_frame   0x0000000000000310      0x1ac ./Core/Src/stm32f4xx_it.o
 .debug_frame   0x00000000000004bc       0x58 ./Core/Src/system_stm32f4xx.o
 .debug_frame   0x0000000000000514      0x158 ./Core/Src/tim.o
 .debug_frame   0x000000000000066c       0x74 ./Core/Src/usart.o
 .debug_frame   0x00000000000006e0      0x374 ./Drivers/STM32F4xx_HAL_Driver/Src/stm32f4xx_hal.o
 .debug_frame   0x0000000000000a54      0x3fc ./Drivers/STM32F4xx_HAL_Driver/Src/stm32f4xx_hal_adc.o
 .debug_frame   0x0000000000000e50      0x498 ./Drivers/STM32F4xx_HAL_Driver/Src/stm32f4xx_hal_cortex.o
 .debug_frame   0x00000000000012e8      0x338 ./Drivers/STM32F4xx_HAL_Driver/Src/stm32f4xx_hal_dac.o
 .debug_frame   0x0000000000001620      0x250 ./Drivers/STM32F4xx_HAL_Driver/Src/stm32f4xx_hal_dma.o
 .debug_frame   0x0000000000001870      0x14c ./Drivers/STM32F4xx_HAL_Driver/Src/stm32f4xx_hal_gpio.o
 .debug_frame   0x00000000000019bc      0x1f4 ./Drivers/STM32F4xx_HAL_Driver/Src/stm32f4xx_hal_rcc.o
 .debug_frame   0x0000000000001bb0     0x11c4 ./Drivers/STM32F4xx_HAL_Driver/Src/stm32f4xx_hal_tim.o
 .debug_frame   0x0000000000002d74      0x638 ./Drivers/STM32F4xx_HAL_Driver/Src/stm32f4xx_hal_tim_ex.o
 .debug_frame   0x00000000000033ac      0x92c ./Drivers/STM32F4xx_HAL_Driver/Src/stm32f4xx_hal_uart.o
 .debug_frame   0x0000000000003cd8       0x2c c:/st/stm32cubeide_1.10.1/stm32cubeide/plugins/com.st.stm32cube.ide.mcu.externaltools.gnu-tools-for-stm32.10.3-2021.10.win32_1.0.0.202111181127/tools/bin/../lib/gcc/arm-none-eabi/10.3.1/../../../../arm-none-eabi/lib/thumb/v7e-m+fp/hard\libc_nano.a(lib_a-init.o)
 .debug_frame   0x0000000000003d04       0x20 c:/st/stm32cubeide_1.10.1/stm32cubeide/plugins/com.st.stm32cube.ide.mcu.externaltools.gnu-tools-for-stm32.10.3-2021.10.win32_1.0.0.202111181127/tools/bin/../lib/gcc/arm-none-eabi/10.3.1/../../../../arm-none-eabi/lib/thumb/v7e-m+fp/hard\libc_nano.a(lib_a-memset.o)
 .debug_frame   0x0000000000003d24       0x2c c:/st/stm32cubeide_1.10.1/stm32cubeide/plugins/com.st.stm32cube.ide.mcu.externaltools.gnu-tools-for-stm32.10.3-2021.10.win32_1.0.0.202111181127/tools/bin/../lib/gcc/arm-none-eabi/10.3.1/thumb/v7e-m+fp/hard\libgcc.a(_aeabi_uldivmod.o)
 .debug_frame   0x0000000000003d50       0x34 c:/st/stm32cubeide_1.10.1/stm32cubeide/plugins/com.st.stm32cube.ide.mcu.externaltools.gnu-tools-for-stm32.10.3-2021.10.win32_1.0.0.202111181127/tools/bin/../lib/gcc/arm-none-eabi/10.3.1/thumb/v7e-m+fp/hard\libgcc.a(_udivmoddi4.o)
